Component: ARM Compiler 5.06 update 6 (build 750) Tool: armlink [4d35ed]

==============================================================================

Section Cross References

    stm32f10x_gpio.o(.text) refers to stm32f10x_rcc.o(.text) for RCC_APB2PeriphResetCmd
    stm32f10x_rcc.o(.text) refers to stm32f10x_rcc.o(.data) for APBAHBPrescTable
    stm32f10x_spi.o(.text) refers to stm32f10x_rcc.o(.text) for RCC_APB2PeriphResetCmd
    stm32f10x_tim.o(.text) refers to stm32f10x_rcc.o(.text) for RCC_APB2PeriphResetCmd
    stm32f10x_usart.o(.text) refers to stm32f10x_rcc.o(.text) for RCC_APB2PeriphResetCmd
    system_stm32f10x.o(.text) refers to system_stm32f10x.o(.data) for SystemCoreClock
    startup_stm32f10x_hd.o(RESET) refers to startup_stm32f10x_hd.o(STACK) for __initial_sp
    startup_stm32f10x_hd.o(RESET) refers to startup_stm32f10x_hd.o(.text) for Reset_Handler
    startup_stm32f10x_hd.o(RESET) refers to stm32f10x_it.o(.text) for NMI_Handler
    startup_stm32f10x_hd.o(RESET) refers to usart.o(.text) for USART1_IRQHandler
    startup_stm32f10x_hd.o(.text) refers to system_stm32f10x.o(.text) for SystemInit
    startup_stm32f10x_hd.o(.text) refers to entry.o(.ARM.Collect$$$$00000000) for __main
    main.o(.text) refers to ult.o(.text) for Systick_Init
    main.o(.text) refers to usart.o(.text) for NVIC_Configuration
    main.o(.text) refers to device.o(.text) for GPIO_Configuration
    main.o(.text) refers to spi2.o(.text) for WIZ_SPI_Init
    main.o(.text) refers to printf3.o(i.__0printf$3) for __2printf
    main.o(.text) refers to dns.o(.text) for check_usart_buf
    device.o(.text) refers to stm32f10x_rcc.o(.text) for RCC_APB2PeriphClockCmd
    device.o(.text) refers to stm32f10x_gpio.o(.text) for GPIO_Init
    device.o(.text) refers to ult.o(.text) for Delay_us
    device.o(.text) refers to w5500.o(.text) for setSHAR
    device.o(.text) refers to printf3.o(i.__0printf$3) for __2printf
    device.o(.text) refers to device.o(.bss) for ConfigMsg
    device.o(.text) refers to device.o(.data) for rxsize
    socket.o(.text) refers to w5500.o(.text) for IINCHIP_WRITE
    socket.o(.text) refers to printf3.o(i.__0printf$3) for __2printf
    socket.o(.text) refers to socket.o(.data) for local_port
    spi2.o(.text) refers to stm32f10x_rcc.o(.text) for RCC_APB1PeriphClockCmd
    spi2.o(.text) refers to stm32f10x_gpio.o(.text) for GPIO_Init
    spi2.o(.text) refers to stm32f10x_spi.o(.text) for SPI_Init
    ult.o(.text) refers to memseta.o(.text) for __aeabi_memset
    ult.o(.text) refers to strstr.o(.text) for strstr
    ult.o(.text) refers to strlen.o(.text) for strlen
    ult.o(.text) refers to strncpy.o(.text) for strncpy
    ult.o(.text) refers to strcpy.o(.text) for strcpy
    ult.o(.text) refers to strtok.o(.text) for strtok
    ult.o(.text) refers to printf3.o(i.__0sprintf$3) for __2sprintf
    ult.o(.text) refers to printfa.o(i.__0printf) for __c89printf
    ult.o(.text) refers to w5500.o(.text) for IINCHIP_READ
    ult.o(.text) refers to ult.o(.data) for fac_us
    ult.o(.text) refers to ult.o(.bss) for addr_str
    w5500.o(.text) refers to spi2.o(.text) for WIZ_CS
    w5500.o(.text) refers to printf3.o(i.__0printf$3) for __2printf
    w5500.o(.text) refers to w5500.o(.data) for I_STATUS
    w5500.o(.text) refers to w5500.o(.bss) for RSIZE
    dns.o(.text) refers to ult.o(.text) for htons
    dns.o(.text) refers to strlen.o(.text) for strlen
    dns.o(.text) refers to strchr.o(.text) for strchr
    dns.o(.text) refers to strncpy.o(.text) for strncpy
    dns.o(.text) refers to w5500.o(.text) for getSn_SR
    dns.o(.text) refers to socket.o(.text) for recvfrom
    dns.o(.text) refers to dns.o(.data) for MSG_ID
    dns.o(.text) refers to dns.o(.bss) for BUFPUB
    dns.o(.text) refers to device.o(.bss) for ConfigMsg
    dns.o(.text) refers to memcmp.o(.text) for memcmp
    dns.o(.text) refers to printf3.o(i.__0printf$3) for __2printf
    dns.o(.text) refers to memcpya.o(.text) for __aeabi_memcpy
    dns.o(.text) refers to memseta.o(.text) for __aeabi_memclr
    dns.o(.text) refers to usart.o(.data) for USART_RX_STA
    dns.o(.text) refers to usart.o(.bss) for USART_RX_BUF
    usart.o(.text) refers to stm32f10x_rcc.o(.text) for RCC_APB2PeriphClockCmd
    usart.o(.text) refers to stm32f10x_gpio.o(.text) for GPIO_Init
    usart.o(.text) refers to stm32f10x_usart.o(.text) for USART_ITConfig
    usart.o(.text) refers to misc.o(.text) for NVIC_PriorityGroupConfig
    usart.o(.text) refers to usart.o(.data) for USART_RX_STA
    usart.o(.text) refers to usart.o(.bss) for USART_RX_BUF
    entry.o(.ARM.Collect$$$$00000000) refers (Special) to entry10a.o(.ARM.Collect$$$$0000000D) for __rt_final_cpp
    entry.o(.ARM.Collect$$$$00000000) refers (Special) to entry11a.o(.ARM.Collect$$$$0000000F) for __rt_final_exit
    entry.o(.ARM.Collect$$$$00000000) refers (Special) to entry7b.o(.ARM.Collect$$$$00000008) for _main_clock
    entry.o(.ARM.Collect$$$$00000000) refers (Special) to entry8b.o(.ARM.Collect$$$$0000000A) for _main_cpp_init
    entry.o(.ARM.Collect$$$$00000000) refers (Special) to entry9a.o(.ARM.Collect$$$$0000000B) for _main_init
    entry.o(.ARM.Collect$$$$00000000) refers (Special) to entry5.o(.ARM.Collect$$$$00000004) for _main_scatterload
    entry.o(.ARM.Collect$$$$00000000) refers (Special) to entry2.o(.ARM.Collect$$$$00000001) for _main_stk
    strtok.o(.text) refers to strtok.o(.data) for .data
    strtok_r.o(.text) refers to strtok_r.o(.data) for .data
    printfb.o(i.__0fprintf$bare) refers to printfb.o(i._printf_core) for _printf_core
    printfb.o(i.__0fprintf$bare) refers to usart.o(.text) for fputc
    printfb.o(i.__0printf$bare) refers to printfb.o(i._printf_core) for _printf_core
    printfb.o(i.__0printf$bare) refers to usart.o(.text) for fputc
    printfb.o(i.__0printf$bare) refers to stdout.o(.data) for __stdout
    printfb.o(i.__0snprintf$bare) refers to printfb.o(i._printf_core) for _printf_core
    printfb.o(i.__0snprintf$bare) refers to printfb.o(i._snputc) for _snputc
    printfb.o(i.__0sprintf$bare) refers to printfb.o(i._printf_core) for _printf_core
    printfb.o(i.__0sprintf$bare) refers to printfb.o(i._sputc) for _sputc
    printfb.o(i.__0vfprintf$bare) refers to printfb.o(i._printf_core) for _printf_core
    printfb.o(i.__0vfprintf$bare) refers to usart.o(.text) for fputc
    printfb.o(i.__0vprintf$bare) refers to printfb.o(i._printf_core) for _printf_core
    printfb.o(i.__0vprintf$bare) refers to usart.o(.text) for fputc
    printfb.o(i.__0vprintf$bare) refers to stdout.o(.data) for __stdout
    printfb.o(i.__0vsnprintf$bare) refers to printfb.o(i._printf_core) for _printf_core
    printfb.o(i.__0vsnprintf$bare) refers to printfb.o(i._snputc) for _snputc
    printfb.o(i.__0vsprintf$bare) refers to printfb.o(i._printf_core) for _printf_core
    printfb.o(i.__0vsprintf$bare) refers to printfb.o(i._sputc) for _sputc
    printf0.o(i.__0fprintf$0) refers to printf0.o(i._printf_core) for _printf_core
    printf0.o(i.__0fprintf$0) refers to usart.o(.text) for fputc
    printf0.o(i.__0printf$0) refers to printf0.o(i._printf_core) for _printf_core
    printf0.o(i.__0printf$0) refers to usart.o(.text) for fputc
    printf0.o(i.__0printf$0) refers to stdout.o(.data) for __stdout
    printf0.o(i.__0snprintf$0) refers to printf0.o(i._printf_core) for _printf_core
    printf0.o(i.__0snprintf$0) refers to printf0.o(i._snputc) for _snputc
    printf0.o(i.__0sprintf$0) refers to printf0.o(i._printf_core) for _printf_core
    printf0.o(i.__0sprintf$0) refers to printf0.o(i._sputc) for _sputc
    printf0.o(i.__0vfprintf$0) refers to printf0.o(i._printf_core) for _printf_core
    printf0.o(i.__0vfprintf$0) refers to usart.o(.text) for fputc
    printf0.o(i.__0vprintf$0) refers to printf0.o(i._printf_core) for _printf_core
    printf0.o(i.__0vprintf$0) refers to usart.o(.text) for fputc
    printf0.o(i.__0vprintf$0) refers to stdout.o(.data) for __stdout
    printf0.o(i.__0vsnprintf$0) refers to printf0.o(i._printf_core) for _printf_core
    printf0.o(i.__0vsnprintf$0) refers to printf0.o(i._snputc) for _snputc
    printf0.o(i.__0vsprintf$0) refers to printf0.o(i._printf_core) for _printf_core
    printf0.o(i.__0vsprintf$0) refers to printf0.o(i._sputc) for _sputc
    printf1.o(i.__0fprintf$1) refers to printf1.o(i._printf_core) for _printf_core
    printf1.o(i.__0fprintf$1) refers to usart.o(.text) for fputc
    printf1.o(i.__0printf$1) refers to printf1.o(i._printf_core) for _printf_core
    printf1.o(i.__0printf$1) refers to usart.o(.text) for fputc
    printf1.o(i.__0printf$1) refers to stdout.o(.data) for __stdout
    printf1.o(i.__0snprintf$1) refers to printf1.o(i._printf_core) for _printf_core
    printf1.o(i.__0snprintf$1) refers to printf1.o(i._snputc) for _snputc
    printf1.o(i.__0sprintf$1) refers to printf1.o(i._printf_core) for _printf_core
    printf1.o(i.__0sprintf$1) refers to printf1.o(i._sputc) for _sputc
    printf1.o(i.__0vfprintf$1) refers to printf1.o(i._printf_core) for _printf_core
    printf1.o(i.__0vfprintf$1) refers to usart.o(.text) for fputc
    printf1.o(i.__0vprintf$1) refers to printf1.o(i._printf_core) for _printf_core
    printf1.o(i.__0vprintf$1) refers to usart.o(.text) for fputc
    printf1.o(i.__0vprintf$1) refers to stdout.o(.data) for __stdout
    printf1.o(i.__0vsnprintf$1) refers to printf1.o(i._printf_core) for _printf_core
    printf1.o(i.__0vsnprintf$1) refers to printf1.o(i._snputc) for _snputc
    printf1.o(i.__0vsprintf$1) refers to printf1.o(i._printf_core) for _printf_core
    printf1.o(i.__0vsprintf$1) refers to printf1.o(i._sputc) for _sputc
    printf1.o(i._printf_core) refers to uidiv.o(.text) for __aeabi_uidivmod
    printf2.o(i.__0fprintf$2) refers to printf2.o(i._printf_core) for _printf_core
    printf2.o(i.__0fprintf$2) refers to usart.o(.text) for fputc
    printf2.o(i.__0printf$2) refers to printf2.o(i._printf_core) for _printf_core
    printf2.o(i.__0printf$2) refers to usart.o(.text) for fputc
    printf2.o(i.__0printf$2) refers to stdout.o(.data) for __stdout
    printf2.o(i.__0snprintf$2) refers to printf2.o(i._printf_core) for _printf_core
    printf2.o(i.__0snprintf$2) refers to printf2.o(i._snputc) for _snputc
    printf2.o(i.__0sprintf$2) refers to printf2.o(i._printf_core) for _printf_core
    printf2.o(i.__0sprintf$2) refers to printf2.o(i._sputc) for _sputc
    printf2.o(i.__0vfprintf$2) refers to printf2.o(i._printf_core) for _printf_core
    printf2.o(i.__0vfprintf$2) refers to usart.o(.text) for fputc
    printf2.o(i.__0vprintf$2) refers to printf2.o(i._printf_core) for _printf_core
    printf2.o(i.__0vprintf$2) refers to usart.o(.text) for fputc
    printf2.o(i.__0vprintf$2) refers to stdout.o(.data) for __stdout
    printf2.o(i.__0vsnprintf$2) refers to printf2.o(i._printf_core) for _printf_core
    printf2.o(i.__0vsnprintf$2) refers to printf2.o(i._snputc) for _snputc
    printf2.o(i.__0vsprintf$2) refers to printf2.o(i._printf_core) for _printf_core
    printf2.o(i.__0vsprintf$2) refers to printf2.o(i._sputc) for _sputc
    printf3.o(i.__0fprintf$3) refers to printf3.o(i._printf_core) for _printf_core
    printf3.o(i.__0fprintf$3) refers to usart.o(.text) for fputc
    printf3.o(i.__0printf$3) refers to printf3.o(i._printf_core) for _printf_core
    printf3.o(i.__0printf$3) refers to usart.o(.text) for fputc
    printf3.o(i.__0printf$3) refers to stdout.o(.data) for __stdout
    printf3.o(i.__0snprintf$3) refers to printf3.o(i._printf_core) for _printf_core
    printf3.o(i.__0snprintf$3) refers to printf3.o(i._snputc) for _snputc
    printf3.o(i.__0sprintf$3) refers to printf3.o(i._printf_core) for _printf_core
    printf3.o(i.__0sprintf$3) refers to printf3.o(i._sputc) for _sputc
    printf3.o(i.__0vfprintf$3) refers to printf3.o(i._printf_core) for _printf_core
    printf3.o(i.__0vfprintf$3) refers to usart.o(.text) for fputc
    printf3.o(i.__0vprintf$3) refers to printf3.o(i._printf_core) for _printf_core
    printf3.o(i.__0vprintf$3) refers to usart.o(.text) for fputc
    printf3.o(i.__0vprintf$3) refers to stdout.o(.data) for __stdout
    printf3.o(i.__0vsnprintf$3) refers to printf3.o(i._printf_core) for _printf_core
    printf3.o(i.__0vsnprintf$3) refers to printf3.o(i._snputc) for _snputc
    printf3.o(i.__0vsprintf$3) refers to printf3.o(i._printf_core) for _printf_core
    printf3.o(i.__0vsprintf$3) refers to printf3.o(i._sputc) for _sputc
    printf3.o(i._printf_core) refers to uidiv.o(.text) for __aeabi_uidivmod
    printf4.o(i.__0fprintf$4) refers to printf4.o(i._printf_core) for _printf_core
    printf4.o(i.__0fprintf$4) refers to usart.o(.text) for fputc
    printf4.o(i.__0printf$4) refers to printf4.o(i._printf_core) for _printf_core
    printf4.o(i.__0printf$4) refers to usart.o(.text) for fputc
    printf4.o(i.__0printf$4) refers to stdout.o(.data) for __stdout
    printf4.o(i.__0snprintf$4) refers to printf4.o(i._printf_core) for _printf_core
    printf4.o(i.__0snprintf$4) refers to printf4.o(i._snputc) for _snputc
    printf4.o(i.__0sprintf$4) refers to printf4.o(i._printf_core) for _printf_core
    printf4.o(i.__0sprintf$4) refers to printf4.o(i._sputc) for _sputc
    printf4.o(i.__0vfprintf$4) refers to printf4.o(i._printf_core) for _printf_core
    printf4.o(i.__0vfprintf$4) refers to usart.o(.text) for fputc
    printf4.o(i.__0vprintf$4) refers to printf4.o(i._printf_core) for _printf_core
    printf4.o(i.__0vprintf$4) refers to usart.o(.text) for fputc
    printf4.o(i.__0vprintf$4) refers to stdout.o(.data) for __stdout
    printf4.o(i.__0vsnprintf$4) refers to printf4.o(i._printf_core) for _printf_core
    printf4.o(i.__0vsnprintf$4) refers to printf4.o(i._snputc) for _snputc
    printf4.o(i.__0vsprintf$4) refers to printf4.o(i._printf_core) for _printf_core
    printf4.o(i.__0vsprintf$4) refers to printf4.o(i._sputc) for _sputc
    printf4.o(i._printf_core) refers to uldiv.o(.text) for __aeabi_uldivmod
    printf5.o(i.__0fprintf$5) refers to printf5.o(i._printf_core) for _printf_core
    printf5.o(i.__0fprintf$5) refers to usart.o(.text) for fputc
    printf5.o(i.__0printf$5) refers to printf5.o(i._printf_core) for _printf_core
    printf5.o(i.__0printf$5) refers to usart.o(.text) for fputc
    printf5.o(i.__0printf$5) refers to stdout.o(.data) for __stdout
    printf5.o(i.__0snprintf$5) refers to printf5.o(i._printf_core) for _printf_core
    printf5.o(i.__0snprintf$5) refers to printf5.o(i._snputc) for _snputc
    printf5.o(i.__0sprintf$5) refers to printf5.o(i._printf_core) for _printf_core
    printf5.o(i.__0sprintf$5) refers to printf5.o(i._sputc) for _sputc
    printf5.o(i.__0vfprintf$5) refers to printf5.o(i._printf_core) for _printf_core
    printf5.o(i.__0vfprintf$5) refers to usart.o(.text) for fputc
    printf5.o(i.__0vprintf$5) refers to printf5.o(i._printf_core) for _printf_core
    printf5.o(i.__0vprintf$5) refers to usart.o(.text) for fputc
    printf5.o(i.__0vprintf$5) refers to stdout.o(.data) for __stdout
    printf5.o(i.__0vsnprintf$5) refers to printf5.o(i._printf_core) for _printf_core
    printf5.o(i.__0vsnprintf$5) refers to printf5.o(i._snputc) for _snputc
    printf5.o(i.__0vsprintf$5) refers to printf5.o(i._printf_core) for _printf_core
    printf5.o(i.__0vsprintf$5) refers to printf5.o(i._sputc) for _sputc
    printf5.o(i._printf_core) refers to uldiv.o(.text) for __aeabi_uldivmod
    printf6.o(i.__0fprintf$6) refers to printf6.o(i._printf_core) for _printf_core
    printf6.o(i.__0fprintf$6) refers to usart.o(.text) for fputc
    printf6.o(i.__0printf$6) refers to printf6.o(i._printf_core) for _printf_core
    printf6.o(i.__0printf$6) refers to usart.o(.text) for fputc
    printf6.o(i.__0printf$6) refers to stdout.o(.data) for __stdout
    printf6.o(i.__0snprintf$6) refers to printf6.o(i._printf_core) for _printf_core
    printf6.o(i.__0snprintf$6) refers to printf6.o(i._snputc) for _snputc
    printf6.o(i.__0sprintf$6) refers to printf6.o(i._printf_core) for _printf_core
    printf6.o(i.__0sprintf$6) refers to printf6.o(i._sputc) for _sputc
    printf6.o(i.__0vfprintf$6) refers to printf6.o(i._printf_core) for _printf_core
    printf6.o(i.__0vfprintf$6) refers to usart.o(.text) for fputc
    printf6.o(i.__0vprintf$6) refers to printf6.o(i._printf_core) for _printf_core
    printf6.o(i.__0vprintf$6) refers to usart.o(.text) for fputc
    printf6.o(i.__0vprintf$6) refers to stdout.o(.data) for __stdout
    printf6.o(i.__0vsnprintf$6) refers to printf6.o(i._printf_core) for _printf_core
    printf6.o(i.__0vsnprintf$6) refers to printf6.o(i._snputc) for _snputc
    printf6.o(i.__0vsprintf$6) refers to printf6.o(i._printf_core) for _printf_core
    printf6.o(i.__0vsprintf$6) refers to printf6.o(i._sputc) for _sputc
    printf6.o(i._printf_core) refers to printf6.o(i._printf_pre_padding) for _printf_pre_padding
    printf6.o(i._printf_core) refers to uidiv.o(.text) for __aeabi_uidivmod
    printf6.o(i._printf_core) refers to printf6.o(i._printf_post_padding) for _printf_post_padding
    printf7.o(i.__0fprintf$7) refers to printf7.o(i._printf_core) for _printf_core
    printf7.o(i.__0fprintf$7) refers to usart.o(.text) for fputc
    printf7.o(i.__0printf$7) refers to printf7.o(i._printf_core) for _printf_core
    printf7.o(i.__0printf$7) refers to usart.o(.text) for fputc
    printf7.o(i.__0printf$7) refers to stdout.o(.data) for __stdout
    printf7.o(i.__0snprintf$7) refers to printf7.o(i._printf_core) for _printf_core
    printf7.o(i.__0snprintf$7) refers to printf7.o(i._snputc) for _snputc
    printf7.o(i.__0sprintf$7) refers to printf7.o(i._printf_core) for _printf_core
    printf7.o(i.__0sprintf$7) refers to printf7.o(i._sputc) for _sputc
    printf7.o(i.__0vfprintf$7) refers to printf7.o(i._printf_core) for _printf_core
    printf7.o(i.__0vfprintf$7) refers to usart.o(.text) for fputc
    printf7.o(i.__0vprintf$7) refers to printf7.o(i._printf_core) for _printf_core
    printf7.o(i.__0vprintf$7) refers to usart.o(.text) for fputc
    printf7.o(i.__0vprintf$7) refers to stdout.o(.data) for __stdout
    printf7.o(i.__0vsnprintf$7) refers to printf7.o(i._printf_core) for _printf_core
    printf7.o(i.__0vsnprintf$7) refers to printf7.o(i._snputc) for _snputc
    printf7.o(i.__0vsprintf$7) refers to printf7.o(i._printf_core) for _printf_core
    printf7.o(i.__0vsprintf$7) refers to printf7.o(i._sputc) for _sputc
    printf7.o(i._printf_core) refers to printf7.o(i._printf_pre_padding) for _printf_pre_padding
    printf7.o(i._printf_core) refers to uldiv.o(.text) for __aeabi_uldivmod
    printf7.o(i._printf_core) refers to printf7.o(i._printf_post_padding) for _printf_post_padding
    printf8.o(i.__0fprintf$8) refers to printf8.o(i._printf_core) for _printf_core
    printf8.o(i.__0fprintf$8) refers to usart.o(.text) for fputc
    printf8.o(i.__0printf$8) refers to printf8.o(i._printf_core) for _printf_core
    printf8.o(i.__0printf$8) refers to usart.o(.text) for fputc
    printf8.o(i.__0printf$8) refers to stdout.o(.data) for __stdout
    printf8.o(i.__0snprintf$8) refers to printf8.o(i._printf_core) for _printf_core
    printf8.o(i.__0snprintf$8) refers to printf8.o(i._snputc) for _snputc
    printf8.o(i.__0sprintf$8) refers to printf8.o(i._printf_core) for _printf_core
    printf8.o(i.__0sprintf$8) refers to printf8.o(i._sputc) for _sputc
    printf8.o(i.__0vfprintf$8) refers to printf8.o(i._printf_core) for _printf_core
    printf8.o(i.__0vfprintf$8) refers to usart.o(.text) for fputc
    printf8.o(i.__0vprintf$8) refers to printf8.o(i._printf_core) for _printf_core
    printf8.o(i.__0vprintf$8) refers to usart.o(.text) for fputc
    printf8.o(i.__0vprintf$8) refers to stdout.o(.data) for __stdout
    printf8.o(i.__0vsnprintf$8) refers to printf8.o(i._printf_core) for _printf_core
    printf8.o(i.__0vsnprintf$8) refers to printf8.o(i._snputc) for _snputc
    printf8.o(i.__0vsprintf$8) refers to printf8.o(i._printf_core) for _printf_core
    printf8.o(i.__0vsprintf$8) refers to printf8.o(i._sputc) for _sputc
    printf8.o(i._printf_core) refers to printf8.o(i._printf_pre_padding) for _printf_pre_padding
    printf8.o(i._printf_core) refers to uldiv.o(.text) for __aeabi_uldivmod
    printf8.o(i._printf_core) refers to printf8.o(i._printf_post_padding) for _printf_post_padding
    printfa.o(i.__0fprintf) refers (Special) to iusefp.o(.text) for __I$use$fp
    printfa.o(i.__0fprintf) refers to printfa.o(i._printf_core) for _printf_core
    printfa.o(i.__0fprintf) refers to usart.o(.text) for fputc
    printfa.o(i.__0printf) refers (Special) to iusefp.o(.text) for __I$use$fp
    printfa.o(i.__0printf) refers to printfa.o(i._printf_core) for _printf_core
    printfa.o(i.__0printf) refers to usart.o(.text) for fputc
    printfa.o(i.__0printf) refers to stdout.o(.data) for __stdout
    printfa.o(i.__0snprintf) refers (Special) to iusefp.o(.text) for __I$use$fp
    printfa.o(i.__0snprintf) refers to printfa.o(i._printf_core) for _printf_core
    printfa.o(i.__0snprintf) refers to printfa.o(i._snputc) for _snputc
    printfa.o(i.__0sprintf) refers (Special) to iusefp.o(.text) for __I$use$fp
    printfa.o(i.__0sprintf) refers to printfa.o(i._printf_core) for _printf_core
    printfa.o(i.__0sprintf) refers to printfa.o(i._sputc) for _sputc
    printfa.o(i.__0vfprintf) refers (Special) to iusefp.o(.text) for __I$use$fp
    printfa.o(i.__0vfprintf) refers to printfa.o(i._printf_core) for _printf_core
    printfa.o(i.__0vfprintf) refers to usart.o(.text) for fputc
    printfa.o(i.__0vprintf) refers (Special) to iusefp.o(.text) for __I$use$fp
    printfa.o(i.__0vprintf) refers to printfa.o(i._printf_core) for _printf_core
    printfa.o(i.__0vprintf) refers to usart.o(.text) for fputc
    printfa.o(i.__0vprintf) refers to stdout.o(.data) for __stdout
    printfa.o(i.__0vsnprintf) refers (Special) to iusefp.o(.text) for __I$use$fp
    printfa.o(i.__0vsnprintf) refers to printfa.o(i._printf_core) for _printf_core
    printfa.o(i.__0vsnprintf) refers to printfa.o(i._snputc) for _snputc
    printfa.o(i.__0vsprintf) refers (Special) to iusefp.o(.text) for __I$use$fp
    printfa.o(i.__0vsprintf) refers to printfa.o(i._printf_core) for _printf_core
    printfa.o(i.__0vsprintf) refers to printfa.o(i._sputc) for _sputc
    printfa.o(i._fp_digits) refers (Special) to iusefp.o(.text) for __I$use$fp
    printfa.o(i._fp_digits) refers to dmul.o(.text) for __aeabi_dmul
    printfa.o(i._fp_digits) refers to ddiv.o(.text) for __aeabi_ddiv
    printfa.o(i._fp_digits) refers to cdrcmple.o(.text) for __aeabi_cdrcmple
    printfa.o(i._fp_digits) refers to dadd.o(.text) for __aeabi_dadd
    printfa.o(i._fp_digits) refers to dfixul.o(.text) for __aeabi_d2ulz
    printfa.o(i._fp_digits) refers to uldiv.o(.text) for __aeabi_uldivmod
    printfa.o(i._printf_core) refers (Special) to iusefp.o(.text) for __I$use$fp
    printfa.o(i._printf_core) refers to printfa.o(i._printf_pre_padding) for _printf_pre_padding
    printfa.o(i._printf_core) refers to uldiv.o(.text) for __aeabi_uldivmod
    printfa.o(i._printf_core) refers to printfa.o(i._printf_post_padding) for _printf_post_padding
    printfa.o(i._printf_core) refers to printfa.o(i._fp_digits) for _fp_digits
    printfa.o(i._printf_core) refers to uidiv.o(.text) for __aeabi_uidivmod
    printfa.o(i._printf_post_padding) refers (Special) to iusefp.o(.text) for __I$use$fp
    printfa.o(i._printf_pre_padding) refers (Special) to iusefp.o(.text) for __I$use$fp
    printfa.o(i._snputc) refers (Special) to iusefp.o(.text) for __I$use$fp
    printfa.o(i._sputc) refers (Special) to iusefp.o(.text) for __I$use$fp
    entry2.o(.ARM.Collect$$$$00000001) refers to entry2.o(.ARM.Collect$$$$00002712) for __lit__00000000
    entry2.o(.ARM.Collect$$$$00002712) refers to startup_stm32f10x_hd.o(STACK) for __initial_sp
    entry2.o(__vectab_stack_and_reset_area) refers to startup_stm32f10x_hd.o(STACK) for __initial_sp
    entry2.o(__vectab_stack_and_reset_area) refers to entry.o(.ARM.Collect$$$$00000000) for __main
    entry5.o(.ARM.Collect$$$$00000004) refers to init.o(.text) for __scatterload
    entry9a.o(.ARM.Collect$$$$0000000B) refers to main.o(.text) for main
    entry9b.o(.ARM.Collect$$$$0000000C) refers to main.o(.text) for main
    uldiv.o(.text) refers to llushr.o(.text) for __aeabi_llsr
    uldiv.o(.text) refers to llshl.o(.text) for __aeabi_llsl
    dadd.o(.text) refers to llshl.o(.text) for __aeabi_llsl
    dadd.o(.text) refers to llsshr.o(.text) for __aeabi_lasr
    dadd.o(.text) refers to depilogue.o(.text) for _double_epilogue
    dmul.o(.text) refers to depilogue.o(.text) for _double_epilogue
    ddiv.o(.text) refers to depilogue.o(.text) for _double_round
    dfixul.o(.text) refers to llushr.o(.text) for __aeabi_llsr
    dfixul.o(.text) refers to llshl.o(.text) for __aeabi_llsl
    init.o(.text) refers to entry5.o(.ARM.Collect$$$$00000004) for __main_after_scatterload
    depilogue.o(.text) refers to llshl.o(.text) for __aeabi_llsl
    depilogue.o(.text) refers to llushr.o(.text) for __aeabi_llsr


==============================================================================

Removing Unused input sections from the image.

    Removing stm32f10x_tim.o(.text), (3610 bytes).
    Removing core_cm3.o(.emb_text), (32 bytes).
    Removing startup_stm32f10x_hd.o(HEAP), (512 bytes).

3 unused section(s) (total 4154 bytes) removed from the image.

==============================================================================

Image Symbol Table

    Local Symbols

    Symbol Name                              Value     Ov Type        Size  Object(Section)

    ../clib/microlib/division.c              0x00000000   Number         0  uidiv.o ABSOLUTE
    ../clib/microlib/division.c              0x00000000   Number         0  uldiv.o ABSOLUTE
    ../clib/microlib/init/entry.s            0x00000000   Number         0  entry5.o ABSOLUTE
    ../clib/microlib/init/entry.s            0x00000000   Number         0  entry8a.o ABSOLUTE
    ../clib/microlib/init/entry.s            0x00000000   Number         0  entry10a.o ABSOLUTE
    ../clib/microlib/init/entry.s            0x00000000   Number         0  entry7b.o ABSOLUTE
    ../clib/microlib/init/entry.s            0x00000000   Number         0  entry.o ABSOLUTE
    ../clib/microlib/init/entry.s            0x00000000   Number         0  entry7a.o ABSOLUTE
    ../clib/microlib/init/entry.s            0x00000000   Number         0  entry8b.o ABSOLUTE
    ../clib/microlib/init/entry.s            0x00000000   Number         0  entry2.o ABSOLUTE
    ../clib/microlib/init/entry.s            0x00000000   Number         0  entry9b.o ABSOLUTE
    ../clib/microlib/init/entry.s            0x00000000   Number         0  entry9a.o ABSOLUTE
    ../clib/microlib/init/entry.s            0x00000000   Number         0  entry11b.o ABSOLUTE
    ../clib/microlib/init/entry.s            0x00000000   Number         0  entry11a.o ABSOLUTE
    ../clib/microlib/init/entry.s            0x00000000   Number         0  entry10b.o ABSOLUTE
    ../clib/microlib/longlong.c              0x00000000   Number         0  llshl.o ABSOLUTE
    ../clib/microlib/longlong.c              0x00000000   Number         0  llushr.o ABSOLUTE
    ../clib/microlib/longlong.c              0x00000000   Number         0  llsshr.o ABSOLUTE
    ../clib/microlib/printf/printf.c         0x00000000   Number         0  printfa.o ABSOLUTE
    ../clib/microlib/printf/printf.c         0x00000000   Number         0  printfb.o ABSOLUTE
    ../clib/microlib/printf/printf.c         0x00000000   Number         0  printf8.o ABSOLUTE
    ../clib/microlib/printf/printf.c         0x00000000   Number         0  printf3.o ABSOLUTE
    ../clib/microlib/printf/printf.c         0x00000000   Number         0  printf1.o ABSOLUTE
    ../clib/microlib/printf/printf.c         0x00000000   Number         0  printf2.o ABSOLUTE
    ../clib/microlib/printf/printf.c         0x00000000   Number         0  printf5.o ABSOLUTE
    ../clib/microlib/printf/printf.c         0x00000000   Number         0  printf6.o ABSOLUTE
    ../clib/microlib/printf/printf.c         0x00000000   Number         0  printf7.o ABSOLUTE
    ../clib/microlib/printf/printf.c         0x00000000   Number         0  printf4.o ABSOLUTE
    ../clib/microlib/printf/printf.c         0x00000000   Number         0  printf0.o ABSOLUTE
    ../clib/microlib/printf/stubs.s          0x00000000   Number         0  stubs.o ABSOLUTE
    ../clib/microlib/stdio/streams.c         0x00000000   Number         0  stdout.o ABSOLUTE
    ../clib/microlib/string/memcmp.c         0x00000000   Number         0  memcmp.o ABSOLUTE
    ../clib/microlib/string/memcpy.c         0x00000000   Number         0  memcpyb.o ABSOLUTE
    ../clib/microlib/string/memcpy.c         0x00000000   Number         0  memcpya.o ABSOLUTE
    ../clib/microlib/string/memset.c         0x00000000   Number         0  memseta.o ABSOLUTE
    ../clib/microlib/string/strchr.c         0x00000000   Number         0  strchr.o ABSOLUTE
    ../clib/microlib/string/strcpy.c         0x00000000   Number         0  strcpy.o ABSOLUTE
    ../clib/microlib/string/strlen.c         0x00000000   Number         0  strlen.o ABSOLUTE
    ../clib/microlib/string/strncpy.c        0x00000000   Number         0  strncpy.o ABSOLUTE
    ../clib/microlib/string/strstr.c         0x00000000   Number         0  strstr.o ABSOLUTE
    ../clib/microlib/string/strtok.c         0x00000000   Number         0  strtok.o ABSOLUTE
    ../clib/microlib/string/strtok.c         0x00000000   Number         0  strtok_r.o ABSOLUTE
    ../clib/microlib/stubs.s                 0x00000000   Number         0  iusefp.o ABSOLUTE
    ../fplib/microlib/fpadd.c                0x00000000   Number         0  dadd.o ABSOLUTE
    ../fplib/microlib/fpdiv.c                0x00000000   Number         0  ddiv.o ABSOLUTE
    ../fplib/microlib/fpepilogue.c           0x00000000   Number         0  depilogue.o ABSOLUTE
    ../fplib/microlib/fpfix.c                0x00000000   Number         0  dfixul.o ABSOLUTE
    ../fplib/microlib/fpmul.c                0x00000000   Number         0  dmul.o ABSOLUTE
    ..\STM32XX_Driver\src\misc.c             0x00000000   Number         0  misc.o ABSOLUTE
    ..\STM32XX_Driver\src\stm32f10x_gpio.c   0x00000000   Number         0  stm32f10x_gpio.o ABSOLUTE
    ..\STM32XX_Driver\src\stm32f10x_rcc.c    0x00000000   Number         0  stm32f10x_rcc.o ABSOLUTE
    ..\STM32XX_Driver\src\stm32f10x_spi.c    0x00000000   Number         0  stm32f10x_spi.o ABSOLUTE
    ..\STM32XX_Driver\src\stm32f10x_tim.c    0x00000000   Number         0  stm32f10x_tim.o ABSOLUTE
    ..\STM32XX_Driver\src\stm32f10x_usart.c  0x00000000   Number         0  stm32f10x_usart.o ABSOLUTE
    ..\System\core_cm3.c                     0x00000000   Number         0  core_cm3.o ABSOLUTE
    ..\System\startup_stm32f10x_hd.s         0x00000000   Number         0  startup_stm32f10x_hd.o ABSOLUTE
    ..\System\system_stm32f10x.c             0x00000000   Number         0  system_stm32f10x.o ABSOLUTE
    ..\User\Application\main.c               0x00000000   Number         0  main.o ABSOLUTE
    ..\User\Application\stm32f10x_it.c       0x00000000   Number         0  stm32f10x_it.o ABSOLUTE
    ..\User\Driver\device.c                  0x00000000   Number         0  device.o ABSOLUTE
    ..\User\Driver\dns.c                     0x00000000   Number         0  dns.o ABSOLUTE
    ..\User\Driver\socket.c                  0x00000000   Number         0  socket.o ABSOLUTE
    ..\User\Driver\spi2.c                    0x00000000   Number         0  spi2.o ABSOLUTE
    ..\User\Driver\ult.c                     0x00000000   Number         0  ult.o ABSOLUTE
    ..\User\Driver\usart.c                   0x00000000   Number         0  usart.o ABSOLUTE
    ..\User\Driver\w5500.c                   0x00000000   Number         0  w5500.o ABSOLUTE
    ..\\System\\core_cm3.c                   0x00000000   Number         0  core_cm3.o ABSOLUTE
    cdrcmple.s                               0x00000000   Number         0  cdrcmple.o ABSOLUTE
    dc.s                                     0x00000000   Number         0  dc.o ABSOLUTE
    handlers.s                               0x00000000   Number         0  handlers.o ABSOLUTE
    init.s                                   0x00000000   Number         0  init.o ABSOLUTE
    RESET                                    0x08000000   Section      304  startup_stm32f10x_hd.o(RESET)
    .ARM.Collect$$$$00000000                 0x08000130   Section        0  entry.o(.ARM.Collect$$$$00000000)
    .ARM.Collect$$$$00000001                 0x08000130   Section        4  entry2.o(.ARM.Collect$$$$00000001)
    .ARM.Collect$$$$00000004                 0x08000134   Section        4  entry5.o(.ARM.Collect$$$$00000004)
    .ARM.Collect$$$$00000008                 0x08000138   Section        0  entry7b.o(.ARM.Collect$$$$00000008)
    .ARM.Collect$$$$0000000A                 0x08000138   Section        0  entry8b.o(.ARM.Collect$$$$0000000A)
    .ARM.Collect$$$$0000000B                 0x08000138   Section        8  entry9a.o(.ARM.Collect$$$$0000000B)
    .ARM.Collect$$$$0000000D                 0x08000140   Section        0  entry10a.o(.ARM.Collect$$$$0000000D)
    .ARM.Collect$$$$0000000F                 0x08000140   Section        0  entry11a.o(.ARM.Collect$$$$0000000F)
    .ARM.Collect$$$$00002712                 0x08000140   Section        4  entry2.o(.ARM.Collect$$$$00002712)
    __lit__00000000                          0x08000140   Data           4  entry2.o(.ARM.Collect$$$$00002712)
    .text                                    0x08000144   Section        0  misc.o(.text)
    .text                                    0x08000220   Section        0  stm32f10x_gpio.o(.text)
    .text                                    0x0800057c   Section        0  stm32f10x_rcc.o(.text)
    .text                                    0x08000920   Section        0  stm32f10x_spi.o(.text)
    .text                                    0x08000c2c   Section        0  stm32f10x_usart.o(.text)
    .text                                    0x08001034   Section        0  system_stm32f10x.o(.text)
    SetSysClockTo72                          0x08001035   Thumb Code   214  system_stm32f10x.o(.text)
    SetSysClock                              0x0800110b   Thumb Code     8  system_stm32f10x.o(.text)
    .text                                    0x08001214   Section       36  startup_stm32f10x_hd.o(.text)
    .text                                    0x08001238   Section        0  main.o(.text)
    .text                                    0x080012d8   Section        0  stm32f10x_it.o(.text)
    .text                                    0x080012f4   Section        0  device.o(.text)
    .text                                    0x08001500   Section        0  socket.o(.text)
    .text                                    0x08001b8c   Section        0  spi2.o(.text)
    .text                                    0x08001c88   Section        0  ult.o(.text)
    .text                                    0x080021c8   Section        0  w5500.o(.text)
    .text                                    0x080027ac   Section        0  dns.o(.text)
    .text                                    0x08002ddc   Section        0  usart.o(.text)
    .text                                    0x08002f78   Section        0  memcpya.o(.text)
    .text                                    0x08002f9c   Section        0  memseta.o(.text)
    .text                                    0x08002fc0   Section        0  strstr.o(.text)
    .text                                    0x08002fe4   Section        0  strncpy.o(.text)
    .text                                    0x08002ffc   Section        0  strchr.o(.text)
    .text                                    0x08003010   Section        0  strlen.o(.text)
    .text                                    0x0800301e   Section        0  memcmp.o(.text)
    .text                                    0x08003038   Section        0  strcpy.o(.text)
    .text                                    0x0800304c   Section        0  strtok.o(.text)
    .text                                    0x08003090   Section        0  uidiv.o(.text)
    .text                                    0x080030bc   Section        0  uldiv.o(.text)
    .text                                    0x0800311e   Section        0  iusefp.o(.text)
    .text                                    0x0800311e   Section        0  dadd.o(.text)
    .text                                    0x0800326c   Section        0  dmul.o(.text)
    .text                                    0x08003350   Section        0  ddiv.o(.text)
    .text                                    0x0800342e   Section        0  dfixul.o(.text)
    .text                                    0x08003460   Section       48  cdrcmple.o(.text)
    .text                                    0x08003490   Section       36  init.o(.text)
    .text                                    0x080034b4   Section        0  llshl.o(.text)
    .text                                    0x080034d2   Section        0  llushr.o(.text)
    .text                                    0x080034f2   Section        0  llsshr.o(.text)
    .text                                    0x08003516   Section        0  depilogue.o(.text)
    i.__0printf                              0x080035d0   Section        0  printfa.o(i.__0printf)
    i.__0printf$3                            0x080035f0   Section        0  printf3.o(i.__0printf$3)
    i.__0sprintf$3                           0x08003610   Section        0  printf3.o(i.__0sprintf$3)
    i.__scatterload_copy                     0x08003638   Section       14  handlers.o(i.__scatterload_copy)
    i.__scatterload_null                     0x08003646   Section        2  handlers.o(i.__scatterload_null)
    i.__scatterload_zeroinit                 0x08003648   Section       14  handlers.o(i.__scatterload_zeroinit)
    i._fp_digits                             0x08003658   Section        0  printfa.o(i._fp_digits)
    _fp_digits                               0x08003659   Thumb Code   366  printfa.o(i._fp_digits)
    i._printf_core                           0x080037dc   Section        0  printf3.o(i._printf_core)
    _printf_core                             0x080037dd   Thumb Code   436  printf3.o(i._printf_core)
    i._printf_core                           0x08003994   Section        0  printfa.o(i._printf_core)
    _printf_core                             0x08003995   Thumb Code  1744  printfa.o(i._printf_core)
    i._printf_post_padding                   0x08004070   Section        0  printfa.o(i._printf_post_padding)
    _printf_post_padding                     0x08004071   Thumb Code    36  printfa.o(i._printf_post_padding)
    i._printf_pre_padding                    0x08004094   Section        0  printfa.o(i._printf_pre_padding)
    _printf_pre_padding                      0x08004095   Thumb Code    46  printfa.o(i._printf_pre_padding)
    i._sputc                                 0x080040c2   Section        0  printf3.o(i._sputc)
    _sputc                                   0x080040c3   Thumb Code    10  printf3.o(i._sputc)
    .data                                    0x20000000   Section       20  stm32f10x_rcc.o(.data)
    APBAHBPrescTable                         0x20000000   Data          16  stm32f10x_rcc.o(.data)
    ADCPrescTable                            0x20000010   Data           4  stm32f10x_rcc.o(.data)
    .data                                    0x20000014   Section       20  system_stm32f10x.o(.data)
    .data                                    0x20000028   Section       38  device.o(.data)
    .data                                    0x2000004e   Section        2  socket.o(.data)
    local_port                               0x2000004e   Data           2  socket.o(.data)
    .data                                    0x20000050   Section        4  ult.o(.data)
    fac_us                                   0x20000050   Data           1  ult.o(.data)
    fac_ms                                   0x20000052   Data           2  ult.o(.data)
    .data                                    0x20000054   Section        8  w5500.o(.data)
    I_STATUS                                 0x20000054   Data           8  w5500.o(.data)
    .data                                    0x2000005c   Section       16  dns.o(.data)
    dns_wait_time                            0x20000068   Data           4  dns.o(.data)
    .data                                    0x2000006c   Section        2  usart.o(.data)
    .data                                    0x20000070   Section        4  strtok.o(.data)
    state                                    0x20000070   Data           4  strtok.o(.data)
    .data                                    0x20000074   Section        4  stdout.o(.data)
    .bss                                     0x20000078   Section     1652  device.o(.bss)
    .bss                                     0x200006ec   Section       48  ult.o(.bss)
    addr_str                                 0x200006ec   Data          32  ult.o(.bss)
    addr_str                                 0x2000070c   Data          16  ult.o(.bss)
    .bss                                     0x2000071c   Section       32  w5500.o(.bss)
    SSIZE                                    0x2000071c   Data          16  w5500.o(.bss)
    RSIZE                                    0x2000072c   Data          16  w5500.o(.bss)
    .bss                                     0x2000073c   Section     3072  dns.o(.bss)
    .bss                                     0x2000133c   Section     1224  usart.o(.bss)
    STACK                                    0x20001808   Section     1024  startup_stm32f10x_hd.o(STACK)

    Global Symbols

    Symbol Name                              Value     Ov Type        Size  Object(Section)

    BuildAttributes$$THM_ISAv4$P$D$K$B$S$PE$A:L22UL41UL21$X:L11$S22US41US21$IEEE1$IW$USESV6$~STKCKD$USESV7$~SHL$OSPACE$ROPI$EBA8$MICROLIB$REQ8$PRES8$EABIv2 0x00000000   Number         0  anon$$obj.o ABSOLUTE
    __ARM_use_no_argv                        0x00000000   Number         0  main.o ABSOLUTE
    _printf_a                                0x00000000   Number         0  stubs.o ABSOLUTE
    _printf_c                                0x00000000   Number         0  stubs.o ABSOLUTE
    _printf_charcount                        0x00000000   Number         0  stubs.o ABSOLUTE
    _printf_d                                0x00000000   Number         0  stubs.o ABSOLUTE
    _printf_e                                0x00000000   Number         0  stubs.o ABSOLUTE
    _printf_f                                0x00000000   Number         0  stubs.o ABSOLUTE
    _printf_flags                            0x00000000   Number         0  stubs.o ABSOLUTE
    _printf_fp_dec                           0x00000000   Number         0  stubs.o ABSOLUTE
    _printf_fp_hex                           0x00000000   Number         0  stubs.o ABSOLUTE
    _printf_g                                0x00000000   Number         0  stubs.o ABSOLUTE
    _printf_i                                0x00000000   Number         0  stubs.o ABSOLUTE
    _printf_int_dec                          0x00000000   Number         0  stubs.o ABSOLUTE
    _printf_l                                0x00000000   Number         0  stubs.o ABSOLUTE
    _printf_lc                               0x00000000   Number         0  stubs.o ABSOLUTE
    _printf_ll                               0x00000000   Number         0  stubs.o ABSOLUTE
    _printf_lld                              0x00000000   Number         0  stubs.o ABSOLUTE
    _printf_lli                              0x00000000   Number         0  stubs.o ABSOLUTE
    _printf_llo                              0x00000000   Number         0  stubs.o ABSOLUTE
    _printf_llu                              0x00000000   Number         0  stubs.o ABSOLUTE
    _printf_llx                              0x00000000   Number         0  stubs.o ABSOLUTE
    _printf_longlong_dec                     0x00000000   Number         0  stubs.o ABSOLUTE
    _printf_longlong_hex                     0x00000000   Number         0  stubs.o ABSOLUTE
    _printf_longlong_oct                     0x00000000   Number         0  stubs.o ABSOLUTE
    _printf_ls                               0x00000000   Number         0  stubs.o ABSOLUTE
    _printf_mbtowc                           0x00000000   Number         0  stubs.o ABSOLUTE
    _printf_n                                0x00000000   Number         0  stubs.o ABSOLUTE
    _printf_o                                0x00000000   Number         0  stubs.o ABSOLUTE
    _printf_p                                0x00000000   Number         0  stubs.o ABSOLUTE
    _printf_percent                          0x00000000   Number         0  stubs.o ABSOLUTE
    _printf_pre_padding                      0x00000000   Number         0  stubs.o ABSOLUTE
    _printf_return_value                     0x00000000   Number         0  stubs.o ABSOLUTE
    _printf_s                                0x00000000   Number         0  stubs.o ABSOLUTE
    _printf_sizespec                         0x00000000   Number         0  stubs.o ABSOLUTE
    _printf_str                              0x00000000   Number         0  stubs.o ABSOLUTE
    _printf_truncate_signed                  0x00000000   Number         0  stubs.o ABSOLUTE
    _printf_truncate_unsigned                0x00000000   Number         0  stubs.o ABSOLUTE
    _printf_u                                0x00000000   Number         0  stubs.o ABSOLUTE
    _printf_wc                               0x00000000   Number         0  stubs.o ABSOLUTE
    _printf_wctomb                           0x00000000   Number         0  stubs.o ABSOLUTE
    _printf_widthprec                        0x00000000   Number         0  stubs.o ABSOLUTE
    _printf_x                                0x00000000   Number         0  stubs.o ABSOLUTE
    __cpp_initialize__aeabi_                  - Undefined Weak Reference
    __cxa_finalize                            - Undefined Weak Reference
    __decompress                              - Undefined Weak Reference
    _clock_init                               - Undefined Weak Reference
    _microlib_exit                            - Undefined Weak Reference
    __Vectors_Size                           0x00000130   Number         0  startup_stm32f10x_hd.o ABSOLUTE
    __Vectors                                0x08000000   Data           4  startup_stm32f10x_hd.o(RESET)
    __Vectors_End                            0x08000130   Data           0  startup_stm32f10x_hd.o(RESET)
    __main                                   0x08000131   Thumb Code     0  entry.o(.ARM.Collect$$$$00000000)
    _main_stk                                0x08000131   Thumb Code     0  entry2.o(.ARM.Collect$$$$00000001)
    _main_scatterload                        0x08000135   Thumb Code     0  entry5.o(.ARM.Collect$$$$00000004)
    __main_after_scatterload                 0x08000139   Thumb Code     0  entry5.o(.ARM.Collect$$$$00000004)
    _main_clock                              0x08000139   Thumb Code     0  entry7b.o(.ARM.Collect$$$$00000008)
    _main_cpp_init                           0x08000139   Thumb Code     0  entry8b.o(.ARM.Collect$$$$0000000A)
    _main_init                               0x08000139   Thumb Code     0  entry9a.o(.ARM.Collect$$$$0000000B)
    __rt_final_cpp                           0x08000141   Thumb Code     0  entry10a.o(.ARM.Collect$$$$0000000D)
    __rt_final_exit                          0x08000141   Thumb Code     0  entry11a.o(.ARM.Collect$$$$0000000F)
    NVIC_PriorityGroupConfig                 0x08000145   Thumb Code    10  misc.o(.text)
    NVIC_Init                                0x0800014f   Thumb Code   100  misc.o(.text)
    NVIC_SetVectorTable                      0x080001b3   Thumb Code    14  misc.o(.text)
    NVIC_SystemLPConfig                      0x080001c1   Thumb Code    34  misc.o(.text)
    SysTick_CLKSourceConfig                  0x080001e3   Thumb Code    40  misc.o(.text)
    GPIO_DeInit                              0x08000221   Thumb Code   172  stm32f10x_gpio.o(.text)
    GPIO_AFIODeInit                          0x080002cd   Thumb Code    20  stm32f10x_gpio.o(.text)
    GPIO_Init                                0x080002e1   Thumb Code   278  stm32f10x_gpio.o(.text)
    GPIO_StructInit                          0x080003f7   Thumb Code    16  stm32f10x_gpio.o(.text)
    GPIO_ReadInputDataBit                    0x08000407   Thumb Code    18  stm32f10x_gpio.o(.text)
    GPIO_ReadInputData                       0x08000419   Thumb Code     8  stm32f10x_gpio.o(.text)
    GPIO_ReadOutputDataBit                   0x08000421   Thumb Code    18  stm32f10x_gpio.o(.text)
    GPIO_ReadOutputData                      0x08000433   Thumb Code     8  stm32f10x_gpio.o(.text)
    GPIO_SetBits                             0x0800043b   Thumb Code     4  stm32f10x_gpio.o(.text)
    GPIO_ResetBits                           0x0800043f   Thumb Code     4  stm32f10x_gpio.o(.text)
    GPIO_WriteBit                            0x08000443   Thumb Code    10  stm32f10x_gpio.o(.text)
    GPIO_Write                               0x0800044d   Thumb Code     4  stm32f10x_gpio.o(.text)
    GPIO_PinLockConfig                       0x08000451   Thumb Code    18  stm32f10x_gpio.o(.text)
    GPIO_EventOutputConfig                   0x08000463   Thumb Code    26  stm32f10x_gpio.o(.text)
    GPIO_EventOutputCmd                      0x0800047d   Thumb Code     6  stm32f10x_gpio.o(.text)
    GPIO_PinRemapConfig                      0x08000483   Thumb Code   138  stm32f10x_gpio.o(.text)
    GPIO_EXTILineConfig                      0x0800050d   Thumb Code    66  stm32f10x_gpio.o(.text)
    GPIO_ETH_MediaInterfaceConfig            0x0800054f   Thumb Code     8  stm32f10x_gpio.o(.text)
    RCC_DeInit                               0x0800057d   Thumb Code    64  stm32f10x_rcc.o(.text)
    RCC_HSEConfig                            0x080005bd   Thumb Code    70  stm32f10x_rcc.o(.text)
    RCC_GetFlagStatus                        0x08000603   Thumb Code    56  stm32f10x_rcc.o(.text)
    RCC_WaitForHSEStartUp                    0x0800063b   Thumb Code    56  stm32f10x_rcc.o(.text)
    RCC_AdjustHSICalibrationValue            0x08000673   Thumb Code    20  stm32f10x_rcc.o(.text)
    RCC_HSICmd                               0x08000687   Thumb Code     6  stm32f10x_rcc.o(.text)
    RCC_PLLConfig                            0x0800068d   Thumb Code    24  stm32f10x_rcc.o(.text)
    RCC_PLLCmd                               0x080006a5   Thumb Code     6  stm32f10x_rcc.o(.text)
    RCC_SYSCLKConfig                         0x080006ab   Thumb Code    18  stm32f10x_rcc.o(.text)
    RCC_GetSYSCLKSource                      0x080006bd   Thumb Code    10  stm32f10x_rcc.o(.text)
    RCC_HCLKConfig                           0x080006c7   Thumb Code    18  stm32f10x_rcc.o(.text)
    RCC_PCLK1Config                          0x080006d9   Thumb Code    18  stm32f10x_rcc.o(.text)
    RCC_PCLK2Config                          0x080006eb   Thumb Code    20  stm32f10x_rcc.o(.text)
    RCC_ITConfig                             0x080006ff   Thumb Code    26  stm32f10x_rcc.o(.text)
    RCC_USBCLKConfig                         0x08000719   Thumb Code     8  stm32f10x_rcc.o(.text)
    RCC_ADCCLKConfig                         0x08000721   Thumb Code    18  stm32f10x_rcc.o(.text)
    RCC_LSEConfig                            0x08000733   Thumb Code    50  stm32f10x_rcc.o(.text)
    RCC_LSICmd                               0x08000765   Thumb Code     6  stm32f10x_rcc.o(.text)
    RCC_RTCCLKConfig                         0x0800076b   Thumb Code    12  stm32f10x_rcc.o(.text)
    RCC_RTCCLKCmd                            0x08000777   Thumb Code     8  stm32f10x_rcc.o(.text)
    RCC_GetClocksFreq                        0x0800077f   Thumb Code   192  stm32f10x_rcc.o(.text)
    RCC_AHBPeriphClockCmd                    0x0800083f   Thumb Code    26  stm32f10x_rcc.o(.text)
    RCC_APB2PeriphClockCmd                   0x08000859   Thumb Code    26  stm32f10x_rcc.o(.text)
    RCC_APB1PeriphClockCmd                   0x08000873   Thumb Code    26  stm32f10x_rcc.o(.text)
    RCC_APB2PeriphResetCmd                   0x0800088d   Thumb Code    26  stm32f10x_rcc.o(.text)
    RCC_APB1PeriphResetCmd                   0x080008a7   Thumb Code    26  stm32f10x_rcc.o(.text)
    RCC_BackupResetCmd                       0x080008c1   Thumb Code     8  stm32f10x_rcc.o(.text)
    RCC_ClockSecuritySystemCmd               0x080008c9   Thumb Code     6  stm32f10x_rcc.o(.text)
    RCC_MCOConfig                            0x080008cf   Thumb Code     6  stm32f10x_rcc.o(.text)
    RCC_ClearFlag                            0x080008d5   Thumb Code    14  stm32f10x_rcc.o(.text)
    RCC_GetITStatus                          0x080008e3   Thumb Code    20  stm32f10x_rcc.o(.text)
    RCC_ClearITPendingBit                    0x080008f7   Thumb Code     6  stm32f10x_rcc.o(.text)
    SPI_I2S_DeInit                           0x08000921   Thumb Code    76  stm32f10x_spi.o(.text)
    SPI_Init                                 0x0800096d   Thumb Code    60  stm32f10x_spi.o(.text)
    I2S_Init                                 0x080009a9   Thumb Code   226  stm32f10x_spi.o(.text)
    SPI_StructInit                           0x08000a8b   Thumb Code    24  stm32f10x_spi.o(.text)
    I2S_StructInit                           0x08000aa3   Thumb Code    20  stm32f10x_spi.o(.text)
    SPI_Cmd                                  0x08000ab7   Thumb Code    24  stm32f10x_spi.o(.text)
    I2S_Cmd                                  0x08000acf   Thumb Code    24  stm32f10x_spi.o(.text)
    SPI_I2S_ITConfig                         0x08000ae7   Thumb Code    32  stm32f10x_spi.o(.text)
    SPI_I2S_DMACmd                           0x08000b07   Thumb Code    18  stm32f10x_spi.o(.text)
    SPI_I2S_SendData                         0x08000b19   Thumb Code     4  stm32f10x_spi.o(.text)
    SPI_I2S_ReceiveData                      0x08000b1d   Thumb Code     6  stm32f10x_spi.o(.text)
    SPI_NSSInternalSoftwareConfig            0x08000b23   Thumb Code    30  stm32f10x_spi.o(.text)
    SPI_SSOutputCmd                          0x08000b41   Thumb Code    24  stm32f10x_spi.o(.text)
    SPI_DataSizeConfig                       0x08000b59   Thumb Code    18  stm32f10x_spi.o(.text)
    SPI_TransmitCRC                          0x08000b6b   Thumb Code    10  stm32f10x_spi.o(.text)
    SPI_CalculateCRC                         0x08000b75   Thumb Code    24  stm32f10x_spi.o(.text)
    SPI_GetCRC                               0x08000b8d   Thumb Code    16  stm32f10x_spi.o(.text)
    SPI_GetCRCPolynomial                     0x08000b9d   Thumb Code     6  stm32f10x_spi.o(.text)
    SPI_BiDirectionalLineConfig              0x08000ba3   Thumb Code    28  stm32f10x_spi.o(.text)
    SPI_I2S_GetFlagStatus                    0x08000bbf   Thumb Code    18  stm32f10x_spi.o(.text)
    SPI_I2S_ClearFlag                        0x08000bd1   Thumb Code     6  stm32f10x_spi.o(.text)
    SPI_I2S_GetITStatus                      0x08000bd7   Thumb Code    52  stm32f10x_spi.o(.text)
    SPI_I2S_ClearITPendingBit                0x08000c0b   Thumb Code    20  stm32f10x_spi.o(.text)
    USART_DeInit                             0x08000c2d   Thumb Code   134  stm32f10x_usart.o(.text)
    USART_Init                               0x08000cb3   Thumb Code   210  stm32f10x_usart.o(.text)
    USART_StructInit                         0x08000d85   Thumb Code    24  stm32f10x_usart.o(.text)
    USART_ClockInit                          0x08000d9d   Thumb Code    34  stm32f10x_usart.o(.text)
    USART_ClockStructInit                    0x08000dbf   Thumb Code    12  stm32f10x_usart.o(.text)
    USART_Cmd                                0x08000dcb   Thumb Code    24  stm32f10x_usart.o(.text)
    USART_ITConfig                           0x08000de3   Thumb Code    74  stm32f10x_usart.o(.text)
    USART_DMACmd                             0x08000e2d   Thumb Code    18  stm32f10x_usart.o(.text)
    USART_SetAddress                         0x08000e3f   Thumb Code    18  stm32f10x_usart.o(.text)
    USART_WakeUpConfig                       0x08000e51   Thumb Code    18  stm32f10x_usart.o(.text)
    USART_ReceiverWakeUpCmd                  0x08000e63   Thumb Code    24  stm32f10x_usart.o(.text)
    USART_LINBreakDetectLengthConfig         0x08000e7b   Thumb Code    18  stm32f10x_usart.o(.text)
    USART_LINCmd                             0x08000e8d   Thumb Code    24  stm32f10x_usart.o(.text)
    USART_SendData                           0x08000ea5   Thumb Code     8  stm32f10x_usart.o(.text)
    USART_ReceiveData                        0x08000ead   Thumb Code    10  stm32f10x_usart.o(.text)
    USART_SendBreak                          0x08000eb7   Thumb Code    10  stm32f10x_usart.o(.text)
    USART_SetGuardTime                       0x08000ec1   Thumb Code    16  stm32f10x_usart.o(.text)
    USART_SetPrescaler                       0x08000ed1   Thumb Code    16  stm32f10x_usart.o(.text)
    USART_SmartCardCmd                       0x08000ee1   Thumb Code    24  stm32f10x_usart.o(.text)
    USART_SmartCardNACKCmd                   0x08000ef9   Thumb Code    24  stm32f10x_usart.o(.text)
    USART_HalfDuplexCmd                      0x08000f11   Thumb Code    24  stm32f10x_usart.o(.text)
    USART_OverSampling8Cmd                   0x08000f29   Thumb Code    22  stm32f10x_usart.o(.text)
    USART_OneBitMethodCmd                    0x08000f3f   Thumb Code    24  stm32f10x_usart.o(.text)
    USART_IrDAConfig                         0x08000f57   Thumb Code    18  stm32f10x_usart.o(.text)
    USART_IrDACmd                            0x08000f69   Thumb Code    24  stm32f10x_usart.o(.text)
    USART_GetFlagStatus                      0x08000f81   Thumb Code    26  stm32f10x_usart.o(.text)
    USART_ClearFlag                          0x08000f9b   Thumb Code    18  stm32f10x_usart.o(.text)
    USART_GetITStatus                        0x08000fad   Thumb Code    84  stm32f10x_usart.o(.text)
    USART_ClearITPendingBit                  0x08001001   Thumb Code    52  stm32f10x_usart.o(.text)
    SystemInit                               0x08001113   Thumb Code    78  system_stm32f10x.o(.text)
    SystemCoreClockUpdate                    0x08001161   Thumb Code   142  system_stm32f10x.o(.text)
    Reset_Handler                            0x08001215   Thumb Code     8  startup_stm32f10x_hd.o(.text)
    ADC1_2_IRQHandler                        0x0800122f   Thumb Code     0  startup_stm32f10x_hd.o(.text)
    ADC3_IRQHandler                          0x0800122f   Thumb Code     0  startup_stm32f10x_hd.o(.text)
    CAN1_RX1_IRQHandler                      0x0800122f   Thumb Code     0  startup_stm32f10x_hd.o(.text)
    CAN1_SCE_IRQHandler                      0x0800122f   Thumb Code     0  startup_stm32f10x_hd.o(.text)
    DMA1_Channel1_IRQHandler                 0x0800122f   Thumb Code     0  startup_stm32f10x_hd.o(.text)
    DMA1_Channel2_IRQHandler                 0x0800122f   Thumb Code     0  startup_stm32f10x_hd.o(.text)
    DMA1_Channel3_IRQHandler                 0x0800122f   Thumb Code     0  startup_stm32f10x_hd.o(.text)
    DMA1_Channel4_IRQHandler                 0x0800122f   Thumb Code     0  startup_stm32f10x_hd.o(.text)
    DMA1_Channel5_IRQHandler                 0x0800122f   Thumb Code     0  startup_stm32f10x_hd.o(.text)
    DMA1_Channel6_IRQHandler                 0x0800122f   Thumb Code     0  startup_stm32f10x_hd.o(.text)
    DMA1_Channel7_IRQHandler                 0x0800122f   Thumb Code     0  startup_stm32f10x_hd.o(.text)
    DMA2_Channel1_IRQHandler                 0x0800122f   Thumb Code     0  startup_stm32f10x_hd.o(.text)
    DMA2_Channel2_IRQHandler                 0x0800122f   Thumb Code     0  startup_stm32f10x_hd.o(.text)
    DMA2_Channel3_IRQHandler                 0x0800122f   Thumb Code     0  startup_stm32f10x_hd.o(.text)
    DMA2_Channel4_5_IRQHandler               0x0800122f   Thumb Code     0  startup_stm32f10x_hd.o(.text)
    EXTI0_IRQHandler                         0x0800122f   Thumb Code     0  startup_stm32f10x_hd.o(.text)
    EXTI15_10_IRQHandler                     0x0800122f   Thumb Code     0  startup_stm32f10x_hd.o(.text)
    EXTI1_IRQHandler                         0x0800122f   Thumb Code     0  startup_stm32f10x_hd.o(.text)
    EXTI2_IRQHandler                         0x0800122f   Thumb Code     0  startup_stm32f10x_hd.o(.text)
    EXTI3_IRQHandler                         0x0800122f   Thumb Code     0  startup_stm32f10x_hd.o(.text)
    EXTI4_IRQHandler                         0x0800122f   Thumb Code     0  startup_stm32f10x_hd.o(.text)
    EXTI9_5_IRQHandler                       0x0800122f   Thumb Code     0  startup_stm32f10x_hd.o(.text)
    FLASH_IRQHandler                         0x0800122f   Thumb Code     0  startup_stm32f10x_hd.o(.text)
    FSMC_IRQHandler                          0x0800122f   Thumb Code     0  startup_stm32f10x_hd.o(.text)
    I2C1_ER_IRQHandler                       0x0800122f   Thumb Code     0  startup_stm32f10x_hd.o(.text)
    I2C1_EV_IRQHandler                       0x0800122f   Thumb Code     0  startup_stm32f10x_hd.o(.text)
    I2C2_ER_IRQHandler                       0x0800122f   Thumb Code     0  startup_stm32f10x_hd.o(.text)
    I2C2_EV_IRQHandler                       0x0800122f   Thumb Code     0  startup_stm32f10x_hd.o(.text)
    PVD_IRQHandler                           0x0800122f   Thumb Code     0  startup_stm32f10x_hd.o(.text)
    RCC_IRQHandler                           0x0800122f   Thumb Code     0  startup_stm32f10x_hd.o(.text)
    RTCAlarm_IRQHandler                      0x0800122f   Thumb Code     0  startup_stm32f10x_hd.o(.text)
    RTC_IRQHandler                           0x0800122f   Thumb Code     0  startup_stm32f10x_hd.o(.text)
    SDIO_IRQHandler                          0x0800122f   Thumb Code     0  startup_stm32f10x_hd.o(.text)
    SPI1_IRQHandler                          0x0800122f   Thumb Code     0  startup_stm32f10x_hd.o(.text)
    SPI2_IRQHandler                          0x0800122f   Thumb Code     0  startup_stm32f10x_hd.o(.text)
    SPI3_IRQHandler                          0x0800122f   Thumb Code     0  startup_stm32f10x_hd.o(.text)
    TAMPER_IRQHandler                        0x0800122f   Thumb Code     0  startup_stm32f10x_hd.o(.text)
    TIM1_BRK_IRQHandler                      0x0800122f   Thumb Code     0  startup_stm32f10x_hd.o(.text)
    TIM1_CC_IRQHandler                       0x0800122f   Thumb Code     0  startup_stm32f10x_hd.o(.text)
    TIM1_TRG_COM_IRQHandler                  0x0800122f   Thumb Code     0  startup_stm32f10x_hd.o(.text)
    TIM1_UP_IRQHandler                       0x0800122f   Thumb Code     0  startup_stm32f10x_hd.o(.text)
    TIM2_IRQHandler                          0x0800122f   Thumb Code     0  startup_stm32f10x_hd.o(.text)
    TIM3_IRQHandler                          0x0800122f   Thumb Code     0  startup_stm32f10x_hd.o(.text)
    TIM4_IRQHandler                          0x0800122f   Thumb Code     0  startup_stm32f10x_hd.o(.text)
    TIM5_IRQHandler                          0x0800122f   Thumb Code     0  startup_stm32f10x_hd.o(.text)
    TIM6_IRQHandler                          0x0800122f   Thumb Code     0  startup_stm32f10x_hd.o(.text)
    TIM7_IRQHandler                          0x0800122f   Thumb Code     0  startup_stm32f10x_hd.o(.text)
    TIM8_BRK_IRQHandler                      0x0800122f   Thumb Code     0  startup_stm32f10x_hd.o(.text)
    TIM8_CC_IRQHandler                       0x0800122f   Thumb Code     0  startup_stm32f10x_hd.o(.text)
    TIM8_TRG_COM_IRQHandler                  0x0800122f   Thumb Code     0  startup_stm32f10x_hd.o(.text)
    TIM8_UP_IRQHandler                       0x0800122f   Thumb Code     0  startup_stm32f10x_hd.o(.text)
    UART4_IRQHandler                         0x0800122f   Thumb Code     0  startup_stm32f10x_hd.o(.text)
    UART5_IRQHandler                         0x0800122f   Thumb Code     0  startup_stm32f10x_hd.o(.text)
    USART2_IRQHandler                        0x0800122f   Thumb Code     0  startup_stm32f10x_hd.o(.text)
    USART3_IRQHandler                        0x0800122f   Thumb Code     0  startup_stm32f10x_hd.o(.text)
    USBWakeUp_IRQHandler                     0x0800122f   Thumb Code     0  startup_stm32f10x_hd.o(.text)
    USB_HP_CAN1_TX_IRQHandler                0x0800122f   Thumb Code     0  startup_stm32f10x_hd.o(.text)
    USB_LP_CAN1_RX0_IRQHandler               0x0800122f   Thumb Code     0  startup_stm32f10x_hd.o(.text)
    WWDG_IRQHandler                          0x0800122f   Thumb Code     0  startup_stm32f10x_hd.o(.text)
    main                                     0x08001239   Thumb Code    66  main.o(.text)
    NMI_Handler                              0x080012d9   Thumb Code     2  stm32f10x_it.o(.text)
    HardFault_Handler                        0x080012db   Thumb Code     4  stm32f10x_it.o(.text)
    MemManage_Handler                        0x080012df   Thumb Code     4  stm32f10x_it.o(.text)
    BusFault_Handler                         0x080012e3   Thumb Code     4  stm32f10x_it.o(.text)
    UsageFault_Handler                       0x080012e7   Thumb Code     4  stm32f10x_it.o(.text)
    SVC_Handler                              0x080012eb   Thumb Code     2  stm32f10x_it.o(.text)
    DebugMon_Handler                         0x080012ed   Thumb Code     2  stm32f10x_it.o(.text)
    PendSV_Handler                           0x080012ef   Thumb Code     2  stm32f10x_it.o(.text)
    SysTick_Handler                          0x080012f1   Thumb Code     2  stm32f10x_it.o(.text)
    GPIO_Configuration                       0x080012f5   Thumb Code   134  device.o(.text)
    Reset_W5500                              0x0800137b   Thumb Code    38  device.o(.text)
    reboot                                   0x080013a1   Thumb Code    12  device.o(.text)
    set_network                              0x080013ad   Thumb Code   134  device.o(.text)
    set_default                              0x08001433   Thumb Code    76  device.o(.text)
    close                                    0x08001501   Thumb Code    52  socket.o(.text)
    socket                                   0x08001535   Thumb Code   192  socket.o(.text)
    listen                                   0x080015f5   Thumb Code    62  socket.o(.text)
    connect                                  0x08001633   Thumb Code   248  socket.o(.text)
    disconnect                               0x0800172b   Thumb Code    38  socket.o(.text)
    send                                     0x08001751   Thumb Code   216  socket.o(.text)
    recv                                     0x08001829   Thumb Code    66  socket.o(.text)
    sendto                                   0x0800186b   Thumb Code   268  socket.o(.text)
    recvfrom                                 0x08001977   Thumb Code   510  socket.o(.text)
    WIZ_SPI_Init                             0x08001b8d   Thumb Code   160  spi2.o(.text)
    WIZ_CS                                   0x08001c2d   Thumb Code    32  spi2.o(.text)
    SPI2_SendByte                            0x08001c4d   Thumb Code    50  spi2.o(.text)
    Systick_Init                             0x08001c89   Thumb Code    56  ult.o(.text)
    Delay_ms                                 0x08001cc1   Thumb Code    56  ult.o(.text)
    Delay_s                                  0x08001cf9   Thumb Code    22  ult.o(.text)
    Delay_us                                 0x08001d0f   Thumb Code    56  ult.o(.text)
    C2D                                      0x08001d47   Thumb Code    54  ult.o(.text)
    ATOI                                     0x08001d7d   Thumb Code    32  ult.o(.text)
    ATOI32                                   0x08001d9d   Thumb Code    32  ult.o(.text)
    itoa                                     0x08001dbd   Thumb Code    64  ult.o(.text)
    ValidATOI                                0x08001dfd   Thumb Code    72  ult.o(.text)
    replacetochar                            0x08001e45   Thumb Code    26  ult.o(.text)
    swaps                                    0x08001e5f   Thumb Code    14  ult.o(.text)
    swapl                                    0x08001e6d   Thumb Code    28  ult.o(.text)
    mid                                      0x08001e89   Thumb Code    68  ult.o(.text)
    inet_addr_                               0x08001ecd   Thumb Code    90  ult.o(.text)
    inet_ntoa                                0x08001f27   Thumb Code    40  ult.o(.text)
    inet_ntoa_pad                            0x08001f4f   Thumb Code    40  ult.o(.text)
    VerifyIPAddress_orig                     0x08001f77   Thumb Code   110  ult.o(.text)
    VerifyIPAddress                          0x08001fe5   Thumb Code   116  ult.o(.text)
    GetDestAddr                              0x08002059   Thumb Code    92  ult.o(.text)
    GetDestPort                              0x080020b5   Thumb Code    48  ult.o(.text)
    htons                                    0x080020e5   Thumb Code    12  ult.o(.text)
    htonl                                    0x080020f1   Thumb Code    12  ult.o(.text)
    ntohs                                    0x080020fd   Thumb Code    12  ult.o(.text)
    ntohl                                    0x08002109   Thumb Code    12  ult.o(.text)
    CheckDestInLocal                         0x08002115   Thumb Code    62  ult.o(.text)
    getSocket                                0x08002153   Thumb Code    42  ult.o(.text)
    checksum                                 0x0800217d   Thumb Code    76  ult.o(.text)
    getISR                                   0x080021c9   Thumb Code     8  w5500.o(.text)
    putISR                                   0x080021d1   Thumb Code     6  w5500.o(.text)
    getIINCHIP_RxMAX                         0x080021d7   Thumb Code    10  w5500.o(.text)
    getIINCHIP_TxMAX                         0x080021e1   Thumb Code    10  w5500.o(.text)
    IINCHIP_CSoff                            0x080021eb   Thumb Code    10  w5500.o(.text)
    IINCHIP_CSon                             0x080021f5   Thumb Code    10  w5500.o(.text)
    IINCHIP_SpiSendData                      0x080021ff   Thumb Code    12  w5500.o(.text)
    IINCHIP_WRITE                            0x0800220b   Thumb Code    50  w5500.o(.text)
    IINCHIP_READ                             0x0800223d   Thumb Code    50  w5500.o(.text)
    wiz_write_buf                            0x0800226f   Thumb Code    80  w5500.o(.text)
    wiz_read_buf                             0x080022bf   Thumb Code    78  w5500.o(.text)
    setMR                                    0x0800230d   Thumb Code    14  w5500.o(.text)
    iinchip_init                             0x0800231b   Thumb Code    10  w5500.o(.text)
    sysinit                                  0x08002325   Thumb Code   302  w5500.o(.text)
    setGAR                                   0x08002453   Thumb Code    16  w5500.o(.text)
    getGWIP                                  0x08002463   Thumb Code    16  w5500.o(.text)
    setSUBR                                  0x08002473   Thumb Code    18  w5500.o(.text)
    setSHAR                                  0x08002485   Thumb Code    18  w5500.o(.text)
    setSIPR                                  0x08002497   Thumb Code    18  w5500.o(.text)
    getGAR                                   0x080024a9   Thumb Code    16  w5500.o(.text)
    getSUBR                                  0x080024b9   Thumb Code    18  w5500.o(.text)
    getSHAR                                  0x080024cb   Thumb Code    18  w5500.o(.text)
    getSIPR                                  0x080024dd   Thumb Code    18  w5500.o(.text)
    getIR                                    0x080024ef   Thumb Code    12  w5500.o(.text)
    setRTR                                   0x080024fb   Thumb Code    26  w5500.o(.text)
    setRCR                                   0x08002515   Thumb Code    16  w5500.o(.text)
    clearIR                                  0x08002525   Thumb Code    26  w5500.o(.text)
    setSn_MSS                                0x0800253f   Thumb Code    36  w5500.o(.text)
    setSn_TTL                                0x08002563   Thumb Code    22  w5500.o(.text)
    getSn_IR                                 0x08002579   Thumb Code    18  w5500.o(.text)
    getSn_SR                                 0x0800258b   Thumb Code    18  w5500.o(.text)
    getSn_TX_FSR                             0x0800259d   Thumb Code   124  w5500.o(.text)
    getSn_RX_RSR                             0x08002619   Thumb Code    84  w5500.o(.text)
    send_data_processing                     0x0800266d   Thumb Code   116  w5500.o(.text)
    recv_data_processing                     0x080026e1   Thumb Code   116  w5500.o(.text)
    setSn_IR                                 0x08002755   Thumb Code    22  w5500.o(.text)
    dns_makequery                            0x080027ad   Thumb Code   194  dns.o(.text)
    parse_name                               0x0800286f   Thumb Code   156  dns.o(.text)
    dns_question                             0x0800290b   Thumb Code    38  dns.o(.text)
    dns_answer                               0x08002931   Thumb Code   252  dns.o(.text)
    parseMSG                                 0x08002a2d   Thumb Code   218  dns.o(.text)
    dns_query                                0x08002b07   Thumb Code   210  dns.o(.text)
    do_dns                                   0x08002bd9   Thumb Code   166  dns.o(.text)
    check_usart_buf                          0x08002c7f   Thumb Code   120  dns.o(.text)
    USART1_Init                              0x08002ddd   Thumb Code   124  usart.o(.text)
    fputc                                    0x08002e59   Thumb Code    32  usart.o(.text)
    USART1_Putc                              0x08002e79   Thumb Code    28  usart.o(.text)
    USART1_Puts                              0x08002e95   Thumb Code    38  usart.o(.text)
    USART1_IRQHandler                        0x08002ebb   Thumb Code   122  usart.o(.text)
    NVIC_Configuration                       0x08002f35   Thumb Code    52  usart.o(.text)
    __aeabi_memcpy                           0x08002f79   Thumb Code    36  memcpya.o(.text)
    __aeabi_memcpy4                          0x08002f79   Thumb Code     0  memcpya.o(.text)
    __aeabi_memcpy8                          0x08002f79   Thumb Code     0  memcpya.o(.text)
    __aeabi_memset                           0x08002f9d   Thumb Code    14  memseta.o(.text)
    __aeabi_memset4                          0x08002f9d   Thumb Code     0  memseta.o(.text)
    __aeabi_memset8                          0x08002f9d   Thumb Code     0  memseta.o(.text)
    __aeabi_memclr                           0x08002fab   Thumb Code     4  memseta.o(.text)
    __aeabi_memclr4                          0x08002fab   Thumb Code     0  memseta.o(.text)
    __aeabi_memclr8                          0x08002fab   Thumb Code     0  memseta.o(.text)
    _memset$wrapper                          0x08002faf   Thumb Code    18  memseta.o(.text)
    strstr                                   0x08002fc1   Thumb Code    36  strstr.o(.text)
    strncpy                                  0x08002fe5   Thumb Code    24  strncpy.o(.text)
    strchr                                   0x08002ffd   Thumb Code    20  strchr.o(.text)
    strlen                                   0x08003011   Thumb Code    14  strlen.o(.text)
    memcmp                                   0x0800301f   Thumb Code    26  memcmp.o(.text)
    strcpy                                   0x08003039   Thumb Code    18  strcpy.o(.text)
    strtok                                   0x0800304d   Thumb Code    62  strtok.o(.text)
    __aeabi_uidiv                            0x08003091   Thumb Code     0  uidiv.o(.text)
    __aeabi_uidivmod                         0x08003091   Thumb Code    44  uidiv.o(.text)
    __aeabi_uldivmod                         0x080030bd   Thumb Code    98  uldiv.o(.text)
    __I$use$fp                               0x0800311f   Thumb Code     0  iusefp.o(.text)
    __aeabi_dadd                             0x0800311f   Thumb Code   322  dadd.o(.text)
    __aeabi_dsub                             0x08003261   Thumb Code     6  dadd.o(.text)
    __aeabi_drsub                            0x08003267   Thumb Code     6  dadd.o(.text)
    __aeabi_dmul                             0x0800326d   Thumb Code   228  dmul.o(.text)
    __aeabi_ddiv                             0x08003351   Thumb Code   222  ddiv.o(.text)
    __aeabi_d2ulz                            0x0800342f   Thumb Code    48  dfixul.o(.text)
    __aeabi_cdrcmple                         0x08003461   Thumb Code    48  cdrcmple.o(.text)
    __scatterload                            0x08003491   Thumb Code    28  init.o(.text)
    __scatterload_rt2                        0x08003491   Thumb Code     0  init.o(.text)
    __aeabi_llsl                             0x080034b5   Thumb Code    30  llshl.o(.text)
    _ll_shift_l                              0x080034b5   Thumb Code     0  llshl.o(.text)
    __aeabi_llsr                             0x080034d3   Thumb Code    32  llushr.o(.text)
    _ll_ushift_r                             0x080034d3   Thumb Code     0  llushr.o(.text)
    __aeabi_lasr                             0x080034f3   Thumb Code    36  llsshr.o(.text)
    _ll_sshift_r                             0x080034f3   Thumb Code     0  llsshr.o(.text)
    _double_round                            0x08003517   Thumb Code    30  depilogue.o(.text)
    _double_epilogue                         0x08003535   Thumb Code   156  depilogue.o(.text)
    __0printf                                0x080035d1   Thumb Code    22  printfa.o(i.__0printf)
    __1printf                                0x080035d1   Thumb Code     0  printfa.o(i.__0printf)
    __2printf$full                           0x080035d1   Thumb Code     0  printfa.o(i.__0printf)
    __c89printf                              0x080035d1   Thumb Code     0  printfa.o(i.__0printf)
    printf                                   0x080035d1   Thumb Code     0  printfa.o(i.__0printf)
    __0printf$3                              0x080035f1   Thumb Code    22  printf3.o(i.__0printf$3)
    __1printf$3                              0x080035f1   Thumb Code     0  printf3.o(i.__0printf$3)
    __2printf                                0x080035f1   Thumb Code     0  printf3.o(i.__0printf$3)
    __0sprintf$3                             0x08003611   Thumb Code    34  printf3.o(i.__0sprintf$3)
    __1sprintf$3                             0x08003611   Thumb Code     0  printf3.o(i.__0sprintf$3)
    __2sprintf                               0x08003611   Thumb Code     0  printf3.o(i.__0sprintf$3)
    __scatterload_copy                       0x08003639   Thumb Code    14  handlers.o(i.__scatterload_copy)
    __scatterload_null                       0x08003647   Thumb Code     2  handlers.o(i.__scatterload_null)
    __scatterload_zeroinit                   0x08003649   Thumb Code    14  handlers.o(i.__scatterload_zeroinit)
    Region$$Table$$Base                      0x080040cc   Number         0  anon$$obj.o(Region$$Table)
    Region$$Table$$Limit                     0x080040ec   Number         0  anon$$obj.o(Region$$Table)
    SystemCoreClock                          0x20000014   Data           4  system_stm32f10x.o(.data)
    AHBPrescTable                            0x20000018   Data          16  system_stm32f10x.o(.data)
    txsize                                   0x20000028   Data           8  device.o(.data)
    rxsize                                   0x20000030   Data           8  device.o(.data)
    mac                                      0x20000038   Data           6  device.o(.data)
    lip                                      0x2000003e   Data           4  device.o(.data)
    sub                                      0x20000042   Data           4  device.o(.data)
    gw                                       0x20000046   Data           4  device.o(.data)
    dns                                      0x2000004a   Data           4  device.o(.data)
    len                                      0x2000005c   Data           1  dns.o(.data)
    dns_flag                                 0x2000005d   Data           1  dns.o(.data)
    DNS_GET_IP                               0x2000005e   Data           4  dns.o(.data)
    MSG_ID                                   0x20000062   Data           2  dns.o(.data)
    dns_num                                  0x20000064   Data           1  dns.o(.data)
    USART_RX_STA                             0x2000006c   Data           2  usart.o(.data)
    __stdout                                 0x20000074   Data           4  stdout.o(.data)
    ConfigMsg                                0x20000078   Data          96  device.o(.bss)
    RecvMsg                                  0x200000d8   Data          96  device.o(.bss)
    pub_buf                                  0x20000138   Data        1460  device.o(.bss)
    buffer                                   0x2000073c   Data        2048  dns.o(.bss)
    BUFPUB                                   0x20000f3c   Data        1024  dns.o(.bss)
    USART_RX_BUF                             0x2000133c   Data         200  usart.o(.bss)
    datatemp                                 0x20001404   Data        1024  usart.o(.bss)
    __initial_sp                             0x20001c08   Data           0  startup_stm32f10x_hd.o(STACK)



==============================================================================

Memory Map of the image

  Image Entry point : 0x08000131

  Load Region LR_IROM1 (Base: 0x08000000, Size: 0x00004164, Max: 0x00040000, ABSOLUTE)

    Execution Region ER_IROM1 (Exec base: 0x08000000, Load base: 0x08000000, Size: 0x000040ec, Max: 0x00040000, ABSOLUTE)

    Exec Addr    Load Addr    Size         Type   Attr      Idx    E Section Name        Object

    0x08000000   0x08000000   0x00000130   Data   RO          194    RESET               startup_stm32f10x_hd.o
    0x08000130   0x08000130   0x00000000   Code   RO          421  * .ARM.Collect$$$$00000000  mc_w.l(entry.o)
    0x08000130   0x08000130   0x00000004   Code   RO          709    .ARM.Collect$$$$00000001  mc_w.l(entry2.o)
    0x08000134   0x08000134   0x00000004   Code   RO          712    .ARM.Collect$$$$00000004  mc_w.l(entry5.o)
    0x08000138   0x08000138   0x00000000   Code   RO          714    .ARM.Collect$$$$00000008  mc_w.l(entry7b.o)
    0x08000138   0x08000138   0x00000000   Code   RO          716    .ARM.Collect$$$$0000000A  mc_w.l(entry8b.o)
    0x08000138   0x08000138   0x00000008   Code   RO          717    .ARM.Collect$$$$0000000B  mc_w.l(entry9a.o)
    0x08000140   0x08000140   0x00000000   Code   RO          719    .ARM.Collect$$$$0000000D  mc_w.l(entry10a.o)
    0x08000140   0x08000140   0x00000000   Code   RO          721    .ARM.Collect$$$$0000000F  mc_w.l(entry11a.o)
    0x08000140   0x08000140   0x00000004   Code   RO          710    .ARM.Collect$$$$00002712  mc_w.l(entry2.o)
    0x08000144   0x08000144   0x000000dc   Code   RO            1    .text               misc.o
    0x08000220   0x08000220   0x0000035c   Code   RO          101    .text               stm32f10x_gpio.o
    0x0800057c   0x0800057c   0x000003a4   Code   RO          113    .text               stm32f10x_rcc.o
    0x08000920   0x08000920   0x0000030c   Code   RO          127    .text               stm32f10x_spi.o
    0x08000c2c   0x08000c2c   0x00000408   Code   RO          151    .text               stm32f10x_usart.o
    0x08001034   0x08001034   0x000001e0   Code   RO          174    .text               system_stm32f10x.o
    0x08001214   0x08001214   0x00000024   Code   RO          195    .text               startup_stm32f10x_hd.o
    0x08001238   0x08001238   0x000000a0   Code   RO          199    .text               main.o
    0x080012d8   0x080012d8   0x0000001a   Code   RO          251    .text               stm32f10x_it.o
    0x080012f2   0x080012f2   0x00000002   PAD
    0x080012f4   0x080012f4   0x0000020c   Code   RO          266    .text               device.o
    0x08001500   0x08001500   0x0000068c   Code   RO          295    .text               socket.o
    0x08001b8c   0x08001b8c   0x000000fc   Code   RO          310    .text               spi2.o
    0x08001c88   0x08001c88   0x00000540   Code   RO          325    .text               ult.o
    0x080021c8   0x080021c8   0x000005e4   Code   RO          354    .text               w5500.o
    0x080027ac   0x080027ac   0x00000630   Code   RO          376    .text               dns.o
    0x08002ddc   0x08002ddc   0x0000019c   Code   RO          402    .text               usart.o
    0x08002f78   0x08002f78   0x00000024   Code   RO          424    .text               mc_w.l(memcpya.o)
    0x08002f9c   0x08002f9c   0x00000024   Code   RO          426    .text               mc_w.l(memseta.o)
    0x08002fc0   0x08002fc0   0x00000024   Code   RO          428    .text               mc_w.l(strstr.o)
    0x08002fe4   0x08002fe4   0x00000018   Code   RO          430    .text               mc_w.l(strncpy.o)
    0x08002ffc   0x08002ffc   0x00000014   Code   RO          432    .text               mc_w.l(strchr.o)
    0x08003010   0x08003010   0x0000000e   Code   RO          434    .text               mc_w.l(strlen.o)
    0x0800301e   0x0800301e   0x0000001a   Code   RO          436    .text               mc_w.l(memcmp.o)
    0x08003038   0x08003038   0x00000012   Code   RO          438    .text               mc_w.l(strcpy.o)
    0x0800304a   0x0800304a   0x00000002   PAD
    0x0800304c   0x0800304c   0x00000044   Code   RO          440    .text               mc_w.l(strtok.o)
    0x08003090   0x08003090   0x0000002c   Code   RO          724    .text               mc_w.l(uidiv.o)
    0x080030bc   0x080030bc   0x00000062   Code   RO          726    .text               mc_w.l(uldiv.o)
    0x0800311e   0x0800311e   0x00000000   Code   RO          728    .text               mc_w.l(iusefp.o)
    0x0800311e   0x0800311e   0x0000014e   Code   RO          729    .text               mf_w.l(dadd.o)
    0x0800326c   0x0800326c   0x000000e4   Code   RO          731    .text               mf_w.l(dmul.o)
    0x08003350   0x08003350   0x000000de   Code   RO          733    .text               mf_w.l(ddiv.o)
    0x0800342e   0x0800342e   0x00000030   Code   RO          735    .text               mf_w.l(dfixul.o)
    0x0800345e   0x0800345e   0x00000002   PAD
    0x08003460   0x08003460   0x00000030   Code   RO          737    .text               mf_w.l(cdrcmple.o)
    0x08003490   0x08003490   0x00000024   Code   RO          739    .text               mc_w.l(init.o)
    0x080034b4   0x080034b4   0x0000001e   Code   RO          741    .text               mc_w.l(llshl.o)
    0x080034d2   0x080034d2   0x00000020   Code   RO          743    .text               mc_w.l(llushr.o)
    0x080034f2   0x080034f2   0x00000024   Code   RO          745    .text               mc_w.l(llsshr.o)
    0x08003516   0x08003516   0x000000ba   Code   RO          747    .text               mf_w.l(depilogue.o)
    0x080035d0   0x080035d0   0x00000020   Code   RO          681    i.__0printf         mc_w.l(printfa.o)
    0x080035f0   0x080035f0   0x00000020   Code   RO          537    i.__0printf$3       mc_w.l(printf3.o)
    0x08003610   0x08003610   0x00000028   Code   RO          539    i.__0sprintf$3      mc_w.l(printf3.o)
    0x08003638   0x08003638   0x0000000e   Code   RO          751    i.__scatterload_copy  mc_w.l(handlers.o)
    0x08003646   0x08003646   0x00000002   Code   RO          752    i.__scatterload_null  mc_w.l(handlers.o)
    0x08003648   0x08003648   0x0000000e   Code   RO          753    i.__scatterload_zeroinit  mc_w.l(handlers.o)
    0x08003656   0x08003656   0x00000002   PAD
    0x08003658   0x08003658   0x00000184   Code   RO          688    i._fp_digits        mc_w.l(printfa.o)
    0x080037dc   0x080037dc   0x000001b8   Code   RO          544    i._printf_core      mc_w.l(printf3.o)
    0x08003994   0x08003994   0x000006dc   Code   RO          689    i._printf_core      mc_w.l(printfa.o)
    0x08004070   0x08004070   0x00000024   Code   RO          690    i._printf_post_padding  mc_w.l(printfa.o)
    0x08004094   0x08004094   0x0000002e   Code   RO          691    i._printf_pre_padding  mc_w.l(printfa.o)
    0x080040c2   0x080040c2   0x0000000a   Code   RO          546    i._sputc            mc_w.l(printf3.o)
    0x080040cc   0x080040cc   0x00000020   Data   RO          749    Region$$Table       anon$$obj.o


    Execution Region RW_IRAM1 (Exec base: 0x20000000, Load base: 0x080040ec, Size: 0x00001c08, Max: 0x0000c000, ABSOLUTE)

    Exec Addr    Load Addr    Size         Type   Attr      Idx    E Section Name        Object

    0x20000000   0x080040ec   0x00000014   Data   RW          114    .data               stm32f10x_rcc.o
    0x20000014   0x08004100   0x00000014   Data   RW          175    .data               system_stm32f10x.o
    0x20000028   0x08004114   0x00000026   Data   RW          268    .data               device.o
    0x2000004e   0x0800413a   0x00000002   Data   RW          296    .data               socket.o
    0x20000050   0x0800413c   0x00000004   Data   RW          327    .data               ult.o
    0x20000054   0x08004140   0x00000008   Data   RW          356    .data               w5500.o
    0x2000005c   0x08004148   0x00000010   Data   RW          378    .data               dns.o
    0x2000006c   0x08004158   0x00000002   Data   RW          404    .data               usart.o
    0x2000006e   0x0800415a   0x00000002   PAD
    0x20000070   0x0800415c   0x00000004   Data   RW          441    .data               mc_w.l(strtok.o)
    0x20000074   0x08004160   0x00000004   Data   RW          723    .data               mc_w.l(stdout.o)
    0x20000078        -       0x00000674   Zero   RW          267    .bss                device.o
    0x200006ec        -       0x00000030   Zero   RW          326    .bss                ult.o
    0x2000071c        -       0x00000020   Zero   RW          355    .bss                w5500.o
    0x2000073c        -       0x00000c00   Zero   RW          377    .bss                dns.o
    0x2000133c        -       0x000004c8   Zero   RW          403    .bss                usart.o
    0x20001804   0x08004164   0x00000004   PAD
    0x20001808        -       0x00000400   Zero   RW          192    STACK               startup_stm32f10x_hd.o


==============================================================================

Image component sizes


      Code (inc. data)   RO Data    RW Data    ZI Data      Debug   Object Name

         0          0          0          0          0         32   core_cm3.o
       524        130          0         38       1652       4385   device.o
      1584        268          0         16       3072       6124   dns.o
       160         94          0          0          0       3351   main.o
       220         22          0          0          0     241161   misc.o
      1676         48          0          2          0       4422   socket.o
       252         10          0          0          0        992   spi2.o
        36          8        304          0       1024        792   startup_stm32f10x_hd.o
       860         38          0          0          0       5717   stm32f10x_gpio.o
        26          0          0          0          0       1214   stm32f10x_it.o
       932         36          0         20          0       8892   stm32f10x_rcc.o
       780         14          0          0          0       6606   stm32f10x_spi.o
      1032         22          0          0          0       8448   stm32f10x_usart.o
       480         38          0         20          0       1787   system_stm32f10x.o
      1344         52          0          4         48       9166   ult.o
       412         16          0          2       1224       2246   usart.o
      1508        104          0          8         32       8363   w5500.o

    ----------------------------------------------------------------------
     11828        900        336        112       7056     313698   Object Totals
         0          0         32          0          0          0   (incl. Generated)
         2          0          0          2          4          0   (incl. Padding)

    ----------------------------------------------------------------------

      Code (inc. data)   RO Data    RW Data    ZI Data      Debug   Library Member Name

         0          0          0          0          0          0   entry.o
         0          0          0          0          0          0   entry10a.o
         0          0          0          0          0          0   entry11a.o
         8          4          0          0          0          0   entry2.o
         4          0          0          0          0          0   entry5.o
         0          0          0          0          0          0   entry7b.o
         0          0          0          0          0          0   entry8b.o
         8          4          0          0          0          0   entry9a.o
        30          0          0          0          0          0   handlers.o
        36          8          0          0          0         68   init.o
         0          0          0          0          0          0   iusefp.o
        30          0          0          0          0         68   llshl.o
        36          0          0          0          0         68   llsshr.o
        32          0          0          0          0         68   llushr.o
        26          0          0          0          0         80   memcmp.o
        36          0          0          0          0         68   memcpya.o
        36          0          0          0          0        108   memseta.o
       522         20          0          0          0        336   printf3.o
      2258         90          0          0          0        452   printfa.o
         0          0          0          4          0          0   stdout.o
        20          0          0          0          0         68   strchr.o
        18          0          0          0          0         68   strcpy.o
        14          0          0          0          0         68   strlen.o
        24          0          0          0          0         76   strncpy.o
        36          0          0          0          0         80   strstr.o
        68          6          0          4          0         80   strtok.o
        44          0          0          0          0         80   uidiv.o
        98          0          0          0          0         92   uldiv.o
        48          0          0          0          0         68   cdrcmple.o
       334          0          0          0          0        148   dadd.o
       222          0          0          0          0        100   ddiv.o
       186          0          0          0          0        176   depilogue.o
        48          0          0          0          0         68   dfixul.o
       228          0          0          0          0         96   dmul.o

    ----------------------------------------------------------------------
      4456        132          0          8          0       2584   Library Totals
         6          0          0          0          0          0   (incl. Padding)

    ----------------------------------------------------------------------

      Code (inc. data)   RO Data    RW Data    ZI Data      Debug   Library Name

      3384        132          0          8          0       1928   mc_w.l
      1066          0          0          0          0        656   mf_w.l

    ----------------------------------------------------------------------
      4456        132          0          8          0       2584   Library Totals

    ----------------------------------------------------------------------

==============================================================================


      Code (inc. data)   RO Data    RW Data    ZI Data      Debug   

     16284       1032        336        120       7056     313678   Grand Totals
     16284       1032        336        120       7056     313678   ELF Image Totals
     16284       1032        336        120          0          0   ROM Totals

==============================================================================

    Total RO  Size (Code + RO Data)                16620 (  16.23kB)
    Total RW  Size (RW Data + ZI Data)              7176 (   7.01kB)
    Total ROM Size (Code + RO Data + RW Data)      16740 (  16.35kB)

==============================================================================

