Component: ARM Compiler 5.06 update 6 (build 750) Tool: armlink [4d35ed]

==============================================================================

Section Cross References

    stm32f10x_gpio.o(i.GPIO_AFIODeInit) refers to stm32f10x_rcc.o(i.RCC_APB2PeriphResetCmd) for RCC_APB2PeriphResetCmd
    stm32f10x_gpio.o(i.GPIO_DeInit) refers to stm32f10x_rcc.o(i.RCC_APB2PeriphResetCmd) for RCC_APB2PeriphResetCmd
    stm32f10x_rcc.o(i.RCC_GetClocksFreq) refers to stm32f10x_rcc.o(.data) for APBAHBPrescTable
    stm32f10x_rcc.o(i.RCC_WaitForHSEStartUp) refers to stm32f10x_rcc.o(i.RCC_GetFlagStatus) for RCC_GetFlagStatus
    stm32f10x_spi.o(i.I2S_Init) refers to stm32f10x_rcc.o(i.RCC_GetClocksFreq) for RCC_GetClocksFreq
    stm32f10x_spi.o(i.SPI_I2S_DeInit) refers to stm32f10x_rcc.o(i.RCC_APB2PeriphResetCmd) for RCC_APB2PeriphResetCmd
    stm32f10x_spi.o(i.SPI_I2S_DeInit) refers to stm32f10x_rcc.o(i.RCC_APB1PeriphResetCmd) for RCC_APB1PeriphResetCmd
    stm32f10x_usart.o(i.USART_DeInit) refers to stm32f10x_rcc.o(i.RCC_APB2PeriphResetCmd) for RCC_APB2PeriphResetCmd
    stm32f10x_usart.o(i.USART_DeInit) refers to stm32f10x_rcc.o(i.RCC_APB1PeriphResetCmd) for RCC_APB1PeriphResetCmd
    stm32f10x_usart.o(i.USART_Init) refers to stm32f10x_rcc.o(i.RCC_GetClocksFreq) for RCC_GetClocksFreq
    system_stm32f10x.o(i.SetSysClock) refers to system_stm32f10x.o(i.SetSysClockTo72) for SetSysClockTo72
    system_stm32f10x.o(i.SystemCoreClockUpdate) refers to system_stm32f10x.o(.data) for SystemCoreClock
    system_stm32f10x.o(i.SystemInit) refers to system_stm32f10x.o(i.SetSysClock) for SetSysClock
    startup_stm32f10x_hd.o(RESET) refers to startup_stm32f10x_hd.o(STACK) for __initial_sp
    startup_stm32f10x_hd.o(RESET) refers to startup_stm32f10x_hd.o(.text) for Reset_Handler
    startup_stm32f10x_hd.o(RESET) refers to stm32f10x_it.o(i.NMI_Handler) for NMI_Handler
    startup_stm32f10x_hd.o(RESET) refers to stm32f10x_it.o(i.HardFault_Handler) for HardFault_Handler
    startup_stm32f10x_hd.o(RESET) refers to stm32f10x_it.o(i.MemManage_Handler) for MemManage_Handler
    startup_stm32f10x_hd.o(RESET) refers to stm32f10x_it.o(i.BusFault_Handler) for BusFault_Handler
    startup_stm32f10x_hd.o(RESET) refers to stm32f10x_it.o(i.UsageFault_Handler) for UsageFault_Handler
    startup_stm32f10x_hd.o(RESET) refers to stm32f10x_it.o(i.SVC_Handler) for SVC_Handler
    startup_stm32f10x_hd.o(RESET) refers to stm32f10x_it.o(i.DebugMon_Handler) for DebugMon_Handler
    startup_stm32f10x_hd.o(RESET) refers to stm32f10x_it.o(i.PendSV_Handler) for PendSV_Handler
    startup_stm32f10x_hd.o(RESET) refers to stm32f10x_it.o(i.SysTick_Handler) for SysTick_Handler
    startup_stm32f10x_hd.o(RESET) refers to usart.o(i.USART1_IRQHandler) for USART1_IRQHandler
    startup_stm32f10x_hd.o(.text) refers to system_stm32f10x.o(i.SystemInit) for SystemInit
    startup_stm32f10x_hd.o(.text) refers to entry.o(.ARM.Collect$$$$00000000) for __main
    main.o(i.main) refers to ult.o(i.Systick_Init) for Systick_Init
    main.o(i.main) refers to device.o(i.NVIC_Configuration) for NVIC_Configuration
    main.o(i.main) refers to device.o(i.GPIO_Configuration) for GPIO_Configuration
    main.o(i.main) refers to spi2.o(i.WIZ_SPI_Init) for WIZ_SPI_Init
    main.o(i.main) refers to usart.o(i.USART1_Init) for USART1_Init
    main.o(i.main) refers to device.o(i.Reset_W5500) for Reset_W5500
    main.o(i.main) refers to device.o(i.set_default) for set_default
    main.o(i.main) refers to device.o(i.set_network) for set_network
    main.o(i.main) refers to w5500.o(i.setkeepalive) for setkeepalive
    main.o(i.main) refers to printf6.o(i.__0printf$6) for __2printf
    main.o(i.main) refers to tcpc.o(i.tcpc) for tcpc
    device.o(i.GPIO_Configuration) refers to stm32f10x_rcc.o(i.RCC_APB2PeriphClockCmd) for RCC_APB2PeriphClockCmd
    device.o(i.GPIO_Configuration) refers to stm32f10x_gpio.o(i.GPIO_Init) for GPIO_Init
    device.o(i.GPIO_Configuration) refers to stm32f10x_gpio.o(i.GPIO_ResetBits) for GPIO_ResetBits
    device.o(i.GPIO_Configuration) refers to stm32f10x_gpio.o(i.GPIO_SetBits) for GPIO_SetBits
    device.o(i.NVIC_Configuration) refers to misc.o(i.NVIC_PriorityGroupConfig) for NVIC_PriorityGroupConfig
    device.o(i.NVIC_Configuration) refers to misc.o(i.NVIC_Init) for NVIC_Init
    device.o(i.NVIC_Configuration) refers to misc.o(i.NVIC_SetVectorTable) for NVIC_SetVectorTable
    device.o(i.Reset_W5500) refers to stm32f10x_gpio.o(i.GPIO_ResetBits) for GPIO_ResetBits
    device.o(i.Reset_W5500) refers to ult.o(i.Delay_us) for Delay_us
    device.o(i.Reset_W5500) refers to stm32f10x_gpio.o(i.GPIO_SetBits) for GPIO_SetBits
    device.o(i.Reset_W5500) refers to ult.o(i.Delay_ms) for Delay_ms
    device.o(i.set_default) refers to device.o(.bss) for ConfigMsg
    device.o(i.set_network) refers to w5500.o(i.setSHAR) for setSHAR
    device.o(i.set_network) refers to w5500.o(i.setSUBR) for setSUBR
    device.o(i.set_network) refers to w5500.o(i.setGAR) for setGAR
[...]
    mqttunsubscribeclient.o(i.MQTTSerialize_unsubscribe) refers to mqttunsubscribeclient.o(i.MQTTSerialize_unsubscribeLength) for MQTTSerialize_unsubscribeLength
    mqttunsubscribeclient.o(i.MQTTSerialize_unsubscribe) refers to mqttpacket.o(i.MQTTPacket_len) for MQTTPacket_len
    mqttunsubscribeclient.o(i.MQTTSerialize_unsubscribe) refers to mqttpacket.o(i.writeChar) for writeChar
    mqttunsubscribeclient.o(i.MQTTSerialize_unsubscribe) refers to mqttpacket.o(i.MQTTPacket_encode) for MQTTPacket_encode
    mqttunsubscribeclient.o(i.MQTTSerialize_unsubscribe) refers to mqttpacket.o(i.writeInt) for writeInt
    mqttunsubscribeclient.o(i.MQTTSerialize_unsubscribe) refers to mqttpacket.o(i.writeMQTTString) for writeMQTTString
    mqttunsubscribeclient.o(i.MQTTSerialize_unsubscribeLength) refers to mqttpacket.o(i.MQTTstrlen) for MQTTstrlen
    mqttunsubscribeserver.o(i.MQTTDeserialize_unsubscribe) refers to mqttpacket.o(i.readChar) for readChar
    mqttunsubscribeserver.o(i.MQTTDeserialize_unsubscribe) refers to mqttpacket.o(i.MQTTPacket_decodeBuf) for MQTTPacket_decodeBuf
    mqttunsubscribeserver.o(i.MQTTDeserialize_unsubscribe) refers to mqttpacket.o(i.readInt) for readInt
    mqttunsubscribeserver.o(i.MQTTDeserialize_unsubscribe) refers to mqttpacket.o(i.readMQTTLenString) for readMQTTLenString
    mqttunsubscribeserver.o(i.MQTTSerialize_unsuback) refers to mqttpacket.o(i.writeChar) for writeChar
    mqttunsubscribeserver.o(i.MQTTSerialize_unsuback) refers to mqttpacket.o(i.MQTTPacket_encode) for MQTTPacket_encode
    mqttunsubscribeserver.o(i.MQTTSerialize_unsuback) refers to mqttpacket.o(i.writeInt) for writeInt
    transport.o(i.transport_close) refers to socket.o(i.disconnect) for disconnect
    transport.o(i.transport_close) refers to printf6.o(i.__0printf$6) for __2printf
    transport.o(i.transport_close) refers to w5500.o(i.getSn_SR) for getSn_SR
    transport.o(i.transport_getdata) refers to socket.o(i.recv) for recv
    transport.o(i.transport_sendPacketBuffer) refers to socket.o(i.send) for send
    entry.o(.ARM.Collect$$$$00000000) refers (Special) to entry10a.o(.ARM.Collect$$$$0000000D) for __rt_final_cpp
    entry.o(.ARM.Collect$$$$00000000) refers (Special) to entry11a.o(.ARM.Collect$$$$0000000F) for __rt_final_exit
    entry.o(.ARM.Collect$$$$00000000) refers (Special) to entry7b.o(.ARM.Collect$$$$00000008) for _main_clock
    entry.o(.ARM.Collect$$$$00000000) refers (Special) to entry8b.o(.ARM.Collect$$$$0000000A) for _main_cpp_init
    entry.o(.ARM.Collect$$$$00000000) refers (Special) to entry9a.o(.ARM.Collect$$$$0000000B) for _main_init
    entry.o(.ARM.Collect$$$$00000000) refers (Special) to entry5.o(.ARM.Collect$$$$00000004) for _main_scatterload
    entry.o(.ARM.Collect$$$$00000000) refers (Special) to entry2.o(.ARM.Collect$$$$00000001) for _main_stk
    strtok.o(.text) refers to strtok.o(.data) for .data
    strtok_r.o(.text) refers to strtok_r.o(.data) for .data
    printfb.o(i.__0fprintf$bare) refers to printfb.o(i._printf_core) for _printf_core
    printfb.o(i.__0fprintf$bare) refers to usart.o(i.fputc) for fputc
    printfb.o(i.__0printf$bare) refers to printfb.o(i._printf_core) for _printf_core
    printfb.o(i.__0printf$bare) refers to usart.o(i.fputc) for fputc
    printfb.o(i.__0printf$bare) refers to stdout.o(.data) for __stdout
    printfb.o(i.__0snprintf$bare) refers to printfb.o(i._printf_core) for _printf_core
    printfb.o(i.__0snprintf$bare) refers to printfb.o(i._snputc) for _snputc
    printfb.o(i.__0sprintf$bare) refers to printfb.o(i._printf_core) for _printf_core
    printfb.o(i.__0sprintf$bare) refers to printfb.o(i._sputc) for _sputc
    printfb.o(i.__0vfprintf$bare) refers to printfb.o(i._printf_core) for _printf_core
    printfb.o(i.__0vfprintf$bare) refers to usart.o(i.fputc) for fputc
    printfb.o(i.__0vprintf$bare) refers to printfb.o(i._printf_core) for _printf_core
    printfb.o(i.__0vprintf$bare) refers to usart.o(i.fputc) for fputc
    printfb.o(i.__0vprintf$bare) refers to stdout.o(.data) for __stdout
    printfb.o(i.__0vsnprintf$bare) refers to printfb.o(i._printf_core) for _printf_core
    printfb.o(i.__0vsnprintf$bare) refers to printfb.o(i._snputc) for _snputc
    printfb.o(i.__0vsprintf$bare) refers to printfb.o(i._printf_core) for _printf_core
    printfb.o(i.__0vsprintf$bare) refers to printfb.o(i._sputc) for _sputc
    printf0.o(i.__0fprintf$0) refers to printf0.o(i._printf_core) for _printf_core
    printf0.o(i.__0fprintf$0) refers to usart.o(i.fputc) for fputc
    printf0.o(i.__0printf$0) refers to printf0.o(i._printf_core) for _printf_core
    printf0.o(i.__0printf$0) refers to usart.o(i.fputc) for fputc
    printf0.o(i.__0printf$0) refers to stdout.o(.data) for __stdout
    printf0.o(i.__0snprintf$0) refers to printf0.o(i._printf_core) for _printf_core
    printf0.o(i.__0snprintf$0) refers to printf0.o(i._snputc) for _snputc
    printf0.o(i.__0sprintf$0) refers to printf0.o(i._printf_core) for _printf_core
    printf0.o(i.__0sprintf$0) refers to printf0.o(i._sputc) for _sputc
    printf0.o(i.__0vfprintf$0) refers to printf0.o(i._printf_core) for _printf_core
    printf0.o(i.__0vfprintf$0) refers to usart.o(i.fputc) for fputc
    printf0.o(i.__0vprintf$0) refers to printf0.o(i._printf_core) for _printf_core
    printf0.o(i.__0vprintf$0) refers to usart.o(i.fputc) for fputc
    printf0.o(i.__0vprintf$0) refers to stdout.o(.data) for __stdout
    printf0.o(i.__0vsnprintf$0) refers to printf0.o(i._printf_core) for _printf_core
    printf0.o(i.__0vsnprintf$0) refers to printf0.o(i._snputc) for _snputc
    printf0.o(i.__0vsprintf$0) refers to printf0.o(i._printf_core) for _printf_core
    printf0.o(i.__0vsprintf$0) refers to printf0.o(i._sputc) for _sputc
    printf1.o(i.__0fprintf$1) refers to printf1.o(i._printf_core) for _printf_core
    printf1.o(i.__0fprintf$1) refers to usart.o(i.fputc) for fputc
    printf1.o(i.__0printf$1) refers to printf1.o(i._printf_core) for _printf_core
    printf1.o(i.__0printf$1) refers to usart.o(i.fputc) for fputc
    printf1.o(i.__0printf$1) refers to stdout.o(.data) for __stdout
    printf1.o(i.__0snprintf$1) refers to printf1.o(i._printf_core) for _printf_core
    printf1.o(i.__0snprintf$1) refers to printf1.o(i._snputc) for _snputc
    printf1.o(i.__0sprintf$1) refers to printf1.o(i._printf_core) for _printf_core
    printf1.o(i.__0sprintf$1) refers to printf1.o(i._sputc) for _sputc
    printf1.o(i.__0vfprintf$1) refers to printf1.o(i._printf_core) for _printf_core
    printf1.o(i.__0vfprintf$1) refers to usart.o(i.fputc) for fputc
    printf1.o(i.__0vprintf$1) refers to printf1.o(i._printf_core) for _printf_core
    printf1.o(i.__0vprintf$1) refers to usart.o(i.fputc) for fputc
    printf1.o(i.__0vprintf$1) refers to stdout.o(.data) for __stdout
    printf1.o(i.__0vsnprintf$1) refers to printf1.o(i._printf_core) for _printf_core
    printf1.o(i.__0vsnprintf$1) refers to printf1.o(i._snputc) for _snputc
    printf1.o(i.__0vsprintf$1) refers to printf1.o(i._printf_core) for _printf_core
    printf1.o(i.__0vsprintf$1) refers to printf1.o(i._sputc) for _sputc
    printf1.o(i._printf_core) refers to uidiv.o(.text) for __aeabi_uidivmod
    printf2.o(i.__0fprintf$2) refers to printf2.o(i._printf_core) for _printf_core
    printf2.o(i.__0fprintf$2) refers to usart.o(i.fputc) for fputc
    printf2.o(i.__0printf$2) refers to printf2.o(i._printf_core) for _printf_core
    printf2.o(i.__0printf$2) refers to usart.o(i.fputc) for fputc
    printf2.o(i.__0printf$2) refers to stdout.o(.data) for __stdout
    printf2.o(i.__0snprintf$2) refers to printf2.o(i._printf_core) for _printf_core
    printf2.o(i.__0snprintf$2) refers to printf2.o(i._snputc) for _snputc
    printf2.o(i.__0sprintf$2) refers to printf2.o(i._printf_core) for _printf_core
    printf2.o(i.__0sprintf$2) refers to printf2.o(i._sputc) for _sputc
    printf2.o(i.__0vfprintf$2) refers to printf2.o(i._printf_core) for _printf_core
    printf2.o(i.__0vfprintf$2) refers to usart.o(i.fputc) for fputc
    printf2.o(i.__0vprintf$2) refers to printf2.o(i._printf_core) for _printf_core
    printf2.o(i.__0vprintf$2) refers to usart.o(i.fputc) for fputc
    printf2.o(i.__0vprintf$2) refers to stdout.o(.data) for __stdout
    printf2.o(i.__0vsnprintf$2) refers to printf2.o(i._printf_core) for _printf_core
    printf2.o(i.__0vsnprintf$2) refers to printf2.o(i._snputc) for _snputc
    printf2.o(i.__0vsprintf$2) refers to printf2.o(i._printf_core) for _printf_core
    printf2.o(i.__0vsprintf$2) refers to printf2.o(i._sputc) for _sputc
    printf3.o(i.__0fprintf$3) refers to printf3.o(i._printf_core) for _printf_core
    printf3.o(i.__0fprintf$3) refers to usart.o(i.fputc) for fputc
    printf3.o(i.__0printf$3) refers to printf3.o(i._printf_core) for _printf_core
    printf3.o(i.__0printf$3) refers to usart.o(i.fputc) for fputc
    printf3.o(i.__0printf$3) refers to stdout.o(.data) for __stdout
    printf3.o(i.__0snprintf$3) refers to printf3.o(i._printf_core) for _printf_core
    printf3.o(i.__0snprintf$3) refers to printf3.o(i._snputc) for _snputc
    printf3.o(i.__0sprintf$3) refers to printf3.o(i._printf_core) for _printf_core
    printf3.o(i.__0sprintf$3) refers to printf3.o(i._sputc) for _sputc
    printf3.o(i.__0vfprintf$3) refers to printf3.o(i._printf_core) for _printf_core
    printf3.o(i.__0vfprintf$3) refers to usart.o(i.fputc) for fputc
    printf3.o(i.__0vprintf$3) refers to printf3.o(i._printf_core) for _printf_core
    printf3.o(i.__0vprintf$3) refers to usart.o(i.fputc) for fputc
    printf3.o(i.__0vprintf$3) refers to stdout.o(.data) for __stdout
    printf3.o(i.__0vsnprintf$3) refers to printf3.o(i._printf_core) for _printf_core
    printf3.o(i.__0vsnprintf$3) refers to printf3.o(i._snputc) for _snputc
    printf3.o(i.__0vsprintf$3) refers to printf3.o(i._printf_core) for _printf_core
    printf3.o(i.__0vsprintf$3) refers to printf3.o(i._sputc) for _sputc
    printf3.o(i._printf_core) refers to uidiv.o(.text) for __aeabi_uidivmod
    printf4.o(i.__0fprintf$4) refers to printf4.o(i._printf_core) for _printf_core
    printf4.o(i.__0fprintf$4) refers to usart.o(i.fputc) for fputc
    printf4.o(i.__0printf$4) refers to printf4.o(i._printf_core) for _printf_core
    printf4.o(i.__0printf$4) refers to usart.o(i.fputc) for fputc
    printf4.o(i.__0printf$4) refers to stdout.o(.data) for __stdout
    printf4.o(i.__0snprintf$4) refers to printf4.o(i._printf_core) for _printf_core
    printf4.o(i.__0snprintf$4) refers to printf4.o(i._snputc) for _snputc
    printf4.o(i.__0sprintf$4) refers to printf4.o(i._printf_core) for _printf_core
    printf4.o(i.__0sprintf$4) refers to printf4.o(i._sputc) for _sputc
    printf4.o(i.__0vfprintf$4) refers to printf4.o(i._printf_core) for _printf_core
    printf4.o(i.__0vfprintf$4) refers to usart.o(i.fputc) for fputc
    printf4.o(i.__0vprintf$4) refers to printf4.o(i._printf_core) for _printf_core
    printf4.o(i.__0vprintf$4) refers to usart.o(i.fputc) for fputc
    printf4.o(i.__0vprintf$4) refers to stdout.o(.data) for __stdout
    printf4.o(i.__0vsnprintf$4) refers to printf4.o(i._printf_core) for _printf_core
    printf4.o(i.__0vsnprintf$4) refers to printf4.o(i._snputc) for _snputc
    printf4.o(i.__0vsprintf$4) refers to printf4.o(i._printf_core) for _printf_core
    printf4.o(i.__0vsprintf$4) refers to printf4.o(i._sputc) for _sputc
    printf4.o(i._printf_core) refers to uldiv.o(.text) for __aeabi_uldivmod
    printf5.o(i.__0fprintf$5) refers to printf5.o(i._printf_core) for _printf_core
    printf5.o(i.__0fprintf$5) refers to usart.o(i.fputc) for fputc
    printf5.o(i.__0printf$5) refers to printf5.o(i._printf_core) for _printf_core
    printf5.o(i.__0printf$5) refers to usart.o(i.fputc) for fputc
    printf5.o(i.__0printf$5) refers to stdout.o(.data) for __stdout
    printf5.o(i.__0snprintf$5) refers to printf5.o(i._printf_core) for _printf_core
    printf5.o(i.__0snprintf$5) refers to printf5.o(i._snputc) for _snputc
    printf5.o(i.__0sprintf$5) refers to printf5.o(i._printf_core) for _printf_core
    printf5.o(i.__0sprintf$5) refers to printf5.o(i._sputc) for _sputc
    printf5.o(i.__0vfprintf$5) refers to printf5.o(i._printf_core) for _printf_core
    printf5.o(i.__0vfprintf$5) refers to usart.o(i.fputc) for fputc
    printf5.o(i.__0vprintf$5) refers to printf5.o(i._printf_core) for _printf_core
    printf5.o(i.__0vprintf$5) refers to usart.o(i.fputc) for fputc
    printf5.o(i.__0vprintf$5) refers to stdout.o(.data) for __stdout
    printf5.o(i.__0vsnprintf$5) refers to printf5.o(i._printf_core) for _printf_core
    printf5.o(i.__0vsnprintf$5) refers to printf5.o(i._snputc) for _snputc
    printf5.o(i.__0vsprintf$5) refers to printf5.o(i._printf_core) for _printf_core
    printf5.o(i.__0vsprintf$5) refers to printf5.o(i._sputc) for _sputc
    printf5.o(i._printf_core) refers to uldiv.o(.text) for __aeabi_uldivmod
    printf6.o(i.__0fprintf$6) refers to printf6.o(i._printf_core) for _printf_core
    printf6.o(i.__0fprintf$6) refers to usart.o(i.fputc) for fputc
    printf6.o(i.__0printf$6) refers to printf6.o(i._printf_core) for _printf_core
    printf6.o(i.__0printf$6) refers to usart.o(i.fputc) for fputc
    printf6.o(i.__0printf$6) refers to stdout.o(.data) for __stdout
    printf6.o(i.__0snprintf$6) refers to printf6.o(i._printf_core) for _printf_core
    printf6.o(i.__0snprintf$6) refers to printf6.o(i._snputc) for _snputc
    printf6.o(i.__0sprintf$6) refers to printf6.o(i._printf_core) for _printf_core
    printf6.o(i.__0sprintf$6) refers to printf6.o(i._sputc) for _sputc
    printf6.o(i.__0vfprintf$6) refers to printf6.o(i._printf_core) for _printf_core
    printf6.o(i.__0vfprintf$6) refers to usart.o(i.fputc) for fputc
    printf6.o(i.__0vprintf$6) refers to printf6.o(i._printf_core) for _printf_core
    printf6.o(i.__0vprintf$6) refers to usart.o(i.fputc) for fputc
    printf6.o(i.__0vprintf$6) refers to stdout.o(.data) for __stdout
    printf6.o(i.__0vsnprintf$6) refers to printf6.o(i._printf_core) for _printf_core
    printf6.o(i.__0vsnprintf$6) refers to printf6.o(i._snputc) for _snputc
    printf6.o(i.__0vsprintf$6) refers to printf6.o(i._printf_core) for _printf_core
    printf6.o(i.__0vsprintf$6) refers to printf6.o(i._sputc) for _sputc
    printf6.o(i._printf_core) refers to printf6.o(i._printf_pre_padding) for _printf_pre_padding
    printf6.o(i._printf_core) refers to uidiv.o(.text) for __aeabi_uidivmod
    printf6.o(i._printf_core) refers to printf6.o(i._printf_post_padding) for _printf_post_padding
    printf7.o(i.__0fprintf$7) refers to printf7.o(i._printf_core) for _printf_core
    printf7.o(i.__0fprintf$7) refers to usart.o(i.fputc) for fputc
    printf7.o(i.__0printf$7) refers to printf7.o(i._printf_core) for _printf_core
    printf7.o(i.__0printf$7) refers to usart.o(i.fputc) for fputc
    printf7.o(i.__0printf$7) refers to stdout.o(.data) for __stdout
    printf7.o(i.__0snprintf$7) refers to printf7.o(i._printf_core) for _printf_core
    printf7.o(i.__0snprintf$7) refers to printf7.o(i._snputc) for _snputc
    printf7.o(i.__0sprintf$7) refers to printf7.o(i._printf_core) for _printf_core
    printf7.o(i.__0sprintf$7) refers to printf7.o(i._sputc) for _sputc
    printf7.o(i.__0vfprintf$7) refers to printf7.o(i._printf_core) for _printf_core
    printf7.o(i.__0vfprintf$7) refers to usart.o(i.fputc) for fputc
    printf7.o(i.__0vprintf$7) refers to printf7.o(i._printf_core) for _printf_core
    printf7.o(i.__0vprintf$7) refers to usart.o(i.fputc) for fputc
    printf7.o(i.__0vprintf$7) refers to stdout.o(.data) for __stdout
    printf7.o(i.__0vsnprintf$7) refers to printf7.o(i._printf_core) for _printf_core
    printf7.o(i.__0vsnprintf$7) refers to printf7.o(i._snputc) for _snputc
    printf7.o(i.__0vsprintf$7) refers to printf7.o(i._printf_core) for _printf_core
    printf7.o(i.__0vsprintf$7) refers to printf7.o(i._sputc) for _sputc
    printf7.o(i._printf_core) refers to printf7.o(i._printf_pre_padding) for _printf_pre_padding
    printf7.o(i._printf_core) refers to uldiv.o(.text) for __aeabi_uldivmod
    printf7.o(i._printf_core) refers to printf7.o(i._printf_post_padding) for _printf_post_padding
    printf8.o(i.__0fprintf$8) refers to printf8.o(i._printf_core) for _printf_core
    printf8.o(i.__0fprintf$8) refers to usart.o(i.fputc) for fputc
    printf8.o(i.__0printf$8) refers to printf8.o(i._printf_core) for _printf_core
    printf8.o(i.__0printf$8) refers to usart.o(i.fputc) for fputc
    printf8.o(i.__0printf$8) refers to stdout.o(.data) for __stdout
    printf8.o(i.__0snprintf$8) refers to printf8.o(i._printf_core) for _printf_core
    printf8.o(i.__0snprintf$8) refers to printf8.o(i._snputc) for _snputc
    printf8.o(i.__0sprintf$8) refers to printf8.o(i._printf_core) for _printf_core
    printf8.o(i.__0sprintf$8) refers to printf8.o(i._sputc) for _sputc
    printf8.o(i.__0vfprintf$8) refers to printf8.o(i._printf_core) for _printf_core
    printf8.o(i.__0vfprintf$8) refers to usart.o(i.fputc) for fputc
    printf8.o(i.__0vprintf$8) refers to printf8.o(i._printf_core) for _printf_core
    printf8.o(i.__0vprintf$8) refers to usart.o(i.fputc) for fputc
    printf8.o(i.__0vprintf$8) refers to stdout.o(.data) for __stdout
    printf8.o(i.__0vsnprintf$8) refers to printf8.o(i._printf_core) for _printf_core
    printf8.o(i.__0vsnprintf$8) refers to printf8.o(i._snputc) for _snputc
    printf8.o(i.__0vsprintf$8) refers to printf8.o(i._printf_core) for _printf_core
    printf8.o(i.__0vsprintf$8) refers to printf8.o(i._sputc) for _sputc
    printf8.o(i._printf_core) refers to printf8.o(i._printf_pre_padding) for _printf_pre_padding
    printf8.o(i._printf_core) refers to uldiv.o(.text) for __aeabi_uldivmod
    printf8.o(i._printf_core) refers to printf8.o(i._printf_post_padding) for _printf_post_padding
    printfa.o(i.__0fprintf) refers (Special) to iusefp.o(.text) for __I$use$fp
    printfa.o(i.__0fprintf) refers to printfa.o(i._printf_core) for _printf_core
    printfa.o(i.__0fprintf) refers to usart.o(i.fputc) for fputc
    printfa.o(i.__0printf) refers (Special) to iusefp.o(.text) for __I$use$fp
    printfa.o(i.__0printf) refers to printfa.o(i._printf_core) for _printf_core
    printfa.o(i.__0printf) refers to usart.o(i.fputc) for fputc
    printfa.o(i.__0printf) refers to stdout.o(.data) for __stdout
    printfa.o(i.__0snprintf) refers (Special) to iusefp.o(.text) for __I$use$fp
    printfa.o(i.__0snprintf) refers to printfa.o(i._printf_core) for _printf_core
    printfa.o(i.__0snprintf) refers to printfa.o(i._snputc) for _snputc
    printfa.o(i.__0sprintf) refers (Special) to iusefp.o(.text) for __I$use$fp
    printfa.o(i.__0sprintf) refers to printfa.o(i._printf_core) for _printf_core
    printfa.o(i.__0sprintf) refers to printfa.o(i._sputc) for _sputc
    printfa.o(i.__0vfprintf) refers (Special) to iusefp.o(.text) for __I$use$fp
    printfa.o(i.__0vfprintf) refers to printfa.o(i._printf_core) for _printf_core
    printfa.o(i.__0vfprintf) refers to usart.o(i.fputc) for fputc
    printfa.o(i.__0vprintf) refers (Special) to iusefp.o(.text) for __I$use$fp
    printfa.o(i.__0vprintf) refers to printfa.o(i._printf_core) for _printf_core
    printfa.o(i.__0vprintf) refers to usart.o(i.fputc) for fputc
    printfa.o(i.__0vprintf) refers to stdout.o(.data) for __stdout
    printfa.o(i.__0vsnprintf) refers (Special) to iusefp.o(.text) for __I$use$fp
    printfa.o(i.__0vsnprintf) refers to printfa.o(i._printf_core) for _printf_core
    printfa.o(i.__0vsnprintf) refers to printfa.o(i._snputc) for _snputc
    printfa.o(i.__0vsprintf) refers (Special) to iusefp.o(.text) for __I$use$fp
    printfa.o(i.__0vsprintf) refers to printfa.o(i._printf_core) for _printf_core
    printfa.o(i.__0vsprintf) refers to printfa.o(i._sputc) for _sputc
    printfa.o(i._fp_digits) refers (Special) to iusefp.o(.text) for __I$use$fp
    printfa.o(i._fp_digits) refers to dmul.o(.text) for __aeabi_dmul
    printfa.o(i._fp_digits) refers to ddiv.o(.text) for __aeabi_ddiv
    printfa.o(i._fp_digits) refers to cdrcmple.o(.text) for __aeabi_cdrcmple
    printfa.o(i._fp_digits) refers to dadd.o(.text) for __aeabi_dadd
    printfa.o(i._fp_digits) refers to dfixul.o(.text) for __aeabi_d2ulz
    printfa.o(i._fp_digits) refers to uldiv.o(.text) for __aeabi_uldivmod
    printfa.o(i._printf_core) refers (Special) to iusefp.o(.text) for __I$use$fp
    printfa.o(i._printf_core) refers to printfa.o(i._printf_pre_padding) for _printf_pre_padding
    printfa.o(i._printf_core) refers to uldiv.o(.text) for __aeabi_uldivmod
    printfa.o(i._printf_core) refers to printfa.o(i._printf_post_padding) for _printf_post_padding
    printfa.o(i._printf_core) refers to printfa.o(i._fp_digits) for _fp_digits
    printfa.o(i._printf_core) refers to uidiv.o(.text) for __aeabi_uidivmod
    printfa.o(i._printf_post_padding) refers (Special) to iusefp.o(.text) for __I$use$fp
    printfa.o(i._printf_pre_padding) refers (Special) to iusefp.o(.text) for __I$use$fp
    printfa.o(i._snputc) refers (Special) to iusefp.o(.text) for __I$use$fp
    printfa.o(i._sputc) refers (Special) to iusefp.o(.text) for __I$use$fp
    entry2.o(.ARM.Collect$$$$00000001) refers to entry2.o(.ARM.Collect$$$$00002712) for __lit__00000000
    entry2.o(.ARM.Collect$$$$00002712) refers to startup_stm32f10x_hd.o(STACK) for __initial_sp
    entry2.o(__vectab_stack_and_reset_area) refers to startup_stm32f10x_hd.o(STACK) for __initial_sp
    entry2.o(__vectab_stack_and_reset_area) refers to entry.o(.ARM.Collect$$$$00000000) for __main
    entry5.o(.ARM.Collect$$$$00000004) refers to init.o(.text) for __scatterload
    entry9a.o(.ARM.Collect$$$$0000000B) refers to main.o(i.main) for main
    entry9b.o(.ARM.Collect$$$$0000000C) refers to main.o(i.main) for main
    uldiv.o(.text) refers to llushr.o(.text) for __aeabi_llsr
    uldiv.o(.text) refers to llshl.o(.text) for __aeabi_llsl
    dadd.o(.text) refers to llshl.o(.text) for __aeabi_llsl
    dadd.o(.text) refers to llsshr.o(.text) for __aeabi_lasr
    dadd.o(.text) refers to depilogue.o(.text) for _double_epilogue
    dmul.o(.text) refers to depilogue.o(.text) for _double_epilogue
    ddiv.o(.text) refers to depilogue.o(.text) for _double_round
    dfixul.o(.text) refers to llushr.o(.text) for __aeabi_llsr
    dfixul.o(.text) refers to llshl.o(.text) for __aeabi_llsl
    init.o(.text) refers to entry5.o(.ARM.Collect$$$$00000004) for __main_after_scatterload
    depilogue.o(.text) refers to llshl.o(.text) for __aeabi_llsl
    depilogue.o(.text) refers to llushr.o(.text) for __aeabi_llsr


==============================================================================

Removing Unused input sections from the image.

    Removing stm32f10x_gpio.o(i.GPIO_AFIODeInit), (20 bytes).
    Removing stm32f10x_gpio.o(i.GPIO_DeInit), (200 bytes).
    Removing stm32f10x_gpio.o(i.GPIO_ETH_MediaInterfaceConfig), (12 bytes).
    Removing stm32f10x_gpio.o(i.GPIO_EXTILineConfig), (64 bytes).
    Removing stm32f10x_gpio.o(i.GPIO_EventOutputCmd), (12 bytes).
    Removing stm32f10x_gpio.o(i.GPIO_EventOutputConfig), (32 bytes).
    Removing stm32f10x_gpio.o(i.GPIO_PinLockConfig), (18 bytes).
    Removing stm32f10x_gpio.o(i.GPIO_PinRemapConfig), (144 bytes).
    Removing stm32f10x_gpio.o(i.GPIO_ReadInputData), (8 bytes).
    Removing stm32f10x_gpio.o(i.GPIO_ReadInputDataBit), (18 bytes).
    Removing stm32f10x_gpio.o(i.GPIO_ReadOutputData), (8 bytes).
    Removing stm32f10x_gpio.o(i.GPIO_ReadOutputDataBit), (18 bytes).
    Removing stm32f10x_gpio.o(i.GPIO_StructInit), (16 bytes).
    Removing stm32f10x_gpio.o(i.GPIO_Write), (4 bytes).
    Removing stm32f10x_gpio.o(i.GPIO_WriteBit), (10 bytes).
    Removing stm32f10x_rcc.o(i.RCC_ADCCLKConfig), (24 bytes).
    Removing stm32f10x_rcc.o(i.RCC_AHBPeriphClockCmd), (32 bytes).
    Removing stm32f10x_rcc.o(i.RCC_APB1PeriphResetCmd), (32 bytes).
    Removing stm32f10x_rcc.o(i.RCC_APB2PeriphResetCmd), (32 bytes).
    Removing stm32f10x_rcc.o(i.RCC_AdjustHSICalibrationValue), (24 bytes).
    Removing stm32f10x_rcc.o(i.RCC_BackupResetCmd), (12 bytes).
    Removing stm32f10x_rcc.o(i.RCC_ClearFlag), (20 bytes).
    Removing stm32f10x_rcc.o(i.RCC_ClearITPendingBit), (12 bytes).
    Removing stm32f10x_rcc.o(i.RCC_ClockSecuritySystemCmd), (12 bytes).
    Removing stm32f10x_rcc.o(i.RCC_DeInit), (76 bytes).
    Removing stm32f10x_rcc.o(i.RCC_GetFlagStatus), (60 bytes).
    Removing stm32f10x_rcc.o(i.RCC_GetITStatus), (24 bytes).
    Removing stm32f10x_rcc.o(i.RCC_GetSYSCLKSource), (16 bytes).
    Removing stm32f10x_rcc.o(i.RCC_HCLKConfig), (24 bytes).
    Removing stm32f10x_rcc.o(i.RCC_HSEConfig), (76 bytes).
    Removing stm32f10x_rcc.o(i.RCC_HSICmd), (12 bytes).
    Removing stm32f10x_rcc.o(i.RCC_ITConfig), (32 bytes).
    Removing stm32f10x_rcc.o(i.RCC_LSEConfig), (52 bytes).
    Removing stm32f10x_rcc.o(i.RCC_LSICmd), (12 bytes).
    Removing stm32f10x_rcc.o(i.RCC_MCOConfig), (12 bytes).
    Removing stm32f10x_rcc.o(i.RCC_PCLK1Config), (24 bytes).
    Removing stm32f10x_rcc.o(i.RCC_PCLK2Config), (24 bytes).
    Removing stm32f10x_rcc.o(i.RCC_PLLCmd), (12 bytes).
    Removing stm32f10x_rcc.o(i.RCC_PLLConfig), (28 bytes).
    Removing stm32f10x_rcc.o(i.RCC_RTCCLKCmd), (12 bytes).
    Removing stm32f10x_rcc.o(i.RCC_RTCCLKConfig), (16 bytes).
    Removing stm32f10x_rcc.o(i.RCC_SYSCLKConfig), (24 bytes).
    Removing stm32f10x_rcc.o(i.RCC_USBCLKConfig), (12 bytes).
    Removing stm32f10x_rcc.o(i.RCC_WaitForHSEStartUp), (56 bytes).
    Removing stm32f10x_spi.o(i.I2S_Cmd), (24 bytes).
    Removing stm32f10x_spi.o(i.I2S_Init), (232 bytes).
    Removing stm32f10x_spi.o(i.I2S_StructInit), (20 bytes).
    Removing stm32f10x_spi.o(i.SPI_BiDirectionalLineConfig), (28 bytes).
    Removing stm32f10x_spi.o(i.SPI_CalculateCRC), (24 bytes).
    Removing stm32f10x_spi.o(i.SPI_DataSizeConfig), (18 bytes).
    Removing stm32f10x_spi.o(i.SPI_GetCRC), (16 bytes).
    Removing stm32f10x_spi.o(i.SPI_GetCRCPolynomial), (6 bytes).
    Removing stm32f10x_spi.o(i.SPI_I2S_ClearFlag), (6 bytes).
    Removing stm32f10x_spi.o(i.SPI_I2S_ClearITPendingBit), (20 bytes).
    Removing stm32f10x_spi.o(i.SPI_I2S_DMACmd), (18 bytes).
    Removing stm32f10x_spi.o(i.SPI_I2S_DeInit), (88 bytes).
    Removing stm32f10x_spi.o(i.SPI_I2S_GetITStatus), (52 bytes).
    Removing stm32f10x_spi.o(i.SPI_I2S_ITConfig), (32 bytes).
    Removing stm32f10x_spi.o(i.SPI_NSSInternalSoftwareConfig), (30 bytes).
    Removing stm32f10x_spi.o(i.SPI_SSOutputCmd), (24 bytes).
    Removing stm32f10x_spi.o(i.SPI_StructInit), (24 bytes).
    Removing stm32f10x_spi.o(i.SPI_TransmitCRC), (10 bytes).
    Removing stm32f10x_usart.o(i.USART_ClearFlag), (18 bytes).
    Removing stm32f10x_usart.o(i.USART_ClearITPendingBit), (30 bytes).
    Removing stm32f10x_usart.o(i.USART_ClockInit), (34 bytes).
    Removing stm32f10x_usart.o(i.USART_ClockStructInit), (12 bytes).
    Removing stm32f10x_usart.o(i.USART_DMACmd), (18 bytes).
    Removing stm32f10x_usart.o(i.USART_DeInit), (156 bytes).
    Removing stm32f10x_usart.o(i.USART_HalfDuplexCmd), (24 bytes).
    Removing stm32f10x_usart.o(i.USART_IrDACmd), (24 bytes).
    Removing stm32f10x_usart.o(i.USART_IrDAConfig), (18 bytes).
    Removing stm32f10x_usart.o(i.USART_LINBreakDetectLengthConfig), (18 bytes).
    Removing stm32f10x_usart.o(i.USART_LINCmd), (24 bytes).
    Removing stm32f10x_usart.o(i.USART_OneBitMethodCmd), (24 bytes).
    Removing stm32f10x_usart.o(i.USART_OverSampling8Cmd), (22 bytes).
    Removing stm32f10x_usart.o(i.USART_ReceiverWakeUpCmd), (24 bytes).
    Removing stm32f10x_usart.o(i.USART_SendBreak), (10 bytes).
    Removing stm32f10x_usart.o(i.USART_SetAddress), (18 bytes).
    Removing stm32f10x_usart.o(i.USART_SetGuardTime), (16 bytes).
    Removing stm32f10x_usart.o(i.USART_SetPrescaler), (16 bytes).
    Removing stm32f10x_usart.o(i.USART_SmartCardCmd), (24 bytes).
    Removing stm32f10x_usart.o(i.USART_SmartCardNACKCmd), (24 bytes).
    Removing stm32f10x_usart.o(i.USART_StructInit), (24 bytes).
    Removing stm32f10x_usart.o(i.USART_WakeUpConfig), (18 bytes).
    Removing misc.o(i.NVIC_SystemLPConfig), (32 bytes).
    Removing misc.o(i.SysTick_CLKSourceConfig), (40 bytes).
    Removing core_cm3.o(.emb_text), (32 bytes).
    Removing system_stm32f10x.o(i.SystemCoreClockUpdate), (164 bytes).
    Removing system_stm32f10x.o(.data), (20 bytes).
    Removing startup_stm32f10x_hd.o(HEAP), (512 bytes).
    Removing device.o(i.reboot), (12 bytes).
    Removing socket.o(i.disconnect), (38 bytes).
    Removing socket.o(i.listen), (62 bytes).
    Removing socket.o(i.recvfrom), (512 bytes).
    Removing socket.o(i.send_ka), (20 bytes).
    Removing socket.o(i.sendto), (268 bytes).
    Removing ult.o(i.ATOI), (32 bytes).
    Removing ult.o(i.ATOI32), (32 bytes).
    Removing ult.o(i.C2D), (54 bytes).
    Removing ult.o(i.Delay_s), (22 bytes).
    Removing ult.o(i.ValidATOI), (72 bytes).
    Removing ult.o(i.inet_addr_), (96 bytes).
    Removing ult.o(i.itoa), (64 bytes).
    Removing ult.o(i.mid), (68 bytes).
    Removing ult.o(i.replacetochar), (26 bytes).
    Removing ult.o(i.swapl), (28 bytes).
    Removing ult.o(i.swaps), (14 bytes).
    Removing usart.o(i.USART1_Putc), (32 bytes).
    Removing usart.o(i.USART1_Puts), (44 bytes).
    Removing w5500.o(i.clearIR), (26 bytes).
    Removing w5500.o(i.getGWIP), (16 bytes).
    Removing w5500.o(i.getIINCHIP_RxMAX), (16 bytes).
    Removing w5500.o(i.getIR), (12 bytes).
    Removing w5500.o(i.getISR), (12 bytes).
    Removing w5500.o(i.getSHAR), (18 bytes).
    Removing w5500.o(i.iinchip_init), (10 bytes).
    Removing w5500.o(i.putISR), (12 bytes).
    Removing w5500.o(i.setMR), (14 bytes).
    Removing w5500.o(i.setSn_MSS), (36 bytes).
    Removing w5500.o(i.setSn_TTL), (22 bytes).
    Removing w5500.o(.data), (8 bytes).
    Removing mqttconnectclient.o(i.MQTTDeserialize_connack), (118 bytes).
    Removing mqttconnectclient.o(i.MQTTSerialize_connect), (360 bytes).
    Removing mqttconnectclient.o(i.MQTTSerialize_connectLength), (118 bytes).
    Removing mqttconnectclient.o(i.MQTTSerialize_disconnect), (18 bytes).
    Removing mqttconnectclient.o(i.MQTTSerialize_pingreq), (18 bytes).
    Removing mqttconnectclient.o(i.MQTTSerialize_zero), (76 bytes).
    Removing mqttconnectserver.o(i.MQTTDeserialize_connect), (298 bytes).
    Removing mqttconnectserver.o(i.MQTTPacket_checkVersion), (92 bytes).
    Removing mqttconnectserver.o(i.MQTTSerialize_connack), (118 bytes).
    Removing mqttdeserializepublish.o(i.MQTTDeserialize_ack), (108 bytes).
    Removing mqttdeserializepublish.o(i.MQTTDeserialize_publish), (168 bytes).
    Removing mqttformat.o(i.MQTTPacket_getName), (16 bytes).
    Removing mqttformat.o(i.MQTTStringFormat_ack), (100 bytes).
    Removing mqttformat.o(i.MQTTStringFormat_connack), (72 bytes).
    Removing mqttformat.o(i.MQTTStringFormat_connect), (192 bytes).
    Removing mqttformat.o(i.MQTTStringFormat_publish), (84 bytes).
    Removing mqttformat.o(i.MQTTStringFormat_suback), (84 bytes).
    Removing mqttformat.o(i.MQTTStringFormat_subscribe), (120 bytes).
    Removing mqttformat.o(i.MQTTStringFormat_unsubscribe), (104 bytes).
    Removing mqttformat.o(.conststring), (383 bytes).
    Removing mqttformat.o(.data), (60 bytes).
    Removing mqttpacket.o(i.MQTTPacket_decode), (88 bytes).
    Removing mqttpacket.o(i.MQTTPacket_decodeBuf), (28 bytes).
    Removing mqttpacket.o(i.MQTTPacket_decodenb), (104 bytes).
    Removing mqttpacket.o(i.MQTTPacket_encode), (54 bytes).
    Removing mqttpacket.o(i.MQTTPacket_equals), (66 bytes).
    Removing mqttpacket.o(i.MQTTPacket_len), (40 bytes).
    Removing mqttpacket.o(i.MQTTPacket_read), (102 bytes).
    Removing mqttpacket.o(i.MQTTPacket_readnb), (204 bytes).
    Removing mqttpacket.o(i.MQTTstrlen), (24 bytes).
    Removing mqttpacket.o(i.bufchar), (40 bytes).
    Removing mqttpacket.o(i.getLenStringLen), (18 bytes).
    Removing mqttpacket.o(i.readChar), (14 bytes).
    Removing mqttpacket.o(i.readInt), (26 bytes).
    Removing mqttpacket.o(i.readMQTTLenString), (58 bytes).
    Removing mqttpacket.o(i.writeCString), (40 bytes).
    Removing mqttpacket.o(i.writeChar), (12 bytes).
    Removing mqttpacket.o(i.writeInt), (48 bytes).
    Removing mqttpacket.o(i.writeMQTTString), (62 bytes).
    Removing mqttpacket.o(.data), (4 bytes).
    Removing mqttserializepublish.o(i.MQTTSerialize_ack), (114 bytes).
    Removing mqttserializepublish.o(i.MQTTSerialize_puback), (24 bytes).
    Removing mqttserializepublish.o(i.MQTTSerialize_pubcomp), (24 bytes).
    Removing mqttserializepublish.o(i.MQTTSerialize_publish), (176 bytes).
    Removing mqttserializepublish.o(i.MQTTSerialize_publishLength), (34 bytes).
    Removing mqttserializepublish.o(i.MQTTSerialize_pubrel), (26 bytes).
    Removing mqttsubscribeclient.o(i.MQTTDeserialize_suback), (146 bytes).
    Removing mqttsubscribeclient.o(i.MQTTSerialize_subscribe), (176 bytes).
    Removing mqttsubscribeclient.o(i.MQTTSerialize_subscribeLength), (46 bytes).
    Removing mqttsubscribeserver.o(i.MQTTDeserialize_subscribe), (166 bytes).
    Removing mqttsubscribeserver.o(i.MQTTSerialize_suback), (120 bytes).
    Removing mqttunsubscribeclient.o(i.MQTTDeserialize_unsuback), (46 bytes).
    Removing mqttunsubscribeclient.o(i.MQTTSerialize_unsubscribe), (166 bytes).
    Removing mqttunsubscribeclient.o(i.MQTTSerialize_unsubscribeLength), (46 bytes).
    Removing mqttunsubscribeserver.o(i.MQTTDeserialize_unsubscribe), (144 bytes).
    Removing mqttunsubscribeserver.o(i.MQTTSerialize_unsuback), (86 bytes).
    Removing transport.o(i.transport_close), (52 bytes).
    Removing transport.o(i.transport_getdata), (22 bytes).
    Removing transport.o(i.transport_sendPacketBuffer), (28 bytes).
    Removing dadd.o(.text), (334 bytes).
    Removing dmul.o(.text), (228 bytes).
    Removing ddiv.o(.text), (222 bytes).
    Removing dfixul.o(.text), (48 bytes).
    Removing cdrcmple.o(.text), (48 bytes).
    Removing depilogue.o(.text), (186 bytes).

186 unused section(s) (total 11601 bytes) removed from the image.

==============================================================================

Image Symbol Table

    Local Symbols

    Symbol Name                              Value     Ov Type        Size  Object(Section)

    ../clib/microlib/division.c              0x00000000   Number         0  uldiv.o ABSOLUTE
    ../clib/microlib/division.c              0x00000000   Number         0  uidiv.o ABSOLUTE
    ../clib/microlib/init/entry.s            0x00000000   Number         0  entry5.o ABSOLUTE
    ../clib/microlib/init/entry.s            0x00000000   Number         0  entry.o ABSOLUTE
    ../clib/microlib/init/entry.s            0x00000000   Number         0  entry11a.o ABSOLUTE
    ../clib/microlib/init/entry.s            0x00000000   Number         0  entry10b.o ABSOLUTE
    ../clib/microlib/init/entry.s            0x00000000   Number         0  entry7b.o ABSOLUTE
    ../clib/microlib/init/entry.s            0x00000000   Number         0  entry10a.o ABSOLUTE
    ../clib/microlib/init/entry.s            0x00000000   Number         0  entry9b.o ABSOLUTE
    ../clib/microlib/init/entry.s            0x00000000   Number         0  entry7a.o ABSOLUTE
    ../clib/microlib/init/entry.s            0x00000000   Number         0  entry11b.o ABSOLUTE
    ../clib/microlib/init/entry.s            0x00000000   Number         0  entry9a.o ABSOLUTE
    ../clib/microlib/init/entry.s            0x00000000   Number         0  entry8b.o ABSOLUTE
    ../clib/microlib/init/entry.s            0x00000000   Number         0  entry8a.o ABSOLUTE
    ../clib/microlib/init/entry.s            0x00000000   Number         0  entry2.o ABSOLUTE
    ../clib/microlib/longlong.c              0x00000000   Number         0  llsshr.o ABSOLUTE
    ../clib/microlib/longlong.c              0x00000000   Number         0  llushr.o ABSOLUTE
    ../clib/microlib/longlong.c              0x00000000   Number         0  llshl.o ABSOLUTE
    ../clib/microlib/printf/printf.c         0x00000000   Number         0  printfb.o ABSOLUTE
    ../clib/microlib/printf/printf.c         0x00000000   Number         0  printf8.o ABSOLUTE
    ../clib/microlib/printf/printf.c         0x00000000   Number         0  printfa.o ABSOLUTE
    ../clib/microlib/printf/printf.c         0x00000000   Number         0  printf3.o ABSOLUTE
    ../clib/microlib/printf/printf.c         0x00000000   Number         0  printf2.o ABSOLUTE
    ../clib/microlib/printf/printf.c         0x00000000   Number         0  printf1.o ABSOLUTE
    ../clib/microlib/printf/printf.c         0x00000000   Number         0  printf4.o ABSOLUTE
    ../clib/microlib/printf/printf.c         0x00000000   Number         0  printf7.o ABSOLUTE
    ../clib/microlib/printf/printf.c         0x00000000   Number         0  printf6.o ABSOLUTE
    ../clib/microlib/printf/printf.c         0x00000000   Number         0  printf5.o ABSOLUTE
    ../clib/microlib/printf/printf.c         0x00000000   Number         0  printf0.o ABSOLUTE
    ../clib/microlib/printf/stubs.s          0x00000000   Number         0  stubs.o ABSOLUTE
    ../clib/microlib/stdio/streams.c         0x00000000   Number         0  stdout.o ABSOLUTE
    ../clib/microlib/string/memcmp.c         0x00000000   Number         0  memcmp.o ABSOLUTE
    ../clib/microlib/string/memcpy.c         0x00000000   Number         0  memcpyb.o ABSOLUTE
    ../clib/microlib/string/memcpy.c         0x00000000   Number         0  memcpya.o ABSOLUTE
    ../clib/microlib/string/memset.c         0x00000000   Number         0  memseta.o ABSOLUTE
    ../clib/microlib/string/strcpy.c         0x00000000   Number         0  strcpy.o ABSOLUTE
    ../clib/microlib/string/strlen.c         0x00000000   Number         0  strlen.o ABSOLUTE
    ../clib/microlib/string/strncmp.c        0x00000000   Number         0  strncmp.o ABSOLUTE
    ../clib/microlib/string/strncpy.c        0x00000000   Number         0  strncpy.o ABSOLUTE
    ../clib/microlib/string/strstr.c         0x00000000   Number         0  strstr.o ABSOLUTE
    ../clib/microlib/string/strtok.c         0x00000000   Number         0  strtok.o ABSOLUTE
    ../clib/microlib/string/strtok.c         0x00000000   Number         0  strtok_r.o ABSOLUTE
    ../clib/microlib/stubs.s                 0x00000000   Number         0  iusefp.o ABSOLUTE
    ../fplib/microlib/fpadd.c                0x00000000   Number         0  dadd.o ABSOLUTE
    ../fplib/microlib/fpdiv.c                0x00000000   Number         0  ddiv.o ABSOLUTE
    ../fplib/microlib/fpepilogue.c           0x00000000   Number         0  depilogue.o ABSOLUTE
    ../fplib/microlib/fpfix.c                0x00000000   Number         0  dfixul.o ABSOLUTE
    ../fplib/microlib/fpmul.c                0x00000000   Number         0  dmul.o ABSOLUTE
    ..\STM32XX_Driver\src\misc.c             0x00000000   Number         0  misc.o ABSOLUTE
    ..\STM32XX_Driver\src\stm32f10x_gpio.c   0x00000000   Number         0  stm32f10x_gpio.o ABSOLUTE
    ..\STM32XX_Driver\src\stm32f10x_rcc.c    0x00000000   Number         0  stm32f10x_rcc.o ABSOLUTE
    ..\STM32XX_Driver\src\stm32f10x_spi.c    0x00000000   Number         0  stm32f10x_spi.o ABSOLUTE
    ..\STM32XX_Driver\src\stm32f10x_usart.c  0x00000000   Number         0  stm32f10x_usart.o ABSOLUTE
    ..\System\core_cm3.c                     0x00000000   Number         0  core_cm3.o ABSOLUTE
    ..\System\startup_stm32f10x_hd.s         0x00000000   Number         0  startup_stm32f10x_hd.o ABSOLUTE
    ..\System\system_stm32f10x.c             0x00000000   Number         0  system_stm32f10x.o ABSOLUTE
    ..\User\Application\main.c               0x00000000   Number         0  main.o ABSOLUTE
    ..\User\Application\stm32f10x_it.c       0x00000000   Number         0  stm32f10x_it.o ABSOLUTE
    ..\User\Driver\device.c                  0x00000000   Number         0  device.o ABSOLUTE
    ..\User\Driver\socket.c                  0x00000000   Number         0  socket.o ABSOLUTE
    ..\User\Driver\spi2.c                    0x00000000   Number         0  spi2.o ABSOLUTE
    ..\User\Driver\tcpc.c                    0x00000000   Number         0  tcpc.o ABSOLUTE
    ..\User\Driver\ult.c                     0x00000000   Number         0  ult.o ABSOLUTE
    ..\User\Driver\usart.c                   0x00000000   Number         0  usart.o ABSOLUTE
    ..\User\Driver\w5500.c                   0x00000000   Number         0  w5500.o ABSOLUTE
    ..\User\MQTT\MQTTConnectClient.c         0x00000000   Number         0  mqttconnectclient.o ABSOLUTE
    ..\User\MQTT\MQTTConnectServer.c         0x00000000   Number         0  mqttconnectserver.o ABSOLUTE
    ..\User\MQTT\MQTTDeserializePublish.c    0x00000000   Number         0  mqttdeserializepublish.o ABSOLUTE
    ..\User\MQTT\MQTTFormat.c                0x00000000   Number         0  mqttformat.o ABSOLUTE
    ..\User\MQTT\MQTTPacket.c                0x00000000   Number         0  mqttpacket.o ABSOLUTE
    ..\User\MQTT\MQTTSerializePublish.c      0x00000000   Number         0  mqttserializepublish.o ABSOLUTE
    ..\User\MQTT\MQTTSubscribeClient.c       0x00000000   Number         0  mqttsubscribeclient.o ABSOLUTE
    ..\User\MQTT\MQTTSubscribeServer.c       0x00000000   Number         0  mqttsubscribeserver.o ABSOLUTE
    ..\User\MQTT\MQTTUnsubscribeClient.c     0x00000000   Number         0  mqttunsubscribeclient.o ABSOLUTE
    ..\User\MQTT\MQTTUnsubscribeServer.c     0x00000000   Number         0  mqttunsubscribeserver.o ABSOLUTE
    ..\User\MQTT\transport.c                 0x00000000   Number         0  transport.o ABSOLUTE
    ..\\System\\core_cm3.c                   0x00000000   Number         0  core_cm3.o ABSOLUTE
    cdrcmple.s                               0x00000000   Number         0  cdrcmple.o ABSOLUTE
    dc.s                                     0x00000000   Number         0  dc.o ABSOLUTE
    handlers.s                               0x00000000   Number         0  handlers.o ABSOLUTE
    init.s                                   0x00000000   Number         0  init.o ABSOLUTE
    RESET                                    0x08000000   Section      304  startup_stm32f10x_hd.o(RESET)
    .ARM.Collect$$$$00000000                 0x08000130   Section        0  entry.o(.ARM.Collect$$$$00000000)
    .ARM.Collect$$$$00000001                 0x08000130   Section        4  entry2.o(.ARM.Collect$$$$00000001)
    .ARM.Collect$$$$00000004                 0x08000134   Section        4  entry5.o(.ARM.Collect$$$$00000004)
    .ARM.Collect$$$$00000008                 0x08000138   Section        0  entry7b.o(.ARM.Collect$$$$00000008)
    .ARM.Collect$$$$0000000A                 0x08000138   Section        0  entry8b.o(.ARM.Collect$$$$0000000A)
    .ARM.Collect$$$$0000000B                 0x08000138   Section        8  entry9a.o(.ARM.Collect$$$$0000000B)
    .ARM.Collect$$$$0000000D                 0x08000140   Section        0  entry10a.o(.ARM.Collect$$$$0000000D)
    .ARM.Collect$$$$0000000F                 0x08000140   Section        0  entry11a.o(.ARM.Collect$$$$0000000F)
    .ARM.Collect$$$$00002712                 0x08000140   Section        4  entry2.o(.ARM.Collect$$$$00002712)
    __lit__00000000                          0x08000140   Data           4  entry2.o(.ARM.Collect$$$$00002712)
    .text                                    0x08000144   Section       36  startup_stm32f10x_hd.o(.text)
    .text                                    0x08000168   Section        0  memseta.o(.text)
    .text                                    0x0800018c   Section        0  uidiv.o(.text)
    .text                                    0x080001b8   Section       36  init.o(.text)
    i.BusFault_Handler                       0x080001dc   Section        0  stm32f10x_it.o(i.BusFault_Handler)
    i.DebugMon_Handler                       0x080001e0   Section        0  stm32f10x_it.o(i.DebugMon_Handler)
    i.Delay_ms                               0x080001e4   Section        0  ult.o(i.Delay_ms)
    i.Delay_us                               0x08000220   Section        0  ult.o(i.Delay_us)
    i.GPIO_Configuration                     0x0800025c   Section        0  device.o(i.GPIO_Configuration)
    i.GPIO_Init                              0x080002f0   Section        0  stm32f10x_gpio.o(i.GPIO_Init)
    i.GPIO_ResetBits                         0x08000406   Section        0  stm32f10x_gpio.o(i.GPIO_ResetBits)
    i.GPIO_SetBits                           0x0800040a   Section        0  stm32f10x_gpio.o(i.GPIO_SetBits)
    i.HardFault_Handler                      0x0800040e   Section        0  stm32f10x_it.o(i.HardFault_Handler)
    i.IINCHIP_CSoff                          0x08000412   Section        0  w5500.o(i.IINCHIP_CSoff)
    i.IINCHIP_CSon                           0x0800041c   Section        0  w5500.o(i.IINCHIP_CSon)
    i.IINCHIP_READ                           0x08000426   Section        0  w5500.o(i.IINCHIP_READ)
    i.IINCHIP_SpiSendData                    0x08000458   Section        0  w5500.o(i.IINCHIP_SpiSendData)
    i.IINCHIP_WRITE                          0x08000464   Section        0  w5500.o(i.IINCHIP_WRITE)
    i.MemManage_Handler                      0x08000496   Section        0  stm32f10x_it.o(i.MemManage_Handler)
    i.NMI_Handler                            0x0800049a   Section        0  stm32f10x_it.o(i.NMI_Handler)
    i.NVIC_Configuration                     0x0800049c   Section        0  device.o(i.NVIC_Configuration)
    i.NVIC_Init                              0x080004d0   Section        0  misc.o(i.NVIC_Init)
    i.NVIC_PriorityGroupConfig               0x08000540   Section        0  misc.o(i.NVIC_PriorityGroupConfig)
    i.NVIC_SetVectorTable                    0x08000554   Section        0  misc.o(i.NVIC_SetVectorTable)
    i.PendSV_Handler                         0x08000568   Section        0  stm32f10x_it.o(i.PendSV_Handler)
    i.RCC_APB1PeriphClockCmd                 0x0800056c   Section        0  stm32f10x_rcc.o(i.RCC_APB1PeriphClockCmd)
    i.RCC_APB2PeriphClockCmd                 0x0800058c   Section        0  stm32f10x_rcc.o(i.RCC_APB2PeriphClockCmd)
    i.RCC_GetClocksFreq                      0x080005ac   Section        0  stm32f10x_rcc.o(i.RCC_GetClocksFreq)
    i.Reset_W5500                            0x08000680   Section        0  device.o(i.Reset_W5500)
    i.SPI2_SendByte                          0x080006ac   Section        0  spi2.o(i.SPI2_SendByte)
    i.SPI_Cmd                                0x080006e4   Section        0  stm32f10x_spi.o(i.SPI_Cmd)
    i.SPI_I2S_GetFlagStatus                  0x080006fc   Section        0  stm32f10x_spi.o(i.SPI_I2S_GetFlagStatus)
    i.SPI_I2S_ReceiveData                    0x0800070e   Section        0  stm32f10x_spi.o(i.SPI_I2S_ReceiveData)
    i.SPI_I2S_SendData                       0x08000714   Section        0  stm32f10x_spi.o(i.SPI_I2S_SendData)
    i.SPI_Init                               0x08000718   Section        0  stm32f10x_spi.o(i.SPI_Init)
    i.SVC_Handler                            0x08000754   Section        0  stm32f10x_it.o(i.SVC_Handler)
    i.SetSysClock                            0x08000756   Section        0  system_stm32f10x.o(i.SetSysClock)
    SetSysClock                              0x08000757   Thumb Code     8  system_stm32f10x.o(i.SetSysClock)
    i.SetSysClockTo72                        0x08000760   Section        0  system_stm32f10x.o(i.SetSysClockTo72)
    SetSysClockTo72                          0x08000761   Thumb Code   214  system_stm32f10x.o(i.SetSysClockTo72)
    i.SysTick_Handler                        0x08000840   Section        0  stm32f10x_it.o(i.SysTick_Handler)
    i.SystemInit                             0x08000844   Section        0  system_stm32f10x.o(i.SystemInit)
    i.Systick_Init                           0x080008a4   Section        0  ult.o(i.Systick_Init)
    i.USART1_IRQHandler                      0x080008e4   Section        0  usart.o(i.USART1_IRQHandler)
    i.USART1_Init                            0x0800096c   Section        0  usart.o(i.USART1_Init)
    i.USART_Cmd                              0x080009f0   Section        0  stm32f10x_usart.o(i.USART_Cmd)
    i.USART_GetFlagStatus                    0x08000a08   Section        0  stm32f10x_usart.o(i.USART_GetFlagStatus)
    i.USART_GetITStatus                      0x08000a22   Section        0  stm32f10x_usart.o(i.USART_GetITStatus)
    i.USART_ITConfig                         0x08000a76   Section        0  stm32f10x_usart.o(i.USART_ITConfig)
    i.USART_Init                             0x08000ac0   Section        0  stm32f10x_usart.o(i.USART_Init)
    i.USART_ReceiveData                      0x08000b98   Section        0  stm32f10x_usart.o(i.USART_ReceiveData)
    i.USART_SendData                         0x08000ba2   Section        0  stm32f10x_usart.o(i.USART_SendData)
    i.UsageFault_Handler                     0x08000baa   Section        0  stm32f10x_it.o(i.UsageFault_Handler)
    i.WIZ_CS                                 0x08000bb0   Section        0  spi2.o(i.WIZ_CS)
    i.WIZ_SPI_Init                           0x08000bd4   Section        0  spi2.o(i.WIZ_SPI_Init)
    i.__0printf$6                            0x08000c7c   Section        0  printf6.o(i.__0printf$6)
    i.__scatterload_copy                     0x08000c9c   Section       14  handlers.o(i.__scatterload_copy)
    i.__scatterload_null                     0x08000caa   Section        2  handlers.o(i.__scatterload_null)
    i.__scatterload_zeroinit                 0x08000cac   Section       14  handlers.o(i.__scatterload_zeroinit)
    i._printf_core                           0x08000cbc   Section        0  printf6.o(i._printf_core)
    _printf_core                             0x08000cbd   Thumb Code   748  printf6.o(i._printf_core)
    i._printf_post_padding                   0x08000fac   Section        0  printf6.o(i._printf_post_padding)
    _printf_post_padding                     0x08000fad   Thumb Code    36  printf6.o(i._printf_post_padding)
    i._printf_pre_padding                    0x08000fd0   Section        0  printf6.o(i._printf_pre_padding)
    _printf_pre_padding                      0x08000fd1   Thumb Code    46  printf6.o(i._printf_pre_padding)
    i.close                                  0x08000ffe   Section        0  socket.o(i.close)
    i.connect                                0x08001032   Section        0  socket.o(i.connect)
    i.fputc                                  0x0800112c   Section        0  usart.o(i.fputc)
    i.getGAR                                 0x08001150   Section        0  w5500.o(i.getGAR)
    i.getIINCHIP_TxMAX                       0x08001160   Section        0  w5500.o(i.getIINCHIP_TxMAX)
    i.getSIPR                                0x08001170   Section        0  w5500.o(i.getSIPR)
    i.getSUBR                                0x08001182   Section        0  w5500.o(i.getSUBR)
    i.getSn_IR                               0x08001194   Section        0  w5500.o(i.getSn_IR)
    i.getSn_RX_RSR                           0x080011a6   Section        0  w5500.o(i.getSn_RX_RSR)
    i.getSn_SR                               0x080011fa   Section        0  w5500.o(i.getSn_SR)
    i.getSn_TX_FSR                           0x0800120c   Section        0  w5500.o(i.getSn_TX_FSR)
    i.main                                   0x08001260   Section        0  main.o(i.main)
    i.recv                                   0x0800133c   Section        0  socket.o(i.recv)
    i.recv_data_processing                   0x08001380   Section        0  w5500.o(i.recv_data_processing)
    i.send                                   0x08001414   Section        0  socket.o(i.send)
    i.send_data_processing                   0x08001500   Section        0  w5500.o(i.send_data_processing)
    i.setGAR                                 0x0800156c   Section        0  w5500.o(i.setGAR)
    i.setRCR                                 0x0800157c   Section        0  w5500.o(i.setRCR)
    i.setRTR                                 0x0800158c   Section        0  w5500.o(i.setRTR)
    i.setSHAR                                0x080015a6   Section        0  w5500.o(i.setSHAR)
    i.setSIPR                                0x080015b8   Section        0  w5500.o(i.setSIPR)
    i.setSUBR                                0x080015ca   Section        0  w5500.o(i.setSUBR)
    i.setSn_IR                               0x080015dc   Section        0  w5500.o(i.setSn_IR)
    i.set_default                            0x080015f4   Section        0  device.o(i.set_default)
    i.set_network                            0x08001670   Section        0  device.o(i.set_network)
    i.setkeepalive                           0x08001764   Section        0  w5500.o(i.setkeepalive)
    i.socket                                 0x08001778   Section        0  socket.o(i.socket)
    i.sysinit                                0x0800183c   Section        0  w5500.o(i.sysinit)
    i.tcpc                                   0x08001974   Section        0  tcpc.o(i.tcpc)
    i.wiz_read_buf                           0x08001a4c   Section        0  w5500.o(i.wiz_read_buf)
    i.wiz_write_buf                          0x08001ab4   Section        0  w5500.o(i.wiz_write_buf)
    .data                                    0x20000000   Section       20  stm32f10x_rcc.o(.data)
    APBAHBPrescTable                         0x20000000   Data          16  stm32f10x_rcc.o(.data)
    ADCPrescTable                            0x20000010   Data           4  stm32f10x_rcc.o(.data)
    .data                                    0x20000014   Section       16  device.o(.data)
    .data                                    0x20000024   Section        2  socket.o(.data)
    local_port                               0x20000024   Data           2  socket.o(.data)
    .data                                    0x20000026   Section        4  ult.o(.data)
    fac_us                                   0x20000026   Data           1  ult.o(.data)
    fac_ms                                   0x20000028   Data           2  ult.o(.data)
    .data                                    0x2000002a   Section        2  usart.o(.data)
    .data                                    0x2000002c   Section        4  stdout.o(.data)
    .bss                                     0x20000030   Section     1526  device.o(.bss)
    .bss                                     0x20000626   Section      200  usart.o(.bss)
    .bss                                     0x200006ee   Section       32  w5500.o(.bss)
    SSIZE                                    0x200006ee   Data          16  w5500.o(.bss)
    RSIZE                                    0x200006fe   Data          16  w5500.o(.bss)
    STACK                                    0x20000710   Section     1024  startup_stm32f10x_hd.o(STACK)

    Global Symbols

    Symbol Name                              Value     Ov Type        Size  Object(Section)

    BuildAttributes$$THM_ISAv4$P$D$K$B$S$PE$A:L22UL41UL21$X:L11$S22US41US21$IEEE1$IW$USESV6$~STKCKD$USESV7$~SHL$OSPACE$ROPI$EBA8$MICROLIB$REQ8$PRES8$EABIv2 0x00000000   Number         0  anon$$obj.o ABSOLUTE
    __ARM_use_no_argv                        0x00000000   Number         0  main.o ABSOLUTE
    _printf_a                                0x00000000   Number         0  stubs.o ABSOLUTE
    _printf_c                                0x00000000   Number         0  stubs.o ABSOLUTE
    _printf_charcount                        0x00000000   Number         0  stubs.o ABSOLUTE
    _printf_d                                0x00000000   Number         0  stubs.o ABSOLUTE
    _printf_e                                0x00000000   Number         0  stubs.o ABSOLUTE
    _printf_f                                0x00000000   Number         0  stubs.o ABSOLUTE
    _printf_flags                            0x00000000   Number         0  stubs.o ABSOLUTE
    _printf_fp_dec                           0x00000000   Number         0  stubs.o ABSOLUTE
    _printf_fp_hex                           0x00000000   Number         0  stubs.o ABSOLUTE
    _printf_g                                0x00000000   Number         0  stubs.o ABSOLUTE
    _printf_i                                0x00000000   Number         0  stubs.o ABSOLUTE
    _printf_int_dec                          0x00000000   Number         0  stubs.o ABSOLUTE
    _printf_l                                0x00000000   Number         0  stubs.o ABSOLUTE
    _printf_lc                               0x00000000   Number         0  stubs.o ABSOLUTE
    _printf_ll                               0x00000000   Number         0  stubs.o ABSOLUTE
    _printf_lld                              0x00000000   Number         0  stubs.o ABSOLUTE
    _printf_lli                              0x00000000   Number         0  stubs.o ABSOLUTE
    _printf_llo                              0x00000000   Number         0  stubs.o ABSOLUTE
    _printf_llu                              0x00000000   Number         0  stubs.o ABSOLUTE
    _printf_llx                              0x00000000   Number         0  stubs.o ABSOLUTE
    _printf_longlong_dec                     0x00000000   Number         0  stubs.o ABSOLUTE
    _printf_longlong_hex                     0x00000000   Number         0  stubs.o ABSOLUTE
    _printf_longlong_oct                     0x00000000   Number         0  stubs.o ABSOLUTE
    _printf_ls                               0x00000000   Number         0  stubs.o ABSOLUTE
    _printf_mbtowc                           0x00000000   Number         0  stubs.o ABSOLUTE
    _printf_n                                0x00000000   Number         0  stubs.o ABSOLUTE
    _printf_o                                0x00000000   Number         0  stubs.o ABSOLUTE
    _printf_p                                0x00000000   Number         0  stubs.o ABSOLUTE
    _printf_percent                          0x00000000   Number         0  stubs.o ABSOLUTE
    _printf_pre_padding                      0x00000000   Number         0  stubs.o ABSOLUTE
    _printf_return_value                     0x00000000   Number         0  stubs.o ABSOLUTE
    _printf_s                                0x00000000   Number         0  stubs.o ABSOLUTE
    _printf_sizespec                         0x00000000   Number         0  stubs.o ABSOLUTE
    _printf_str                              0x00000000   Number         0  stubs.o ABSOLUTE
    _printf_truncate_signed                  0x00000000   Number         0  stubs.o ABSOLUTE
    _printf_truncate_unsigned                0x00000000   Number         0  stubs.o ABSOLUTE
    _printf_u                                0x00000000   Number         0  stubs.o ABSOLUTE
    _printf_wc                               0x00000000   Number         0  stubs.o ABSOLUTE
    _printf_wctomb                           0x00000000   Number         0  stubs.o ABSOLUTE
    _printf_widthprec                        0x00000000   Number         0  stubs.o ABSOLUTE
    _printf_x                                0x00000000   Number         0  stubs.o ABSOLUTE
    __cpp_initialize__aeabi_                  - Undefined Weak Reference
    __cxa_finalize                            - Undefined Weak Reference
    __decompress                              - Undefined Weak Reference
    _clock_init                               - Undefined Weak Reference
    _microlib_exit                            - Undefined Weak Reference
    __Vectors_Size                           0x00000130   Number         0  startup_stm32f10x_hd.o ABSOLUTE
    __Vectors                                0x08000000   Data           4  startup_stm32f10x_hd.o(RESET)
    __Vectors_End                            0x08000130   Data           0  startup_stm32f10x_hd.o(RESET)
    __main                                   0x08000131   Thumb Code     0  entry.o(.ARM.Collect$$$$00000000)
    _main_stk                                0x08000131   Thumb Code     0  entry2.o(.ARM.Collect$$$$00000001)
    _main_scatterload                        0x08000135   Thumb Code     0  entry5.o(.ARM.Collect$$$$00000004)
    __main_after_scatterload                 0x08000139   Thumb Code     0  entry5.o(.ARM.Collect$$$$00000004)
    _main_clock                              0x08000139   Thumb Code     0  entry7b.o(.ARM.Collect$$$$00000008)
    _main_cpp_init                           0x08000139   Thumb Code     0  entry8b.o(.ARM.Collect$$$$0000000A)
    _main_init                               0x08000139   Thumb Code     0  entry9a.o(.ARM.Collect$$$$0000000B)
    __rt_final_cpp                           0x08000141   Thumb Code     0  entry10a.o(.ARM.Collect$$$$0000000D)
    __rt_final_exit                          0x08000141   Thumb Code     0  entry11a.o(.ARM.Collect$$$$0000000F)
    Reset_Handler                            0x08000145   Thumb Code     8  startup_stm32f10x_hd.o(.text)
    ADC1_2_IRQHandler                        0x0800015f   Thumb Code     0  startup_stm32f10x_hd.o(.text)
    ADC3_IRQHandler                          0x0800015f   Thumb Code     0  startup_stm32f10x_hd.o(.text)
    CAN1_RX1_IRQHandler                      0x0800015f   Thumb Code     0  startup_stm32f10x_hd.o(.text)
    CAN1_SCE_IRQHandler                      0x0800015f   Thumb Code     0  startup_stm32f10x_hd.o(.text)
    DMA1_Channel1_IRQHandler                 0x0800015f   Thumb Code     0  startup_stm32f10x_hd.o(.text)
    DMA1_Channel2_IRQHandler                 0x0800015f   Thumb Code     0  startup_stm32f10x_hd.o(.text)
    DMA1_Channel3_IRQHandler                 0x0800015f   Thumb Code     0  startup_stm32f10x_hd.o(.text)
    DMA1_Channel4_IRQHandler                 0x0800015f   Thumb Code     0  startup_stm32f10x_hd.o(.text)
    DMA1_Channel5_IRQHandler                 0x0800015f   Thumb Code     0  startup_stm32f10x_hd.o(.text)
    DMA1_Channel6_IRQHandler                 0x0800015f   Thumb Code     0  startup_stm32f10x_hd.o(.text)
    DMA1_Channel7_IRQHandler                 0x0800015f   Thumb Code     0  startup_stm32f10x_hd.o(.text)
    DMA2_Channel1_IRQHandler                 0x0800015f   Thumb Code     0  startup_stm32f10x_hd.o(.text)
    DMA2_Channel2_IRQHandler                 0x0800015f   Thumb Code     0  startup_stm32f10x_hd.o(.text)
    DMA2_Channel3_IRQHandler                 0x0800015f   Thumb Code     0  startup_stm32f10x_hd.o(.text)
    DMA2_Channel4_5_IRQHandler               0x0800015f   Thumb Code     0  startup_stm32f10x_hd.o(.text)
    EXTI0_IRQHandler                         0x0800015f   Thumb Code     0  startup_stm32f10x_hd.o(.text)
    EXTI15_10_IRQHandler                     0x0800015f   Thumb Code     0  startup_stm32f10x_hd.o(.text)
    EXTI1_IRQHandler                         0x0800015f   Thumb Code     0  startup_stm32f10x_hd.o(.text)
    EXTI2_IRQHandler                         0x0800015f   Thumb Code     0  startup_stm32f10x_hd.o(.text)
    EXTI3_IRQHandler                         0x0800015f   Thumb Code     0  startup_stm32f10x_hd.o(.text)
    EXTI4_IRQHandler                         0x0800015f   Thumb Code     0  startup_stm32f10x_hd.o(.text)
    EXTI9_5_IRQHandler                       0x0800015f   Thumb Code     0  startup_stm32f10x_hd.o(.text)
    FLASH_IRQHandler                         0x0800015f   Thumb Code     0  startup_stm32f10x_hd.o(.text)
    FSMC_IRQHandler                          0x0800015f   Thumb Code     0  startup_stm32f10x_hd.o(.text)
    I2C1_ER_IRQHandler                       0x0800015f   Thumb Code     0  startup_stm32f10x_hd.o(.text)
    I2C1_EV_IRQHandler                       0x0800015f   Thumb Code     0  startup_stm32f10x_hd.o(.text)
    I2C2_ER_IRQHandler                       0x0800015f   Thumb Code     0  startup_stm32f10x_hd.o(.text)
    I2C2_EV_IRQHandler                       0x0800015f   Thumb Code     0  startup_stm32f10x_hd.o(.text)
    PVD_IRQHandler                           0x0800015f   Thumb Code     0  startup_stm32f10x_hd.o(.text)
    RCC_IRQHandler                           0x0800015f   Thumb Code     0  startup_stm32f10x_hd.o(.text)
    RTCAlarm_IRQHandler                      0x0800015f   Thumb Code     0  startup_stm32f10x_hd.o(.text)
    RTC_IRQHandler                           0x0800015f   Thumb Code     0  startup_stm32f10x_hd.o(.text)
    SDIO_IRQHandler                          0x0800015f   Thumb Code     0  startup_stm32f10x_hd.o(.text)
    SPI1_IRQHandler                          0x0800015f   Thumb Code     0  startup_stm32f10x_hd.o(.text)
    SPI2_IRQHandler                          0x0800015f   Thumb Code     0  startup_stm32f10x_hd.o(.text)
    SPI3_IRQHandler                          0x0800015f   Thumb Code     0  startup_stm32f10x_hd.o(.text)
    TAMPER_IRQHandler                        0x0800015f   Thumb Code     0  startup_stm32f10x_hd.o(.text)
    TIM1_BRK_IRQHandler                      0x0800015f   Thumb Code     0  startup_stm32f10x_hd.o(.text)
    TIM1_CC_IRQHandler                       0x0800015f   Thumb Code     0  startup_stm32f10x_hd.o(.text)
    TIM1_TRG_COM_IRQHandler                  0x0800015f   Thumb Code     0  startup_stm32f10x_hd.o(.text)
    TIM1_UP_IRQHandler                       0x0800015f   Thumb Code     0  startup_stm32f10x_hd.o(.text)
    TIM2_IRQHandler                          0x0800015f   Thumb Code     0  startup_stm32f10x_hd.o(.text)
    TIM3_IRQHandler                          0x0800015f   Thumb Code     0  startup_stm32f10x_hd.o(.text)
    TIM4_IRQHandler                          0x0800015f   Thumb Code     0  startup_stm32f10x_hd.o(.text)
    TIM5_IRQHandler                          0x0800015f   Thumb Code     0  startup_stm32f10x_hd.o(.text)
    TIM6_IRQHandler                          0x0800015f   Thumb Code     0  startup_stm32f10x_hd.o(.text)
    TIM7_IRQHandler                          0x0800015f   Thumb Code     0  startup_stm32f10x_hd.o(.text)
    TIM8_BRK_IRQHandler                      0x0800015f   Thumb Code     0  startup_stm32f10x_hd.o(.text)
    TIM8_CC_IRQHandler                       0x0800015f   Thumb Code     0  startup_stm32f10x_hd.o(.text)
    TIM8_TRG_COM_IRQHandler                  0x0800015f   Thumb Code     0  startup_stm32f10x_hd.o(.text)
    TIM8_UP_IRQHandler                       0x0800015f   Thumb Code     0  startup_stm32f10x_hd.o(.text)
    UART4_IRQHandler                         0x0800015f   Thumb Code     0  startup_stm32f10x_hd.o(.text)
    UART5_IRQHandler                         0x0800015f   Thumb Code     0  startup_stm32f10x_hd.o(.text)
    USART2_IRQHandler                        0x0800015f   Thumb Code     0  startup_stm32f10x_hd.o(.text)
    USART3_IRQHandler                        0x0800015f   Thumb Code     0  startup_stm32f10x_hd.o(.text)
    USBWakeUp_IRQHandler                     0x0800015f   Thumb Code     0  startup_stm32f10x_hd.o(.text)
    USB_HP_CAN1_TX_IRQHandler                0x0800015f   Thumb Code     0  startup_stm32f10x_hd.o(.text)
    USB_LP_CAN1_RX0_IRQHandler               0x0800015f   Thumb Code     0  startup_stm32f10x_hd.o(.text)
    WWDG_IRQHandler                          0x0800015f   Thumb Code     0  startup_stm32f10x_hd.o(.text)
    __aeabi_memset                           0x08000169   Thumb Code    14  memseta.o(.text)
    __aeabi_memset4                          0x08000169   Thumb Code     0  memseta.o(.text)
    __aeabi_memset8                          0x08000169   Thumb Code     0  memseta.o(.text)
    __aeabi_memclr                           0x08000177   Thumb Code     4  memseta.o(.text)
    __aeabi_memclr4                          0x08000177   Thumb Code     0  memseta.o(.text)
    __aeabi_memclr8                          0x08000177   Thumb Code     0  memseta.o(.text)
    _memset$wrapper                          0x0800017b   Thumb Code    18  memseta.o(.text)
    __aeabi_uidiv                            0x0800018d   Thumb Code     0  uidiv.o(.text)
    __aeabi_uidivmod                         0x0800018d   Thumb Code    44  uidiv.o(.text)
    __scatterload                            0x080001b9   Thumb Code    28  init.o(.text)
    __scatterload_rt2                        0x080001b9   Thumb Code     0  init.o(.text)
    BusFault_Handler                         0x080001dd   Thumb Code     4  stm32f10x_it.o(i.BusFault_Handler)
    DebugMon_Handler                         0x080001e1   Thumb Code     2  stm32f10x_it.o(i.DebugMon_Handler)
    Delay_ms                                 0x080001e5   Thumb Code    56  ult.o(i.Delay_ms)
    Delay_us                                 0x08000221   Thumb Code    56  ult.o(i.Delay_us)
    GPIO_Configuration                       0x0800025d   Thumb Code   134  device.o(i.GPIO_Configuration)
    GPIO_Init                                0x080002f1   Thumb Code   278  stm32f10x_gpio.o(i.GPIO_Init)
    GPIO_ResetBits                           0x08000407   Thumb Code     4  stm32f10x_gpio.o(i.GPIO_ResetBits)
    GPIO_SetBits                             0x0800040b   Thumb Code     4  stm32f10x_gpio.o(i.GPIO_SetBits)
    HardFault_Handler                        0x0800040f   Thumb Code     4  stm32f10x_it.o(i.HardFault_Handler)
    IINCHIP_CSoff                            0x08000413   Thumb Code    10  w5500.o(i.IINCHIP_CSoff)
    IINCHIP_CSon                             0x0800041d   Thumb Code    10  w5500.o(i.IINCHIP_CSon)
    IINCHIP_READ                             0x08000427   Thumb Code    50  w5500.o(i.IINCHIP_READ)
    IINCHIP_SpiSendData                      0x08000459   Thumb Code    12  w5500.o(i.IINCHIP_SpiSendData)
    IINCHIP_WRITE                            0x08000465   Thumb Code    50  w5500.o(i.IINCHIP_WRITE)
    MemManage_Handler                        0x08000497   Thumb Code     4  stm32f10x_it.o(i.MemManage_Handler)
    NMI_Handler                              0x0800049b   Thumb Code     2  stm32f10x_it.o(i.NMI_Handler)
    NVIC_Configuration                       0x0800049d   Thumb Code    52  device.o(i.NVIC_Configuration)
    NVIC_Init                                0x080004d1   Thumb Code   100  misc.o(i.NVIC_Init)
    NVIC_PriorityGroupConfig                 0x08000541   Thumb Code    10  misc.o(i.NVIC_PriorityGroupConfig)
    NVIC_SetVectorTable                      0x08000555   Thumb Code    12  misc.o(i.NVIC_SetVectorTable)
    PendSV_Handler                           0x08000569   Thumb Code     2  stm32f10x_it.o(i.PendSV_Handler)
    RCC_APB1PeriphClockCmd                   0x0800056d   Thumb Code    26  stm32f10x_rcc.o(i.RCC_APB1PeriphClockCmd)
    RCC_APB2PeriphClockCmd                   0x0800058d   Thumb Code    26  stm32f10x_rcc.o(i.RCC_APB2PeriphClockCmd)
    RCC_GetClocksFreq                        0x080005ad   Thumb Code   192  stm32f10x_rcc.o(i.RCC_GetClocksFreq)
    Reset_W5500                              0x08000681   Thumb Code    38  device.o(i.Reset_W5500)
    SPI2_SendByte                            0x080006ad   Thumb Code    50  spi2.o(i.SPI2_SendByte)
    SPI_Cmd                                  0x080006e5   Thumb Code    24  stm32f10x_spi.o(i.SPI_Cmd)
    SPI_I2S_GetFlagStatus                    0x080006fd   Thumb Code    18  stm32f10x_spi.o(i.SPI_I2S_GetFlagStatus)
    SPI_I2S_ReceiveData                      0x0800070f   Thumb Code     6  stm32f10x_spi.o(i.SPI_I2S_ReceiveData)
    SPI_I2S_SendData                         0x08000715   Thumb Code     4  stm32f10x_spi.o(i.SPI_I2S_SendData)
    SPI_Init                                 0x08000719   Thumb Code    60  stm32f10x_spi.o(i.SPI_Init)
    SVC_Handler                              0x08000755   Thumb Code     2  stm32f10x_it.o(i.SVC_Handler)
    SysTick_Handler                          0x08000841   Thumb Code     2  stm32f10x_it.o(i.SysTick_Handler)
    SystemInit                               0x08000845   Thumb Code    78  system_stm32f10x.o(i.SystemInit)
    Systick_Init                             0x080008a5   Thumb Code    56  ult.o(i.Systick_Init)
    USART1_IRQHandler                        0x080008e5   Thumb Code   122  usart.o(i.USART1_IRQHandler)
    USART1_Init                              0x0800096d   Thumb Code   124  usart.o(i.USART1_Init)
    USART_Cmd                                0x080009f1   Thumb Code    24  stm32f10x_usart.o(i.USART_Cmd)
    USART_GetFlagStatus                      0x08000a09   Thumb Code    26  stm32f10x_usart.o(i.USART_GetFlagStatus)
    USART_GetITStatus                        0x08000a23   Thumb Code    84  stm32f10x_usart.o(i.USART_GetITStatus)
    USART_ITConfig                           0x08000a77   Thumb Code    74  stm32f10x_usart.o(i.USART_ITConfig)
    USART_Init                               0x08000ac1   Thumb Code   210  stm32f10x_usart.o(i.USART_Init)
    USART_ReceiveData                        0x08000b99   Thumb Code    10  stm32f10x_usart.o(i.USART_ReceiveData)
    USART_SendData                           0x08000ba3   Thumb Code     8  stm32f10x_usart.o(i.USART_SendData)
    UsageFault_Handler                       0x08000bab   Thumb Code     4  stm32f10x_it.o(i.UsageFault_Handler)
    WIZ_CS                                   0x08000bb1   Thumb Code    32  spi2.o(i.WIZ_CS)
    WIZ_SPI_Init                             0x08000bd5   Thumb Code   160  spi2.o(i.WIZ_SPI_Init)
    __0printf$6                              0x08000c7d   Thumb Code    22  printf6.o(i.__0printf$6)
    __1printf$6                              0x08000c7d   Thumb Code     0  printf6.o(i.__0printf$6)
    __2printf                                0x08000c7d   Thumb Code     0  printf6.o(i.__0printf$6)
    __scatterload_copy                       0x08000c9d   Thumb Code    14  handlers.o(i.__scatterload_copy)
    __scatterload_null                       0x08000cab   Thumb Code     2  handlers.o(i.__scatterload_null)
    __scatterload_zeroinit                   0x08000cad   Thumb Code    14  handlers.o(i.__scatterload_zeroinit)
    close                                    0x08000fff   Thumb Code    52  socket.o(i.close)
    connect                                  0x08001033   Thumb Code   248  socket.o(i.connect)
    fputc                                    0x0800112d   Thumb Code    32  usart.o(i.fputc)
    getGAR                                   0x08001151   Thumb Code    16  w5500.o(i.getGAR)
    getIINCHIP_TxMAX                         0x08001161   Thumb Code    10  w5500.o(i.getIINCHIP_TxMAX)
    getSIPR                                  0x08001171   Thumb Code    18  w5500.o(i.getSIPR)
    getSUBR                                  0x08001183   Thumb Code    18  w5500.o(i.getSUBR)
    getSn_IR                                 0x08001195   Thumb Code    18  w5500.o(i.getSn_IR)
    getSn_RX_RSR                             0x080011a7   Thumb Code    84  w5500.o(i.getSn_RX_RSR)
    getSn_SR                                 0x080011fb   Thumb Code    18  w5500.o(i.getSn_SR)
    getSn_TX_FSR                             0x0800120d   Thumb Code    84  w5500.o(i.getSn_TX_FSR)
    main                                     0x08001261   Thumb Code   106  main.o(i.main)
    recv                                     0x0800133d   Thumb Code    66  socket.o(i.recv)
    recv_data_processing                     0x08001381   Thumb Code   116  w5500.o(i.recv_data_processing)
    send                                     0x08001415   Thumb Code   216  socket.o(i.send)
    send_data_processing                     0x08001501   Thumb Code   108  w5500.o(i.send_data_processing)
    setGAR                                   0x0800156d   Thumb Code    16  w5500.o(i.setGAR)
    setRCR                                   0x0800157d   Thumb Code    16  w5500.o(i.setRCR)
    setRTR                                   0x0800158d   Thumb Code    26  w5500.o(i.setRTR)
    setSHAR                                  0x080015a7   Thumb Code    18  w5500.o(i.setSHAR)
    setSIPR                                  0x080015b9   Thumb Code    18  w5500.o(i.setSIPR)
    setSUBR                                  0x080015cb   Thumb Code    18  w5500.o(i.setSUBR)
    setSn_IR                                 0x080015dd   Thumb Code    22  w5500.o(i.setSn_IR)
    set_default                              0x080015f5   Thumb Code    94  device.o(i.set_default)
    set_network                              0x08001671   Thumb Code   146  device.o(i.set_network)
    setkeepalive                             0x08001765   Thumb Code    20  w5500.o(i.setkeepalive)
    socket                                   0x08001779   Thumb Code   192  socket.o(i.socket)
    sysinit                                  0x0800183d   Thumb Code   302  w5500.o(i.sysinit)
    tcpc                                     0x08001975   Thumb Code   198  tcpc.o(i.tcpc)
    wiz_read_buf                             0x08001a4d   Thumb Code    78  w5500.o(i.wiz_read_buf)
    wiz_write_buf                            0x08001ab5   Thumb Code    80  w5500.o(i.wiz_write_buf)
    Region$$Table$$Base                      0x08001b1c   Number         0  anon$$obj.o(Region$$Table)
    Region$$Table$$Limit                     0x08001b3c   Number         0  anon$$obj.o(Region$$Table)
    txsize                                   0x20000014   Data           8  device.o(.data)
    rxsize                                   0x2000001c   Data           8  device.o(.data)
    USART_RX_STA                             0x2000002a   Data           2  usart.o(.data)
    __stdout                                 0x2000002c   Data           4  stdout.o(.data)
    ConfigMsg                                0x20000030   Data          33  device.o(.bss)
    RecvMsg                                  0x20000051   Data          33  device.o(.bss)
    pub_buf                                  0x20000072   Data        1460  device.o(.bss)
    USART_RX_BUF                             0x20000626   Data         200  usart.o(.bss)
    __initial_sp                             0x20000b10   Data           0  startup_stm32f10x_hd.o(STACK)



==============================================================================

Memory Map of the image

  Image Entry point : 0x08000131

  Load Region LR_IROM1 (Base: 0x08000000, Size: 0x00001b6c, Max: 0x00040000, ABSOLUTE)

    Execution Region ER_IROM1 (Exec base: 0x08000000, Load base: 0x08000000, Size: 0x00001b3c, Max: 0x00040000, ABSOLUTE)

    Exec Addr    Load Addr    Size         Type   Attr      Idx    E Section Name        Object

    0x08000000   0x08000000   0x00000130   Data   RO          810    RESET               startup_stm32f10x_hd.o
    0x08000130   0x08000130   0x00000000   Code   RO         1913  * .ARM.Collect$$$$00000000  mc_w.l(entry.o)
    0x08000130   0x08000130   0x00000004   Code   RO         2201    .ARM.Collect$$$$00000001  mc_w.l(entry2.o)
    0x08000134   0x08000134   0x00000004   Code   RO         2204    .ARM.Collect$$$$00000004  mc_w.l(entry5.o)
    0x08000138   0x08000138   0x00000000   Code   RO         2206    .ARM.Collect$$$$00000008  mc_w.l(entry7b.o)
    0x08000138   0x08000138   0x00000000   Code   RO         2208    .ARM.Collect$$$$0000000A  mc_w.l(entry8b.o)
    0x08000138   0x08000138   0x00000008   Code   RO         2209    .ARM.Collect$$$$0000000B  mc_w.l(entry9a.o)
    0x08000140   0x08000140   0x00000000   Code   RO         2211    .ARM.Collect$$$$0000000D  mc_w.l(entry10a.o)
    0x08000140   0x08000140   0x00000000   Code   RO         2213    .ARM.Collect$$$$0000000F  mc_w.l(entry11a.o)
    0x08000140   0x08000140   0x00000004   Code   RO         2202    .ARM.Collect$$$$00002712  mc_w.l(entry2.o)
    0x08000144   0x08000144   0x00000024   Code   RO          811    .text               startup_stm32f10x_hd.o
    0x08000168   0x08000168   0x00000024   Code   RO         1918    .text               mc_w.l(memseta.o)
    0x0800018c   0x0800018c   0x0000002c   Code   RO         2216    .text               mc_w.l(uidiv.o)
    0x080001b8   0x080001b8   0x00000024   Code   RO         2231    .text               mc_w.l(init.o)
    0x080001dc   0x080001dc   0x00000004   Code   RO          884    i.BusFault_Handler  stm32f10x_it.o
    0x080001e0   0x080001e0   0x00000002   Code   RO          885    i.DebugMon_Handler  stm32f10x_it.o
    0x080001e2   0x080001e2   0x00000002   PAD
    0x080001e4   0x080001e4   0x0000003c   Code   RO         1110    i.Delay_ms          ult.o
    0x08000220   0x08000220   0x0000003c   Code   RO         1112    i.Delay_us          ult.o
    0x0800025c   0x0800025c   0x00000094   Code   RO          947    i.GPIO_Configuration  device.o
    0x080002f0   0x080002f0   0x00000116   Code   RO            7    i.GPIO_Init         stm32f10x_gpio.o
    0x08000406   0x08000406   0x00000004   Code   RO           14    i.GPIO_ResetBits    stm32f10x_gpio.o
    0x0800040a   0x0800040a   0x00000004   Code   RO           15    i.GPIO_SetBits      stm32f10x_gpio.o
    0x0800040e   0x0800040e   0x00000004   Code   RO          886    i.HardFault_Handler  stm32f10x_it.o
    0x08000412   0x08000412   0x0000000a   Code   RO         1253    i.IINCHIP_CSoff     w5500.o
    0x0800041c   0x0800041c   0x0000000a   Code   RO         1254    i.IINCHIP_CSon      w5500.o
    0x08000426   0x08000426   0x00000032   Code   RO         1255    i.IINCHIP_READ      w5500.o
    0x08000458   0x08000458   0x0000000c   Code   RO         1256    i.IINCHIP_SpiSendData  w5500.o
    0x08000464   0x08000464   0x00000032   Code   RO         1257    i.IINCHIP_WRITE     w5500.o
    0x08000496   0x08000496   0x00000004   Code   RO          887    i.MemManage_Handler  stm32f10x_it.o
    0x0800049a   0x0800049a   0x00000002   Code   RO          888    i.NMI_Handler       stm32f10x_it.o
    0x0800049c   0x0800049c   0x00000034   Code   RO          948    i.NVIC_Configuration  device.o
    0x080004d0   0x080004d0   0x00000070   Code   RO          727    i.NVIC_Init         misc.o
    0x08000540   0x08000540   0x00000014   Code   RO          728    i.NVIC_PriorityGroupConfig  misc.o
    0x08000554   0x08000554   0x00000014   Code   RO          729    i.NVIC_SetVectorTable  misc.o
    0x08000568   0x08000568   0x00000002   Code   RO          889    i.PendSV_Handler    stm32f10x_it.o
    0x0800056a   0x0800056a   0x00000002   PAD
    0x0800056c   0x0800056c   0x00000020   Code   RO          205    i.RCC_APB1PeriphClockCmd  stm32f10x_rcc.o
    0x0800058c   0x0800058c   0x00000020   Code   RO          207    i.RCC_APB2PeriphClockCmd  stm32f10x_rcc.o
    0x080005ac   0x080005ac   0x000000d4   Code   RO          215    i.RCC_GetClocksFreq  stm32f10x_rcc.o
    0x08000680   0x08000680   0x0000002c   Code   RO          949    i.Reset_W5500       device.o
    0x080006ac   0x080006ac   0x00000038   Code   RO         1080    i.SPI2_SendByte     spi2.o
    0x080006e4   0x080006e4   0x00000018   Code   RO          408    i.SPI_Cmd           stm32f10x_spi.o
    0x080006fc   0x080006fc   0x00000012   Code   RO          416    i.SPI_I2S_GetFlagStatus  stm32f10x_spi.o
    0x0800070e   0x0800070e   0x00000006   Code   RO          419    i.SPI_I2S_ReceiveData  stm32f10x_spi.o
    0x08000714   0x08000714   0x00000004   Code   RO          420    i.SPI_I2S_SendData  stm32f10x_spi.o
    0x08000718   0x08000718   0x0000003c   Code   RO          421    i.SPI_Init          stm32f10x_spi.o
    0x08000754   0x08000754   0x00000002   Code   RO          890    i.SVC_Handler       stm32f10x_it.o
    0x08000756   0x08000756   0x00000008   Code   RO          774    i.SetSysClock       system_stm32f10x.o
    0x0800075e   0x0800075e   0x00000002   PAD
    0x08000760   0x08000760   0x000000e0   Code   RO          775    i.SetSysClockTo72   system_stm32f10x.o
    0x08000840   0x08000840   0x00000002   Code   RO          891    i.SysTick_Handler   stm32f10x_it.o
    0x08000842   0x08000842   0x00000002   PAD
    0x08000844   0x08000844   0x00000060   Code   RO          777    i.SystemInit        system_stm32f10x.o
    0x080008a4   0x080008a4   0x00000040   Code   RO         1113    i.Systick_Init      ult.o
    0x080008e4   0x080008e4   0x00000088   Code   RO         1210    i.USART1_IRQHandler  usart.o
    0x0800096c   0x0800096c   0x00000084   Code   RO         1211    i.USART1_Init       usart.o
    0x080009f0   0x080009f0   0x00000018   Code   RO          551    i.USART_Cmd         stm32f10x_usart.o
    0x08000a08   0x08000a08   0x0000001a   Code   RO          554    i.USART_GetFlagStatus  stm32f10x_usart.o
    0x08000a22   0x08000a22   0x00000054   Code   RO          555    i.USART_GetITStatus  stm32f10x_usart.o
    0x08000a76   0x08000a76   0x0000004a   Code   RO          557    i.USART_ITConfig    stm32f10x_usart.o
    0x08000ac0   0x08000ac0   0x000000d8   Code   RO          558    i.USART_Init        stm32f10x_usart.o
    0x08000b98   0x08000b98   0x0000000a   Code   RO          565    i.USART_ReceiveData  stm32f10x_usart.o
    0x08000ba2   0x08000ba2   0x00000008   Code   RO          568    i.USART_SendData    stm32f10x_usart.o
    0x08000baa   0x08000baa   0x00000004   Code   RO          892    i.UsageFault_Handler  stm32f10x_it.o
    0x08000bae   0x08000bae   0x00000002   PAD
    0x08000bb0   0x08000bb0   0x00000024   Code   RO         1081    i.WIZ_CS            spi2.o
    0x08000bd4   0x08000bd4   0x000000a8   Code   RO         1082    i.WIZ_SPI_Init      spi2.o
    0x08000c7c   0x08000c7c   0x00000020   Code   RO         2095    i.__0printf$6       mc_w.l(printf6.o)
    0x08000c9c   0x08000c9c   0x0000000e   Code   RO         2243    i.__scatterload_copy  mc_w.l(handlers.o)
    0x08000caa   0x08000caa   0x00000002   Code   RO         2244    i.__scatterload_null  mc_w.l(handlers.o)
    0x08000cac   0x08000cac   0x0000000e   Code   RO         2245    i.__scatterload_zeroinit  mc_w.l(handlers.o)
    0x08000cba   0x08000cba   0x00000002   PAD
    0x08000cbc   0x08000cbc   0x000002f0   Code   RO         2102    i._printf_core      mc_w.l(printf6.o)
    0x08000fac   0x08000fac   0x00000024   Code   RO         2103    i._printf_post_padding  mc_w.l(printf6.o)
    0x08000fd0   0x08000fd0   0x0000002e   Code   RO         2104    i._printf_pre_padding  mc_w.l(printf6.o)
    0x08000ffe   0x08000ffe   0x00000034   Code   RO         1007    i.close             socket.o
    0x08001032   0x08001032   0x000000f8   Code   RO         1008    i.connect           socket.o
    0x0800112a   0x0800112a   0x00000002   PAD
    0x0800112c   0x0800112c   0x00000024   Code   RO         1214    i.fputc             usart.o
    0x08001150   0x08001150   0x00000010   Code   RO         1259    i.getGAR            w5500.o
    0x08001160   0x08001160   0x00000010   Code   RO         1262    i.getIINCHIP_TxMAX  w5500.o
    0x08001170   0x08001170   0x00000012   Code   RO         1266    i.getSIPR           w5500.o
    0x08001182   0x08001182   0x00000012   Code   RO         1267    i.getSUBR           w5500.o
    0x08001194   0x08001194   0x00000012   Code   RO         1268    i.getSn_IR          w5500.o
    0x080011a6   0x080011a6   0x00000054   Code   RO         1269    i.getSn_RX_RSR      w5500.o
    0x080011fa   0x080011fa   0x00000012   Code   RO         1270    i.getSn_SR          w5500.o
    0x0800120c   0x0800120c   0x00000054   Code   RO         1271    i.getSn_TX_FSR      w5500.o
    0x08001260   0x08001260   0x000000dc   Code   RO          815    i.main              main.o
    0x0800133c   0x0800133c   0x00000042   Code   RO         1011    i.recv              socket.o
    0x0800137e   0x0800137e   0x00000002   PAD
    0x08001380   0x08001380   0x00000094   Code   RO         1274    i.recv_data_processing  w5500.o
    0x08001414   0x08001414   0x000000ec   Code   RO         1013    i.send              socket.o
    0x08001500   0x08001500   0x0000006c   Code   RO         1275    i.send_data_processing  w5500.o
    0x0800156c   0x0800156c   0x00000010   Code   RO         1276    i.setGAR            w5500.o
    0x0800157c   0x0800157c   0x00000010   Code   RO         1278    i.setRCR            w5500.o
    0x0800158c   0x0800158c   0x0000001a   Code   RO         1279    i.setRTR            w5500.o
    0x080015a6   0x080015a6   0x00000012   Code   RO         1280    i.setSHAR           w5500.o
    0x080015b8   0x080015b8   0x00000012   Code   RO         1281    i.setSIPR           w5500.o
    0x080015ca   0x080015ca   0x00000012   Code   RO         1282    i.setSUBR           w5500.o
    0x080015dc   0x080015dc   0x00000016   Code   RO         1283    i.setSn_IR          w5500.o
    0x080015f2   0x080015f2   0x00000002   PAD
    0x080015f4   0x080015f4   0x0000007c   Code   RO          951    i.set_default       device.o
    0x08001670   0x08001670   0x000000f4   Code   RO          952    i.set_network       device.o
    0x08001764   0x08001764   0x00000014   Code   RO         1286    i.setkeepalive      w5500.o
    0x08001778   0x08001778   0x000000c4   Code   RO         1016    i.socket            socket.o
    0x0800183c   0x0800183c   0x00000138   Code   RO         1287    i.sysinit           w5500.o
    0x08001974   0x08001974   0x000000d8   Code   RO         1494    i.tcpc              tcpc.o
    0x08001a4c   0x08001a4c   0x00000068   Code   RO         1288    i.wiz_read_buf      w5500.o
    0x08001ab4   0x08001ab4   0x00000068   Code   RO         1289    i.wiz_write_buf     w5500.o
    0x08001b1c   0x08001b1c   0x00000020   Data   RO         2241    Region$$Table       anon$$obj.o


    Execution Region RW_IRAM1 (Exec base: 0x20000000, Load base: 0x08001b3c, Size: 0x00000b10, Max: 0x0000c000, ABSOLUTE)

    Exec Addr    Load Addr    Size         Type   Attr      Idx    E Section Name        Object

    0x20000000   0x08001b3c   0x00000014   Data   RW          235    .data               stm32f10x_rcc.o
    0x20000014   0x08001b50   0x00000010   Data   RW          954    .data               device.o
    0x20000024   0x08001b60   0x00000002   Data   RW         1017    .data               socket.o
    0x20000026   0x08001b62   0x00000004   Data   RW         1121    .data               ult.o
    0x2000002a   0x08001b66   0x00000002   Data   RW         1216    .data               usart.o
    0x2000002c   0x08001b68   0x00000004   Data   RW         2215    .data               mc_w.l(stdout.o)
    0x20000030        -       0x000005f6   Zero   RW          953    .bss                device.o
    0x20000626        -       0x000000c8   Zero   RW         1215    .bss                usart.o
    0x200006ee        -       0x00000020   Zero   RW         1290    .bss                w5500.o
    0x2000070e   0x08001b6c   0x00000002   PAD
    0x20000710        -       0x00000400   Zero   RW          808    STACK               startup_stm32f10x_hd.o


==============================================================================

Image component sizes


      Code (inc. data)   RO Data    RW Data    ZI Data      Debug   Object Name

         0          0          0          0          0         32   core_cm3.o
       612        148          0         16       1526       5448   device.o
       220        114          0          0          0       2843   main.o
       152         30          0          0          0       2061   misc.o
       798         24          0          2          0       4196   socket.o
       260         18          0          0          0       1660   spi2.o
        36          8        304          0       1024        800   startup_stm32f10x_hd.o
       286          0          0          0          0     242444   stm32f10x_gpio.o
        26          0          0          0          0       4074   stm32f10x_it.o
       276         32          0         20          0       4426   stm32f10x_rcc.o
       112          0          0          0          0       3822   stm32f10x_spi.o
       442          6          0          0          0       6157   stm32f10x_usart.o
       328         28          0          0          0       1889   system_stm32f10x.o
       216         18          0          0          0       1047   tcpc.o
       184         16          0          4          0       1709   ult.o
       304         26          0          2        200       2330   usart.o
      1334         98          0          0         32      16002   w5500.o

    ----------------------------------------------------------------------
      5602        566        336         44       2784     300940   Object Totals
         0          0         32          0          0          0   (incl. Generated)
        16          0          0          0          2          0   (incl. Padding)

    ----------------------------------------------------------------------

      Code (inc. data)   RO Data    RW Data    ZI Data      Debug   Library Member Name

         0          0          0          0          0          0   entry.o
         0          0          0          0          0          0   entry10a.o
         0          0          0          0          0          0   entry11a.o
         8          4          0          0          0          0   entry2.o
         4          0          0          0          0          0   entry5.o
         0          0          0          0          0          0   entry7b.o
         0          0          0          0          0          0   entry8b.o
         8          4          0          0          0          0   entry9a.o
        30          0          0          0          0          0   handlers.o
        36          8          0          0          0         68   init.o
        36          0          0          0          0        108   memseta.o
       866         14          0          0          0        352   printf6.o
         0          0          0          4          0          0   stdout.o
        44          0          0          0          0         80   uidiv.o

    ----------------------------------------------------------------------
      1034         30          0          4          0        608   Library Totals
         2          0          0          0          0          0   (incl. Padding)

    ----------------------------------------------------------------------

      Code (inc. data)   RO Data    RW Data    ZI Data      Debug   Library Name

      1032         30          0          4          0        608   mc_w.l

    ----------------------------------------------------------------------
      1034         30          0          4          0        608   Library Totals

    ----------------------------------------------------------------------

==============================================================================


      Code (inc. data)   RO Data    RW Data    ZI Data      Debug   

      6636        596        336         48       2784     297488   Grand Totals
      6636        596        336         48       2784     297488   ELF Image Totals
      6636        596        336         48          0          0   ROM Totals

==============================================================================

    Total RO  Size (Code + RO Data)                 6972 (   6.81kB)
    Total RW  Size (RW Data + ZI Data)              2832 (   2.77kB)
    Total ROM Size (Code + RO Data + RW Data)       7020 (   6.86kB)

==============================================================================

