Component: ARM Compiler 5.06 update 6 (build 750) Tool: armlink [4d35ed]

==============================================================================

Section Cross References

    stm32f10x_gpio.o(i.GPIO_AFIODeInit) refers to stm32f10x_rcc.o(i.RCC_APB2PeriphResetCmd) for RCC_APB2PeriphResetCmd
    stm32f10x_gpio.o(i.GPIO_DeInit) refers to stm32f10x_rcc.o(i.RCC_APB2PeriphResetCmd) for RCC_APB2PeriphResetCmd
    stm32f10x_rcc.o(i.RCC_GetClocksFreq) refers to stm32f10x_rcc.o(.data) for APBAHBPrescTable
    stm32f10x_rcc.o(i.RCC_WaitForHSEStartUp) refers to stm32f10x_rcc.o(i.RCC_GetFlagStatus) for RCC_GetFlagStatus
    stm32f10x_spi.o(i.I2S_Init) refers to stm32f10x_rcc.o(i.RCC_GetClocksFreq) for RCC_GetClocksFreq
    stm32f10x_spi.o(i.SPI_I2S_DeInit) refers to stm32f10x_rcc.o(i.RCC_APB2PeriphResetCmd) for RCC_APB2PeriphResetCmd
    stm32f10x_spi.o(i.SPI_I2S_DeInit) refers to stm32f10x_rcc.o(i.RCC_APB1PeriphResetCmd) for RCC_APB1PeriphResetCmd
    stm32f10x_usart.o(i.USART_DeInit) refers to stm32f10x_rcc.o(i.RCC_APB2PeriphResetCmd) for RCC_APB2PeriphResetCmd
    stm32f10x_usart.o(i.USART_DeInit) refers to stm32f10x_rcc.o(i.RCC_APB1PeriphResetCmd) for RCC_APB1PeriphResetCmd
    stm32f10x_usart.o(i.USART_Init) refers to stm32f10x_rcc.o(i.RCC_GetClocksFreq) for RCC_GetClocksFreq
    stm32f10x_tim.o(i.TIM_DeInit) refers to stm32f10x_rcc.o(i.RCC_APB2PeriphResetCmd) for RCC_APB2PeriphResetCmd
    stm32f10x_tim.o(i.TIM_DeInit) refers to stm32f10x_rcc.o(i.RCC_APB1PeriphResetCmd) for RCC_APB1PeriphResetCmd
    stm32f10x_tim.o(i.TIM_ETRClockMode1Config) refers to stm32f10x_tim.o(i.TIM_ETRConfig) for TIM_ETRConfig
    stm32f10x_tim.o(i.TIM_ETRClockMode2Config) refers to stm32f10x_tim.o(i.TIM_ETRConfig) for TIM_ETRConfig
    stm32f10x_tim.o(i.TIM_ICInit) refers to stm32f10x_tim.o(i.TI1_Config) for TI1_Config
    stm32f10x_tim.o(i.TIM_ICInit) refers to stm32f10x_tim.o(i.TIM_SetIC1Prescaler) for TIM_SetIC1Prescaler
    stm32f10x_tim.o(i.TIM_ICInit) refers to stm32f10x_tim.o(i.TI2_Config) for TI2_Config
    stm32f10x_tim.o(i.TIM_ICInit) refers to stm32f10x_tim.o(i.TIM_SetIC2Prescaler) for TIM_SetIC2Prescaler
    stm32f10x_tim.o(i.TIM_ICInit) refers to stm32f10x_tim.o(i.TI3_Config) for TI3_Config
    stm32f10x_tim.o(i.TIM_ICInit) refers to stm32f10x_tim.o(i.TIM_SetIC3Prescaler) for TIM_SetIC3Prescaler
    stm32f10x_tim.o(i.TIM_ICInit) refers to stm32f10x_tim.o(i.TI4_Config) for TI4_Config
    stm32f10x_tim.o(i.TIM_ICInit) refers to stm32f10x_tim.o(i.TIM_SetIC4Prescaler) for TIM_SetIC4Prescaler
    stm32f10x_tim.o(i.TIM_ITRxExternalClockConfig) refers to stm32f10x_tim.o(i.TIM_SelectInputTrigger) for TIM_SelectInputTrigger
    stm32f10x_tim.o(i.TIM_PWMIConfig) refers to stm32f10x_tim.o(i.TI1_Config) for TI1_Config
    stm32f10x_tim.o(i.TIM_PWMIConfig) refers to stm32f10x_tim.o(i.TIM_SetIC1Prescaler) for TIM_SetIC1Prescaler
    stm32f10x_tim.o(i.TIM_PWMIConfig) refers to stm32f10x_tim.o(i.TI2_Config) for TI2_Config
    stm32f10x_tim.o(i.TIM_PWMIConfig) refers to stm32f10x_tim.o(i.TIM_SetIC2Prescaler) for TIM_SetIC2Prescaler
    stm32f10x_tim.o(i.TIM_TIxExternalClockConfig) refers to stm32f10x_tim.o(i.TI2_Config) for TI2_Config
    stm32f10x_tim.o(i.TIM_TIxExternalClockConfig) refers to stm32f10x_tim.o(i.TI1_Config) for TI1_Config
    stm32f10x_tim.o(i.TIM_TIxExternalClockConfig) refers to stm32f10x_tim.o(i.TIM_SelectInputTrigger) for TIM_SelectInputTrigger
    system_stm32f10x.o(i.SetSysClock) refers to system_stm32f10x.o(i.SetSysClockTo72) for SetSysClockTo72
    system_stm32f10x.o(i.SystemCoreClockUpdate) refers to system_stm32f10x.o(.data) for SystemCoreClock
    system_stm32f10x.o(i.SystemInit) refers to system_stm32f10x.o(i.SetSysClock) for SetSysClock
    startup_stm32f10x_hd.o(RESET) refers to startup_stm32f10x_hd.o(STACK) for __initial_sp
    startup_stm32f10x_hd.o(RESET) refers to startup_stm32f10x_hd.o(.text) for Reset_Handler
    startup_stm32f10x_hd.o(RESET) refers to stm32f10x_it.o(i.NMI_Handler) for NMI_Handler
    startup_stm32f10x_hd.o(RESET) refers to stm32f10x_it.o(i.HardFault_Handler) for HardFault_Handler
    startup_stm32f10x_hd.o(RESET) refers to stm32f10x_it.o(i.MemManage_Handler) for MemManage_Handler
    startup_stm32f10x_hd.o(RESET) refers to stm32f10x_it.o(i.BusFault_Handler) for BusFault_Handler
    startup_stm32f10x_hd.o(RESET) refers to stm32f10x_it.o(i.UsageFault_Handler) for UsageFault_Handler
    startup_stm32f10x_hd.o(RESET) refers to stm32f10x_it.o(i.SVC_Handler) for SVC_Handler
    startup_stm32f10x_hd.o(RESET) refers to stm32f10x_it.o(i.DebugMon_Handler) for DebugMon_Handler
    startup_stm32f10x_hd.o(RESET) refers to stm32f10x_it.o(i.PendSV_Handler) for PendSV_Handler
    startup_stm32f10x_hd.o(RESET) refers to stm32f10x_it.o(i.SysTick_Handler) for SysTick_Handler
    startup_stm32f10x_hd.o(RESET) refers to timer.o(i.TIM3_IRQHandler) for TIM3_IRQHandler
    startup_stm32f10x_hd.o(RESET) refers to usart.o(i.USART1_IRQHandler) for USART1_IRQHandler
[...]
    ../clib/microlib/string/memcpy.c         0x00000000   Number         0  memcpya.o ABSOLUTE
    ../clib/microlib/string/memset.c         0x00000000   Number         0  memseta.o ABSOLUTE
    ../clib/microlib/string/strcmp.c         0x00000000   Number         0  strcmp.o ABSOLUTE
    ../clib/microlib/string/strcpy.c         0x00000000   Number         0  strcpy.o ABSOLUTE
    ../clib/microlib/string/strlen.c         0x00000000   Number         0  strlen.o ABSOLUTE
    ../clib/microlib/string/strncmp.c        0x00000000   Number         0  strncmp.o ABSOLUTE
    ../clib/microlib/string/strncpy.c        0x00000000   Number         0  strncpy.o ABSOLUTE
    ../clib/microlib/string/strstr.c         0x00000000   Number         0  strstr.o ABSOLUTE
    ../clib/microlib/string/strtok.c         0x00000000   Number         0  strtok.o ABSOLUTE
    ../clib/microlib/string/strtok.c         0x00000000   Number         0  strtok_r.o ABSOLUTE
    ../clib/microlib/stubs.s                 0x00000000   Number         0  iusefp.o ABSOLUTE
    ../clib/scanf.c                          0x00000000   Number         0  _scanf.o ABSOLUTE
    ../clib/scanf.c                          0x00000000   Number         0  strtod.o ABSOLUTE
    ../clib/scanf.c                          0x00000000   Number         0  _sgetc.o ABSOLUTE
    ../clib/scanf.c                          0x00000000   Number         0  scanf_char.o ABSOLUTE
    ../clib/scanf.c                          0x00000000   Number         0  scanf_fp.o ABSOLUTE
    ../clib/scanf.c                          0x00000000   Number         0  __0sscanf.o ABSOLUTE
    ../fplib/microlib/d2f.c                  0x00000000   Number         0  d2f.o ABSOLUTE
    ../fplib/microlib/f2d.c                  0x00000000   Number         0  f2d.o ABSOLUTE
    ../fplib/microlib/fpadd.c                0x00000000   Number         0  dadd.o ABSOLUTE
    ../fplib/microlib/fpdiv.c                0x00000000   Number         0  ddiv.o ABSOLUTE
    ../fplib/microlib/fpepilogue.c           0x00000000   Number         0  depilogue.o ABSOLUTE
    ../fplib/microlib/fpepilogue.c           0x00000000   Number         0  fepilogue.o ABSOLUTE
    ../fplib/microlib/fpfix.c                0x00000000   Number         0  dfixi.o ABSOLUTE
    ../fplib/microlib/fpfix.c                0x00000000   Number         0  dfixul.o ABSOLUTE
    ../fplib/microlib/fpflt.c                0x00000000   Number         0  dfltul.o ABSOLUTE
    ../fplib/microlib/fpflt.c                0x00000000   Number         0  dflti.o ABSOLUTE
    ../fplib/microlib/fpmul.c                0x00000000   Number         0  dmul.o ABSOLUTE
    ../mathlib/strtod.c                      0x00000000   Number         0  strtod.o ABSOLUTE
    ..\STM32XX_Driver\src\misc.c             0x00000000   Number         0  misc.o ABSOLUTE
    ..\STM32XX_Driver\src\stm32f10x_gpio.c   0x00000000   Number         0  stm32f10x_gpio.o ABSOLUTE
    ..\STM32XX_Driver\src\stm32f10x_rcc.c    0x00000000   Number         0  stm32f10x_rcc.o ABSOLUTE
    ..\STM32XX_Driver\src\stm32f10x_spi.c    0x00000000   Number         0  stm32f10x_spi.o ABSOLUTE
    ..\STM32XX_Driver\src\stm32f10x_tim.c    0x00000000   Number         0  stm32f10x_tim.o ABSOLUTE
    ..\STM32XX_Driver\src\stm32f10x_usart.c  0x00000000   Number         0  stm32f10x_usart.o ABSOLUTE
    ..\System\core_cm3.c                     0x00000000   Number         0  core_cm3.o ABSOLUTE
    ..\System\startup_stm32f10x_hd.s         0x00000000   Number         0  startup_stm32f10x_hd.o ABSOLUTE
    ..\System\system_stm32f10x.c             0x00000000   Number         0  system_stm32f10x.o ABSOLUTE
    ..\User\Application\main.c               0x00000000   Number         0  main.o ABSOLUTE
    ..\User\Application\stm32f10x_it.c       0x00000000   Number         0  stm32f10x_it.o ABSOLUTE
    ..\User\Driver\cjson_test.c              0x00000000   Number         0  cjson_test.o ABSOLUTE
    ..\User\Driver\device.c                  0x00000000   Number         0  device.o ABSOLUTE
    ..\User\Driver\socket.c                  0x00000000   Number         0  socket.o ABSOLUTE
    ..\User\Driver\spi2.c                    0x00000000   Number         0  spi2.o ABSOLUTE
    ..\User\Driver\tcpc.c                    0x00000000   Number         0  tcpc.o ABSOLUTE
    ..\User\Driver\timer.c                   0x00000000   Number         0  timer.o ABSOLUTE
    ..\User\Driver\ult.c                     0x00000000   Number         0  ult.o ABSOLUTE
    ..\User\Driver\usart.c                   0x00000000   Number         0  usart.o ABSOLUTE
    ..\User\Driver\w5500.c                   0x00000000   Number         0  w5500.o ABSOLUTE
    ..\User\MQTT\MQTTConnectClient.c         0x00000000   Number         0  mqttconnectclient.o ABSOLUTE
    ..\User\MQTT\MQTTConnectServer.c         0x00000000   Number         0  mqttconnectserver.o ABSOLUTE
    ..\User\MQTT\MQTTDeserializePublish.c    0x00000000   Number         0  mqttdeserializepublish.o ABSOLUTE
    ..\User\MQTT\MQTTFormat.c                0x00000000   Number         0  mqttformat.o ABSOLUTE
    ..\User\MQTT\MQTTPacket.c                0x00000000   Number         0  mqttpacket.o ABSOLUTE
    ..\User\MQTT\MQTTSerializePublish.c      0x00000000   Number         0  mqttserializepublish.o ABSOLUTE
    ..\User\MQTT\MQTTSubscribeClient.c       0x00000000   Number         0  mqttsubscribeclient.o ABSOLUTE
    ..\User\MQTT\MQTTSubscribeServer.c       0x00000000   Number         0  mqttsubscribeserver.o ABSOLUTE
    ..\User\MQTT\MQTTUnsubscribeClient.c     0x00000000   Number         0  mqttunsubscribeclient.o ABSOLUTE
    ..\User\MQTT\MQTTUnsubscribeServer.c     0x00000000   Number         0  mqttunsubscribeserver.o ABSOLUTE
    ..\User\MQTT\cJSON.c                     0x00000000   Number         0  cjson.o ABSOLUTE
    ..\User\MQTT\transport.c                 0x00000000   Number         0  transport.o ABSOLUTE
    ..\\System\\core_cm3.c                   0x00000000   Number         0  core_cm3.o ABSOLUTE
    cdcmple.s                                0x00000000   Number         0  cdcmple.o ABSOLUTE
    cdrcmple.s                               0x00000000   Number         0  cdrcmple.o ABSOLUTE
    dc.s                                     0x00000000   Number         0  dc.o ABSOLUTE
    handlers.s                               0x00000000   Number         0  handlers.o ABSOLUTE
    init.s                                   0x00000000   Number         0  init.o ABSOLUTE
    RESET                                    0x08000000   Section      304  startup_stm32f10x_hd.o(RESET)
    .ARM.Collect$$$$00000000                 0x08000130   Section        0  entry.o(.ARM.Collect$$$$00000000)
    .ARM.Collect$$$$00000001                 0x08000130   Section        4  entry2.o(.ARM.Collect$$$$00000001)
    .ARM.Collect$$$$00000004                 0x08000134   Section        4  entry5.o(.ARM.Collect$$$$00000004)
    .ARM.Collect$$$$00000008                 0x08000138   Section        0  entry7b.o(.ARM.Collect$$$$00000008)
    .ARM.Collect$$$$0000000A                 0x08000138   Section        0  entry8b.o(.ARM.Collect$$$$0000000A)
    .ARM.Collect$$$$0000000B                 0x08000138   Section        8  entry9a.o(.ARM.Collect$$$$0000000B)
    .ARM.Collect$$$$0000000D                 0x08000140   Section        0  entry10a.o(.ARM.Collect$$$$0000000D)
    .ARM.Collect$$$$0000000F                 0x08000140   Section        0  entry11a.o(.ARM.Collect$$$$0000000F)
    .ARM.Collect$$$$00002712                 0x08000140   Section        4  entry2.o(.ARM.Collect$$$$00002712)
    __lit__00000000                          0x08000140   Data           4  entry2.o(.ARM.Collect$$$$00002712)
    .text                                    0x08000144   Section       36  startup_stm32f10x_hd.o(.text)
    .text                                    0x08000168   Section        0  memcpya.o(.text)
    .text                                    0x0800018c   Section        0  memseta.o(.text)
    .text                                    0x080001b0   Section        0  strlen.o(.text)
    .text                                    0x080001be   Section        0  strcpy.o(.text)
    .text                                    0x080001d0   Section        0  __0sscanf.o(.text)
    .text                                    0x08000208   Section        0  scanf_fp.o(.text)
    _fp_value                                0x08000209   Thumb Code   296  scanf_fp.o(.text)
    .text                                    0x08000568   Section        0  dadd.o(.text)
    .text                                    0x080006b6   Section        0  dmul.o(.text)
    .text                                    0x0800079c   Section       48  cdcmple.o(.text)
    .text                                    0x080007cc   Section       48  cdrcmple.o(.text)
    .text                                    0x080007fc   Section        0  uidiv.o(.text)
    .text                                    0x08000828   Section        0  uldiv.o(.text)
    .text                                    0x0800088a   Section        0  llshl.o(.text)
    .text                                    0x080008a8   Section        0  llushr.o(.text)
    .text                                    0x080008c8   Section        0  llsshr.o(.text)
    .text                                    0x080008ec   Section        0  scanf_char.o(.text)
    _scanf_char_input                        0x080008ed   Thumb Code    12  scanf_char.o(.text)
    .text                                    0x08000914   Section        0  _sgetc.o(.text)
    .text                                    0x08000954   Section        0  depilogue.o(.text)
    .text                                    0x08000954   Section        0  iusefp.o(.text)
    .text                                    0x08000a0e   Section        0  ddiv.o(.text)
    .text                                    0x08000aec   Section        0  dfltul.o(.text)
    .text                                    0x08000b04   Section        0  dfixul.o(.text)
    .text                                    0x08000b34   Section        0  d2f.o(.text)
    .text                                    0x08000b6c   Section       36  init.o(.text)
    .text                                    0x08000b90   Section        0  isspace_c.o(.text)
    .text                                    0x08000b9c   Section        0  _scanf.o(.text)
    .text                                    0x08000ec8   Section        0  fepilogue.o(.text)
    .text                                    0x08000f38   Section        0  ctype_c.o(.text)
    i.BusFault_Handler                       0x08000f60   Section        0  stm32f10x_it.o(i.BusFault_Handler)
    i.DebugMon_Handler                       0x08000f64   Section        0  stm32f10x_it.o(i.DebugMon_Handler)
    i.Delay_ms                               0x08000f68   Section        0  ult.o(i.Delay_ms)
    i.Delay_us                               0x08000fa4   Section        0  ult.o(i.Delay_us)
    i.GPIO_Configuration                     0x08000fe0   Section        0  device.o(i.GPIO_Configuration)
    i.GPIO_Init                              0x08001074   Section        0  stm32f10x_gpio.o(i.GPIO_Init)
    i.GPIO_ResetBits                         0x0800118a   Section        0  stm32f10x_gpio.o(i.GPIO_ResetBits)
    i.GPIO_SetBits                           0x0800118e   Section        0  stm32f10x_gpio.o(i.GPIO_SetBits)
    i.HardFault_Handler                      0x08001192   Section        0  stm32f10x_it.o(i.HardFault_Handler)
    i.IINCHIP_CSoff                          0x08001196   Section        0  w5500.o(i.IINCHIP_CSoff)
    i.IINCHIP_CSon                           0x080011a0   Section        0  w5500.o(i.IINCHIP_CSon)
    i.IINCHIP_READ                           0x080011aa   Section        0  w5500.o(i.IINCHIP_READ)
    i.IINCHIP_SpiSendData                    0x080011dc   Section        0  w5500.o(i.IINCHIP_SpiSendData)
    i.IINCHIP_WRITE                          0x080011e8   Section        0  w5500.o(i.IINCHIP_WRITE)
    i.MQTTConnectMessage                     0x0800121c   Section        0  transport.o(i.MQTTConnectMessage)
    i.MQTTDeserialize_publish                0x0800126c   Section        0  mqttdeserializepublish.o(i.MQTTDeserialize_publish)
    i.MQTTJSON_Online                        0x08001314   Section        0  cjson_test.o(i.MQTTJSON_Online)
    i.MQTTPacket_decode                      0x08001394   Section        0  mqttpacket.o(i.MQTTPacket_decode)
    i.MQTTPacket_decodeBuf                   0x080013ec   Section        0  mqttpacket.o(i.MQTTPacket_decodeBuf)
    i.MQTTPacket_encode                      0x08001408   Section        0  mqttpacket.o(i.MQTTPacket_encode)
    i.MQTTPacket_len                         0x08001440   Section        0  mqttpacket.o(i.MQTTPacket_len)
    i.MQTTPacket_read                        0x08001468   Section        0  mqttpacket.o(i.MQTTPacket_read)
    i.MQTTParseHeader                        0x080014ce   Section        0  transport.o(i.MQTTParseHeader)
    i.MQTTSerialize_connect                  0x080014e8   Section        0  mqttconnectclient.o(i.MQTTSerialize_connect)
    i.MQTTSerialize_connectLength            0x08001650   Section        0  mqttconnectclient.o(i.MQTTSerialize_connectLength)
    i.MQTTSerialize_publish                  0x080016c6   Section        0  mqttserializepublish.o(i.MQTTSerialize_publish)
    i.MQTTSerialize_publishLength            0x08001776   Section        0  mqttserializepublish.o(i.MQTTSerialize_publishLength)
    i.MQTTSerialize_subscribe                0x08001798   Section        0  mqttsubscribeclient.o(i.MQTTSerialize_subscribe)
    i.MQTTSerialize_subscribeLength          0x08001848   Section        0  mqttsubscribeclient.o(i.MQTTSerialize_subscribeLength)
    i.MQTTSubscribeMessage                   0x08001876   Section        0  transport.o(i.MQTTSubscribeMessage)
    i.MQTTstrlen                             0x080018c8   Section        0  mqttpacket.o(i.MQTTstrlen)
    i.MemManage_Handler                      0x080018e0   Section        0  stm32f10x_it.o(i.MemManage_Handler)
    i.NMI_Handler                            0x080018e4   Section        0  stm32f10x_it.o(i.NMI_Handler)
    i.NVIC_Configuration                     0x080018e6   Section        0  device.o(i.NVIC_Configuration)
    i.NVIC_Init                              0x0800191c   Section        0  misc.o(i.NVIC_Init)
    i.NVIC_PriorityGroupConfig               0x0800198c   Section        0  misc.o(i.NVIC_PriorityGroupConfig)
    i.NVIC_SetVectorTable                    0x080019a0   Section        0  misc.o(i.NVIC_SetVectorTable)
    i.PendSV_Handler                         0x080019b4   Section        0  stm32f10x_it.o(i.PendSV_Handler)
    i.RCC_APB1PeriphClockCmd                 0x080019b8   Section        0  stm32f10x_rcc.o(i.RCC_APB1PeriphClockCmd)
    i.RCC_APB2PeriphClockCmd                 0x080019d8   Section        0  stm32f10x_rcc.o(i.RCC_APB2PeriphClockCmd)
    i.RCC_GetClocksFreq                      0x080019f8   Section        0  stm32f10x_rcc.o(i.RCC_GetClocksFreq)
    i.Reset_W5500                            0x08001acc   Section        0  device.o(i.Reset_W5500)
    i.SPI2_SendByte                          0x08001af8   Section        0  spi2.o(i.SPI2_SendByte)
    i.SPI_Cmd                                0x08001b30   Section        0  stm32f10x_spi.o(i.SPI_Cmd)
    i.SPI_I2S_GetFlagStatus                  0x08001b48   Section        0  stm32f10x_spi.o(i.SPI_I2S_GetFlagStatus)
    i.SPI_I2S_ReceiveData                    0x08001b5a   Section        0  stm32f10x_spi.o(i.SPI_I2S_ReceiveData)
    i.SPI_I2S_SendData                       0x08001b60   Section        0  stm32f10x_spi.o(i.SPI_I2S_SendData)
    i.SPI_Init                               0x08001b64   Section        0  stm32f10x_spi.o(i.SPI_Init)
    i.SVC_Handler                            0x08001ba0   Section        0  stm32f10x_it.o(i.SVC_Handler)
    i.SetSysClock                            0x08001ba2   Section        0  system_stm32f10x.o(i.SetSysClock)
    SetSysClock                              0x08001ba3   Thumb Code     8  system_stm32f10x.o(i.SetSysClock)
    i.SetSysClockTo72                        0x08001bac   Section        0  system_stm32f10x.o(i.SetSysClockTo72)
    SetSysClockTo72                          0x08001bad   Thumb Code   214  system_stm32f10x.o(i.SetSysClockTo72)
    i.SysTick_Handler                        0x08001c8c   Section        0  stm32f10x_it.o(i.SysTick_Handler)
    i.SystemInit                             0x08001c90   Section        0  system_stm32f10x.o(i.SystemInit)
    i.Systick_Init                           0x08001cf0   Section        0  ult.o(i.Systick_Init)
    i.TIM3_IRQHandler                        0x08001d30   Section        0  timer.o(i.TIM3_IRQHandler)
    i.TIM3_Int_Init                          0x08001d58   Section        0  timer.o(i.TIM3_Int_Init)
    i.TIM_ClearITPendingBit                  0x08001db0   Section        0  stm32f10x_tim.o(i.TIM_ClearITPendingBit)
    i.TIM_Cmd                                0x08001db6   Section        0  stm32f10x_tim.o(i.TIM_Cmd)
    i.TIM_GetITStatus                        0x08001dce   Section        0  stm32f10x_tim.o(i.TIM_GetITStatus)
    i.TIM_ITConfig                           0x08001df0   Section        0  stm32f10x_tim.o(i.TIM_ITConfig)
    i.TIM_TimeBaseInit                       0x08001e04   Section        0  stm32f10x_tim.o(i.TIM_TimeBaseInit)
    i.USART1_IRQHandler                      0x08001ea8   Section        0  usart.o(i.USART1_IRQHandler)
    i.USART1_Init                            0x08001f30   Section        0  usart.o(i.USART1_Init)
    i.USART_Cmd                              0x08001fb4   Section        0  stm32f10x_usart.o(i.USART_Cmd)
    i.USART_GetFlagStatus                    0x08001fcc   Section        0  stm32f10x_usart.o(i.USART_GetFlagStatus)
    i.USART_GetITStatus                      0x08001fe6   Section        0  stm32f10x_usart.o(i.USART_GetITStatus)
    i.USART_ITConfig                         0x0800203a   Section        0  stm32f10x_usart.o(i.USART_ITConfig)
    i.USART_Init                             0x08002084   Section        0  stm32f10x_usart.o(i.USART_Init)
    i.USART_ReceiveData                      0x0800215c   Section        0  stm32f10x_usart.o(i.USART_ReceiveData)
    i.USART_SendData                         0x08002166   Section        0  stm32f10x_usart.o(i.USART_SendData)
    i.UsageFault_Handler                     0x0800216e   Section        0  stm32f10x_it.o(i.UsageFault_Handler)
    i.WIZ_CS                                 0x08002174   Section        0  spi2.o(i.WIZ_CS)
    i.WIZ_SPI_Init                           0x08002198   Section        0  spi2.o(i.WIZ_SPI_Init)
    i.__0printf                              0x08002240   Section        0  printfa.o(i.__0printf)
    i.__0sprintf                             0x08002260   Section        0  printfa.o(i.__0sprintf)
    i.__free$realloc                         0x08002288   Section        0  mallocr.o(i.__free$realloc)
    i.__malloc$realloc                       0x080022e4   Section        0  mallocr.o(i.__malloc$realloc)
    i.__scatterload_copy                     0x08002334   Section       14  handlers.o(i.__scatterload_copy)
    i.__scatterload_null                     0x08002342   Section        2  handlers.o(i.__scatterload_null)
    i.__scatterload_zeroinit                 0x08002344   Section       14  handlers.o(i.__scatterload_zeroinit)
    i._fp_digits                             0x08002354   Section        0  printfa.o(i._fp_digits)
    _fp_digits                               0x08002355   Thumb Code   366  printfa.o(i._fp_digits)
    i._is_digit                              0x080024d8   Section        0  scanf_fp.o(i._is_digit)
    i._printf_core                           0x080024e8   Section        0  printfa.o(i._printf_core)
    _printf_core                             0x080024e9   Thumb Code  1744  printfa.o(i._printf_core)
    i._printf_post_padding                   0x08002bc4   Section        0  printfa.o(i._printf_post_padding)
    _printf_post_padding                     0x08002bc5   Thumb Code    36  printfa.o(i._printf_post_padding)
    i._printf_pre_padding                    0x08002be8   Section        0  printfa.o(i._printf_pre_padding)
    _printf_pre_padding                      0x08002be9   Thumb Code    46  printfa.o(i._printf_pre_padding)
    i._sputc                                 0x08002c16   Section        0  printfa.o(i._sputc)
    _sputc                                   0x08002c17   Thumb Code    10  printfa.o(i._sputc)
    i.add_item_to_array                      0x08002c20   Section        0  cjson.o(i.add_item_to_array)
    add_item_to_array                        0x08002c21   Thumb Code    54  cjson.o(i.add_item_to_array)
    i.add_item_to_object                     0x08002c56   Section        0  cjson.o(i.add_item_to_object)
    add_item_to_object                       0x08002c57   Thumb Code   122  cjson.o(i.add_item_to_object)
    i.bufchar                                0x08002cd0   Section        0  mqttpacket.o(i.bufchar)
    i.cJSON_AddItemToObject                  0x08002cf8   Section        0  cjson.o(i.cJSON_AddItemToObject)
    i.cJSON_CreateObject                     0x08002d18   Section        0  cjson.o(i.cJSON_CreateObject)
    i.cJSON_CreateString                     0x08002d30   Section        0  cjson.o(i.cJSON_CreateString)
    i.cJSON_Delete                           0x08002d64   Section        0  cjson.o(i.cJSON_Delete)
    i.cJSON_New_Item                         0x08002dbc   Section        0  cjson.o(i.cJSON_New_Item)
    cJSON_New_Item                           0x08002dbd   Thumb Code    26  cjson.o(i.cJSON_New_Item)
    i.cJSON_PrintUnformatted                 0x08002dd8   Section        0  cjson.o(i.cJSON_PrintUnformatted)
    i.cJSON_strdup                           0x08002dec   Section        0  cjson.o(i.cJSON_strdup)
    cJSON_strdup                             0x08002ded   Thumb Code    56  cjson.o(i.cJSON_strdup)
    i.cast_away_const                        0x08002e24   Section        0  cjson.o(i.cast_away_const)
    cast_away_const                          0x08002e25   Thumb Code     2  cjson.o(i.cast_away_const)
    i.close                                  0x08002e26   Section        0  socket.o(i.close)
    i.compare_double                         0x08002e5c   Section        0  cjson.o(i.compare_double)
    compare_double                           0x08002e5d   Thumb Code   112  cjson.o(i.compare_double)
    i.connect                                0x08002ed0   Section        0  socket.o(i.connect)
    i.ensure                                 0x08002fc8   Section        0  cjson.o(i.ensure)
    ensure                                   0x08002fc9   Thumb Code   184  cjson.o(i.ensure)
    i.fputc                                  0x08003080   Section        0  usart.o(i.fputc)
    i.getGAR                                 0x080030a4   Section        0  w5500.o(i.getGAR)
    i.getIINCHIP_TxMAX                       0x080030b4   Section        0  w5500.o(i.getIINCHIP_TxMAX)
    i.getSIPR                                0x080030c4   Section        0  w5500.o(i.getSIPR)
    i.getSUBR                                0x080030d6   Section        0  w5500.o(i.getSUBR)
    i.getSn_IR                               0x080030e8   Section        0  w5500.o(i.getSn_IR)
    i.getSn_RX_RSR                           0x080030fa   Section        0  w5500.o(i.getSn_RX_RSR)
    i.getSn_SR                               0x0800314e   Section        0  w5500.o(i.getSn_SR)
    i.getSn_TX_FSR                           0x08003160   Section        0  w5500.o(i.getSn_TX_FSR)
    i.get_decimal_point                      0x080031b4   Section        0  cjson.o(i.get_decimal_point)
    get_decimal_point                        0x080031b5   Thumb Code     4  cjson.o(i.get_decimal_point)
    i.internal_alloc                         0x080031b8   Section        0  mallocr.o(i.internal_alloc)
    internal_alloc                           0x080031b9   Thumb Code    76  mallocr.o(i.internal_alloc)
    i.main                                   0x08003208   Section        0  main.o(i.main)
    i.print                                  0x080032f0   Section        0  cjson.o(i.print)
    print                                    0x080032f1   Thumb Code   178  cjson.o(i.print)
    i.print_array                            0x080033a2   Section        0  cjson.o(i.print_array)
    print_array                              0x080033a3   Thumb Code   178  cjson.o(i.print_array)
    i.print_number                           0x08003454   Section        0  cjson.o(i.print_number)
    print_number                             0x08003455   Thumb Code   268  cjson.o(i.print_number)
    i.print_object                           0x08003580   Section        0  cjson.o(i.print_object)
    print_object                             0x08003581   Thumb Code   372  cjson.o(i.print_object)
    i.print_string                           0x080036f4   Section        0  cjson.o(i.print_string)
    print_string                             0x080036f5   Thumb Code    16  cjson.o(i.print_string)
    i.print_string_ptr                       0x08003704   Section        0  cjson.o(i.print_string_ptr)
    print_string_ptr                         0x08003705   Thumb Code   360  cjson.o(i.print_string_ptr)
    i.print_value                            0x08003878   Section        0  cjson.o(i.print_value)
    print_value                              0x08003879   Thumb Code   236  cjson.o(i.print_value)
    i.readChar                               0x0800397c   Section        0  mqttpacket.o(i.readChar)
    i.readInt                                0x0800398a   Section        0  mqttpacket.o(i.readInt)
    i.readMQTTLenString                      0x080039a4   Section        0  mqttpacket.o(i.readMQTTLenString)
    i.realloc                                0x080039e0   Section        0  mallocr.o(i.realloc)
    i.recv                                   0x08003a4c   Section        0  socket.o(i.recv)
    i.recv_data_processing                   0x08003a90   Section        0  w5500.o(i.recv_data_processing)
    i.send                                   0x08003b24   Section        0  socket.o(i.send)
    i.send_data_processing                   0x08003c10   Section        0  w5500.o(i.send_data_processing)
    i.setGAR                                 0x08003c7c   Section        0  w5500.o(i.setGAR)
    i.setRCR                                 0x08003c8c   Section        0  w5500.o(i.setRCR)
    i.setRTR                                 0x08003c9c   Section        0  w5500.o(i.setRTR)
    i.setSHAR                                0x08003cb6   Section        0  w5500.o(i.setSHAR)
    i.setSIPR                                0x08003cc8   Section        0  w5500.o(i.setSIPR)
    i.setSUBR                                0x08003cda   Section        0  w5500.o(i.setSUBR)
    i.setSn_IR                               0x08003cec   Section        0  w5500.o(i.setSn_IR)
    i.set_default                            0x08003d04   Section        0  device.o(i.set_default)
    i.set_network                            0x08003d80   Section        0  device.o(i.set_network)
    i.setkeepalive                           0x08003e74   Section        0  w5500.o(i.setkeepalive)
    i.socket                                 0x08003e88   Section        0  socket.o(i.socket)
    i.suffix_object                          0x08003f4c   Section        0  cjson.o(i.suffix_object)
    suffix_object                            0x08003f4d   Thumb Code     6  cjson.o(i.suffix_object)
    i.sysinit                                0x08003f54   Section        0  w5500.o(i.sysinit)
    i.tcpc                                   0x0800408c   Section        0  tcpc.o(i.tcpc)
    i.transport_getdata                      0x0800437c   Section        0  transport.o(i.transport_getdata)
    i.update_offset                          0x08004392   Section        0  cjson.o(i.update_offset)
    update_offset                            0x08004393   Thumb Code    36  cjson.o(i.update_offset)
    i.wiz_read_buf                           0x080043b8   Section        0  w5500.o(i.wiz_read_buf)
    i.wiz_write_buf                          0x08004420   Section        0  w5500.o(i.wiz_write_buf)
    i.writeCString                           0x08004488   Section        0  mqttpacket.o(i.writeCString)
    i.writeChar                              0x080044b0   Section        0  mqttpacket.o(i.writeChar)
    i.writeInt                               0x080044bc   Section        0  mqttpacket.o(i.writeInt)
    i.writeMQTTString                        0x080044ec   Section        0  mqttpacket.o(i.writeMQTTString)
    .constdata                               0x0800452c   Section       88  transport.o(.constdata)
    .constdata                               0x08004584   Section       64  ctype_c.o(.constdata)
    .data                                    0x20000000   Section       20  stm32f10x_rcc.o(.data)
    APBAHBPrescTable                         0x20000000   Data          16  stm32f10x_rcc.o(.data)
    ADCPrescTable                            0x20000010   Data           4  stm32f10x_rcc.o(.data)
    .data                                    0x20000014   Section       16  device.o(.data)
    .data                                    0x20000024   Section        2  socket.o(.data)
    local_port                               0x20000024   Data           2  socket.o(.data)
    .data                                    0x20000026   Section        4  ult.o(.data)
    fac_us                                   0x20000026   Data           1  ult.o(.data)
    fac_ms                                   0x20000028   Data           2  ult.o(.data)
    .data                                    0x2000002a   Section        2  usart.o(.data)
    .data                                    0x2000002c   Section        3  tcpc.o(.data)
    .data                                    0x20000030   Section        4  mqttpacket.o(.data)
    bufptr                                   0x20000030   Data           4  mqttpacket.o(.data)
    .data                                    0x20000034   Section       20  cjson.o(.data)
    global_error                             0x20000034   Data           8  cjson.o(.data)
    global_hooks                             0x2000003c   Data          12  cjson.o(.data)
    .data                                    0x20000048   Section        4  stdout.o(.data)
    .data                                    0x2000004c   Section        4  mvars.o(.data)
    .data                                    0x20000050   Section        4  mvars.o(.data)
    .bss                                     0x20000054   Section     1526  device.o(.bss)
    .bss                                     0x2000064a   Section      200  usart.o(.bss)
    .bss                                     0x20000712   Section       32  w5500.o(.bss)
    SSIZE                                    0x20000712   Data          16  w5500.o(.bss)
    RSIZE                                    0x20000722   Data          16  w5500.o(.bss)
    HEAP                                     0x20000738   Section     3072  startup_stm32f10x_hd.o(HEAP)
    STACK                                    0x20001338   Section     3840  startup_stm32f10x_hd.o(STACK)

    Global Symbols

    Symbol Name                              Value     Ov Type        Size  Object(Section)

    BuildAttributes$$THM_ISAv4$P$D$K$B$S$PE$A:L22UL41UL21$X:L11$S22US41US21$IEEE1$IW$USESV6$~STKCKD$USESV7$~SHL$OTIME$ROPI$IEEEJ$EBA8$MICROLIB$REQ8$PRES8$EABIv2 0x00000000   Number         0  anon$$obj.o ABSOLUTE
    __ARM_use_no_argv                        0x00000000   Number         0  main.o ABSOLUTE
    _printf_a                                0x00000000   Number         0  stubs.o ABSOLUTE
    _printf_c                                0x00000000   Number         0  stubs.o ABSOLUTE
    _printf_charcount                        0x00000000   Number         0  stubs.o ABSOLUTE
    _printf_d                                0x00000000   Number         0  stubs.o ABSOLUTE
    _printf_e                                0x00000000   Number         0  stubs.o ABSOLUTE
    _printf_f                                0x00000000   Number         0  stubs.o ABSOLUTE
    _printf_flags                            0x00000000   Number         0  stubs.o ABSOLUTE
    _printf_fp_dec                           0x00000000   Number         0  stubs.o ABSOLUTE
    _printf_fp_hex                           0x00000000   Number         0  stubs.o ABSOLUTE
    _printf_g                                0x00000000   Number         0  stubs.o ABSOLUTE
    _printf_i                                0x00000000   Number         0  stubs.o ABSOLUTE
    _printf_int_dec                          0x00000000   Number         0  stubs.o ABSOLUTE
    _printf_l                                0x00000000   Number         0  stubs.o ABSOLUTE
    _printf_lc                               0x00000000   Number         0  stubs.o ABSOLUTE
    _printf_ll                               0x00000000   Number         0  stubs.o ABSOLUTE
    _printf_lld                              0x00000000   Number         0  stubs.o ABSOLUTE
    _printf_lli                              0x00000000   Number         0  stubs.o ABSOLUTE
    _printf_llo                              0x00000000   Number         0  stubs.o ABSOLUTE
    _printf_llu                              0x00000000   Number         0  stubs.o ABSOLUTE
    _printf_llx                              0x00000000   Number         0  stubs.o ABSOLUTE
    _printf_longlong_dec                     0x00000000   Number         0  stubs.o ABSOLUTE
    _printf_longlong_hex                     0x00000000   Number         0  stubs.o ABSOLUTE
    _printf_longlong_oct                     0x00000000   Number         0  stubs.o ABSOLUTE
    _printf_ls                               0x00000000   Number         0  stubs.o ABSOLUTE
    _printf_mbtowc                           0x00000000   Number         0  stubs.o ABSOLUTE
    _printf_n                                0x00000000   Number         0  stubs.o ABSOLUTE
    _printf_o                                0x00000000   Number         0  stubs.o ABSOLUTE
    _printf_p                                0x00000000   Number         0  stubs.o ABSOLUTE
    _printf_percent                          0x00000000   Number         0  stubs.o ABSOLUTE
    _printf_pre_padding                      0x00000000   Number         0  stubs.o ABSOLUTE
    _printf_return_value                     0x00000000   Number         0  stubs.o ABSOLUTE
    _printf_s                                0x00000000   Number         0  stubs.o ABSOLUTE
    _printf_sizespec                         0x00000000   Number         0  stubs.o ABSOLUTE
    _printf_str                              0x00000000   Number         0  stubs.o ABSOLUTE
    _printf_truncate_signed                  0x00000000   Number         0  stubs.o ABSOLUTE
    _printf_truncate_unsigned                0x00000000   Number         0  stubs.o ABSOLUTE
    _printf_u                                0x00000000   Number         0  stubs.o ABSOLUTE
    _printf_wc                               0x00000000   Number         0  stubs.o ABSOLUTE
    _printf_wctomb                           0x00000000   Number         0  stubs.o ABSOLUTE
    _printf_widthprec                        0x00000000   Number         0  stubs.o ABSOLUTE
    _printf_x                                0x00000000   Number         0  stubs.o ABSOLUTE
    __cpp_initialize__aeabi_                  - Undefined Weak Reference
    __cxa_finalize                            - Undefined Weak Reference
    __decompress                              - Undefined Weak Reference
    _clock_init                               - Undefined Weak Reference
    _microlib_exit                            - Undefined Weak Reference
    _scanf_int                                - Undefined Weak Reference
    _scanf_longlong                           - Undefined Weak Reference
    _scanf_string                             - Undefined Weak Reference
    __Vectors_Size                           0x00000130   Number         0  startup_stm32f10x_hd.o ABSOLUTE
    __Vectors                                0x08000000   Data           4  startup_stm32f10x_hd.o(RESET)
    __Vectors_End                            0x08000130   Data           0  startup_stm32f10x_hd.o(RESET)
    __main                                   0x08000131   Thumb Code     0  entry.o(.ARM.Collect$$$$00000000)
    _main_stk                                0x08000131   Thumb Code     0  entry2.o(.ARM.Collect$$$$00000001)
    _main_scatterload                        0x08000135   Thumb Code     0  entry5.o(.ARM.Collect$$$$00000004)
    __main_after_scatterload                 0x08000139   Thumb Code     0  entry5.o(.ARM.Collect$$$$00000004)
    _main_clock                              0x08000139   Thumb Code     0  entry7b.o(.ARM.Collect$$$$00000008)
    _main_cpp_init                           0x08000139   Thumb Code     0  entry8b.o(.ARM.Collect$$$$0000000A)
    _main_init                               0x08000139   Thumb Code     0  entry9a.o(.ARM.Collect$$$$0000000B)
    __rt_final_cpp                           0x08000141   Thumb Code     0  entry10a.o(.ARM.Collect$$$$0000000D)
    __rt_final_exit                          0x08000141   Thumb Code     0  entry11a.o(.ARM.Collect$$$$0000000F)
    Reset_Handler                            0x08000145   Thumb Code     8  startup_stm32f10x_hd.o(.text)
    ADC1_2_IRQHandler                        0x0800015f   Thumb Code     0  startup_stm32f10x_hd.o(.text)
    ADC3_IRQHandler                          0x0800015f   Thumb Code     0  startup_stm32f10x_hd.o(.text)
    CAN1_RX1_IRQHandler                      0x0800015f   Thumb Code     0  startup_stm32f10x_hd.o(.text)
    CAN1_SCE_IRQHandler                      0x0800015f   Thumb Code     0  startup_stm32f10x_hd.o(.text)
    DMA1_Channel1_IRQHandler                 0x0800015f   Thumb Code     0  startup_stm32f10x_hd.o(.text)
    DMA1_Channel2_IRQHandler                 0x0800015f   Thumb Code     0  startup_stm32f10x_hd.o(.text)
    DMA1_Channel3_IRQHandler                 0x0800015f   Thumb Code     0  startup_stm32f10x_hd.o(.text)
    DMA1_Channel4_IRQHandler                 0x0800015f   Thumb Code     0  startup_stm32f10x_hd.o(.text)
    DMA1_Channel5_IRQHandler                 0x0800015f   Thumb Code     0  startup_stm32f10x_hd.o(.text)
    DMA1_Channel6_IRQHandler                 0x0800015f   Thumb Code     0  startup_stm32f10x_hd.o(.text)
    DMA1_Channel7_IRQHandler                 0x0800015f   Thumb Code     0  startup_stm32f10x_hd.o(.text)
    DMA2_Channel1_IRQHandler                 0x0800015f   Thumb Code     0  startup_stm32f10x_hd.o(.text)
    DMA2_Channel2_IRQHandler                 0x0800015f   Thumb Code     0  startup_stm32f10x_hd.o(.text)
    DMA2_Channel3_IRQHandler                 0x0800015f   Thumb Code     0  startup_stm32f10x_hd.o(.text)
    DMA2_Channel4_5_IRQHandler               0x0800015f   Thumb Code     0  startup_stm32f10x_hd.o(.text)
    EXTI0_IRQHandler                         0x0800015f   Thumb Code     0  startup_stm32f10x_hd.o(.text)
    EXTI15_10_IRQHandler                     0x0800015f   Thumb Code     0  startup_stm32f10x_hd.o(.text)
    EXTI1_IRQHandler                         0x0800015f   Thumb Code     0  startup_stm32f10x_hd.o(.text)
    EXTI2_IRQHandler                         0x0800015f   Thumb Code     0  startup_stm32f10x_hd.o(.text)
    EXTI3_IRQHandler                         0x0800015f   Thumb Code     0  startup_stm32f10x_hd.o(.text)
    EXTI4_IRQHandler                         0x0800015f   Thumb Code     0  startup_stm32f10x_hd.o(.text)
    EXTI9_5_IRQHandler                       0x0800015f   Thumb Code     0  startup_stm32f10x_hd.o(.text)
    FLASH_IRQHandler                         0x0800015f   Thumb Code     0  startup_stm32f10x_hd.o(.text)
    FSMC_IRQHandler                          0x0800015f   Thumb Code     0  startup_stm32f10x_hd.o(.text)
    I2C1_ER_IRQHandler                       0x0800015f   Thumb Code     0  startup_stm32f10x_hd.o(.text)
    I2C1_EV_IRQHandler                       0x0800015f   Thumb Code     0  startup_stm32f10x_hd.o(.text)
    I2C2_ER_IRQHandler                       0x0800015f   Thumb Code     0  startup_stm32f10x_hd.o(.text)
    I2C2_EV_IRQHandler                       0x0800015f   Thumb Code     0  startup_stm32f10x_hd.o(.text)
    PVD_IRQHandler                           0x0800015f   Thumb Code     0  startup_stm32f10x_hd.o(.text)
    RCC_IRQHandler                           0x0800015f   Thumb Code     0  startup_stm32f10x_hd.o(.text)
    RTCAlarm_IRQHandler                      0x0800015f   Thumb Code     0  startup_stm32f10x_hd.o(.text)
    RTC_IRQHandler                           0x0800015f   Thumb Code     0  startup_stm32f10x_hd.o(.text)
    SDIO_IRQHandler                          0x0800015f   Thumb Code     0  startup_stm32f10x_hd.o(.text)
    SPI1_IRQHandler                          0x0800015f   Thumb Code     0  startup_stm32f10x_hd.o(.text)
    SPI2_IRQHandler                          0x0800015f   Thumb Code     0  startup_stm32f10x_hd.o(.text)
    SPI3_IRQHandler                          0x0800015f   Thumb Code     0  startup_stm32f10x_hd.o(.text)
    TAMPER_IRQHandler                        0x0800015f   Thumb Code     0  startup_stm32f10x_hd.o(.text)
    TIM1_BRK_IRQHandler                      0x0800015f   Thumb Code     0  startup_stm32f10x_hd.o(.text)
    TIM1_CC_IRQHandler                       0x0800015f   Thumb Code     0  startup_stm32f10x_hd.o(.text)
    TIM1_TRG_COM_IRQHandler                  0x0800015f   Thumb Code     0  startup_stm32f10x_hd.o(.text)
    TIM1_UP_IRQHandler                       0x0800015f   Thumb Code     0  startup_stm32f10x_hd.o(.text)
    TIM2_IRQHandler                          0x0800015f   Thumb Code     0  startup_stm32f10x_hd.o(.text)
    TIM4_IRQHandler                          0x0800015f   Thumb Code     0  startup_stm32f10x_hd.o(.text)
    TIM5_IRQHandler                          0x0800015f   Thumb Code     0  startup_stm32f10x_hd.o(.text)
    TIM6_IRQHandler                          0x0800015f   Thumb Code     0  startup_stm32f10x_hd.o(.text)
    TIM7_IRQHandler                          0x0800015f   Thumb Code     0  startup_stm32f10x_hd.o(.text)
    TIM8_BRK_IRQHandler                      0x0800015f   Thumb Code     0  startup_stm32f10x_hd.o(.text)
    TIM8_CC_IRQHandler                       0x0800015f   Thumb Code     0  startup_stm32f10x_hd.o(.text)
    TIM8_TRG_COM_IRQHandler                  0x0800015f   Thumb Code     0  startup_stm32f10x_hd.o(.text)
    TIM8_UP_IRQHandler                       0x0800015f   Thumb Code     0  startup_stm32f10x_hd.o(.text)
    UART4_IRQHandler                         0x0800015f   Thumb Code     0  startup_stm32f10x_hd.o(.text)
    UART5_IRQHandler                         0x0800015f   Thumb Code     0  startup_stm32f10x_hd.o(.text)
    USART2_IRQHandler                        0x0800015f   Thumb Code     0  startup_stm32f10x_hd.o(.text)
    USART3_IRQHandler                        0x0800015f   Thumb Code     0  startup_stm32f10x_hd.o(.text)
    USBWakeUp_IRQHandler                     0x0800015f   Thumb Code     0  startup_stm32f10x_hd.o(.text)
    USB_HP_CAN1_TX_IRQHandler                0x0800015f   Thumb Code     0  startup_stm32f10x_hd.o(.text)
    USB_LP_CAN1_RX0_IRQHandler               0x0800015f   Thumb Code     0  startup_stm32f10x_hd.o(.text)
    WWDG_IRQHandler                          0x0800015f   Thumb Code     0  startup_stm32f10x_hd.o(.text)
    __aeabi_memcpy                           0x08000169   Thumb Code    36  memcpya.o(.text)
    __aeabi_memcpy4                          0x08000169   Thumb Code     0  memcpya.o(.text)
    __aeabi_memcpy8                          0x08000169   Thumb Code     0  memcpya.o(.text)
    __aeabi_memset                           0x0800018d   Thumb Code    14  memseta.o(.text)
    __aeabi_memset4                          0x0800018d   Thumb Code     0  memseta.o(.text)
    __aeabi_memset8                          0x0800018d   Thumb Code     0  memseta.o(.text)
    __aeabi_memclr                           0x0800019b   Thumb Code     4  memseta.o(.text)
    __aeabi_memclr4                          0x0800019b   Thumb Code     0  memseta.o(.text)
    __aeabi_memclr8                          0x0800019b   Thumb Code     0  memseta.o(.text)
    _memset$wrapper                          0x0800019f   Thumb Code    18  memseta.o(.text)
    strlen                                   0x080001b1   Thumb Code    14  strlen.o(.text)
    strcpy                                   0x080001bf   Thumb Code    18  strcpy.o(.text)
    __0sscanf                                0x080001d1   Thumb Code    48  __0sscanf.o(.text)
    _scanf_real                              0x08000331   Thumb Code     0  scanf_fp.o(.text)
    _scanf_really_real                       0x08000331   Thumb Code   556  scanf_fp.o(.text)
    __aeabi_dadd                             0x08000569   Thumb Code   322  dadd.o(.text)
    __aeabi_dsub                             0x080006ab   Thumb Code     6  dadd.o(.text)
    __aeabi_drsub                            0x080006b1   Thumb Code     6  dadd.o(.text)
    __aeabi_dmul                             0x080006b7   Thumb Code   228  dmul.o(.text)
    __aeabi_cdcmpeq                          0x0800079d   Thumb Code     0  cdcmple.o(.text)
    __aeabi_cdcmple                          0x0800079d   Thumb Code    48  cdcmple.o(.text)
    __aeabi_cdrcmple                         0x080007cd   Thumb Code    48  cdrcmple.o(.text)
    __aeabi_uidiv                            0x080007fd   Thumb Code     0  uidiv.o(.text)
    __aeabi_uidivmod                         0x080007fd   Thumb Code    44  uidiv.o(.text)
    __aeabi_uldivmod                         0x08000829   Thumb Code    98  uldiv.o(.text)
    __aeabi_llsl                             0x0800088b   Thumb Code    30  llshl.o(.text)
    _ll_shift_l                              0x0800088b   Thumb Code     0  llshl.o(.text)
    __aeabi_llsr                             0x080008a9   Thumb Code    32  llushr.o(.text)
    _ll_ushift_r                             0x080008a9   Thumb Code     0  llushr.o(.text)
    __aeabi_lasr                             0x080008c9   Thumb Code    36  llsshr.o(.text)
    _ll_sshift_r                             0x080008c9   Thumb Code     0  llsshr.o(.text)
    __vfscanf_char                           0x080008f9   Thumb Code    20  scanf_char.o(.text)
    _sgetc                                   0x08000915   Thumb Code    30  _sgetc.o(.text)
    _sbackspace                              0x08000933   Thumb Code    34  _sgetc.o(.text)
    __I$use$fp                               0x08000955   Thumb Code     0  iusefp.o(.text)
    _double_round                            0x08000955   Thumb Code    30  depilogue.o(.text)
    _double_epilogue                         0x08000973   Thumb Code   156  depilogue.o(.text)
    __aeabi_ddiv                             0x08000a0f   Thumb Code   222  ddiv.o(.text)
    __aeabi_ul2d                             0x08000aed   Thumb Code    24  dfltul.o(.text)
    __aeabi_d2ulz                            0x08000b05   Thumb Code    48  dfixul.o(.text)
    __aeabi_d2f                              0x08000b35   Thumb Code    56  d2f.o(.text)
    __scatterload                            0x08000b6d   Thumb Code    28  init.o(.text)
    __scatterload_rt2                        0x08000b6d   Thumb Code     0  init.o(.text)
    isspace                                  0x08000b91   Thumb Code    10  isspace_c.o(.text)
    __vfscanf                                0x08000b9d   Thumb Code   808  _scanf.o(.text)
    _float_round                             0x08000ec9   Thumb Code    18  fepilogue.o(.text)
    _float_epilogue                          0x08000edb   Thumb Code    92  fepilogue.o(.text)
    __ctype_lookup                           0x08000f39   Thumb Code    34  ctype_c.o(.text)
    BusFault_Handler                         0x08000f61   Thumb Code     4  stm32f10x_it.o(i.BusFault_Handler)
    DebugMon_Handler                         0x08000f65   Thumb Code     2  stm32f10x_it.o(i.DebugMon_Handler)
    Delay_ms                                 0x08000f69   Thumb Code    56  ult.o(i.Delay_ms)
    Delay_us                                 0x08000fa5   Thumb Code    56  ult.o(i.Delay_us)
    GPIO_Configuration                       0x08000fe1   Thumb Code   134  device.o(i.GPIO_Configuration)
    GPIO_Init                                0x08001075   Thumb Code   278  stm32f10x_gpio.o(i.GPIO_Init)
    GPIO_ResetBits                           0x0800118b   Thumb Code     4  stm32f10x_gpio.o(i.GPIO_ResetBits)
    GPIO_SetBits                             0x0800118f   Thumb Code     4  stm32f10x_gpio.o(i.GPIO_SetBits)
    HardFault_Handler                        0x08001193   Thumb Code     4  stm32f10x_it.o(i.HardFault_Handler)
    IINCHIP_CSoff                            0x08001197   Thumb Code    10  w5500.o(i.IINCHIP_CSoff)
    IINCHIP_CSon                             0x080011a1   Thumb Code    10  w5500.o(i.IINCHIP_CSon)
    IINCHIP_READ                             0x080011ab   Thumb Code    50  w5500.o(i.IINCHIP_READ)
    IINCHIP_SpiSendData                      0x080011dd   Thumb Code    12  w5500.o(i.IINCHIP_SpiSendData)
    IINCHIP_WRITE                            0x080011e9   Thumb Code    50  w5500.o(i.IINCHIP_WRITE)
    MQTTConnectMessage                       0x0800121d   Thumb Code    74  transport.o(i.MQTTConnectMessage)
    MQTTDeserialize_publish                  0x0800126d   Thumb Code   168  mqttdeserializepublish.o(i.MQTTDeserialize_publish)
    MQTTJSON_Online                          0x08001315   Thumb Code    92  cjson_test.o(i.MQTTJSON_Online)
    MQTTPacket_decode                        0x08001395   Thumb Code    88  mqttpacket.o(i.MQTTPacket_decode)
    MQTTPacket_decodeBuf                     0x080013ed   Thumb Code    20  mqttpacket.o(i.MQTTPacket_decodeBuf)
    MQTTPacket_encode                        0x08001409   Thumb Code    54  mqttpacket.o(i.MQTTPacket_encode)
    MQTTPacket_len                           0x08001441   Thumb Code    34  mqttpacket.o(i.MQTTPacket_len)
    MQTTPacket_read                          0x08001469   Thumb Code   102  mqttpacket.o(i.MQTTPacket_read)
    MQTTParseHeader                          0x080014cf   Thumb Code    26  transport.o(i.MQTTParseHeader)
    MQTTSerialize_connect                    0x080014e9   Thumb Code   342  mqttconnectclient.o(i.MQTTSerialize_connect)
    MQTTSerialize_connectLength              0x08001651   Thumb Code   118  mqttconnectclient.o(i.MQTTSerialize_connectLength)
    MQTTSerialize_publish                    0x080016c7   Thumb Code   176  mqttserializepublish.o(i.MQTTSerialize_publish)
    MQTTSerialize_publishLength              0x08001777   Thumb Code    34  mqttserializepublish.o(i.MQTTSerialize_publishLength)
    MQTTSerialize_subscribe                  0x08001799   Thumb Code   176  mqttsubscribeclient.o(i.MQTTSerialize_subscribe)
    MQTTSerialize_subscribeLength            0x08001849   Thumb Code    46  mqttsubscribeclient.o(i.MQTTSerialize_subscribeLength)
    MQTTSubscribeMessage                     0x08001877   Thumb Code    82  transport.o(i.MQTTSubscribeMessage)
    MQTTstrlen                               0x080018c9   Thumb Code    24  mqttpacket.o(i.MQTTstrlen)
    MemManage_Handler                        0x080018e1   Thumb Code     4  stm32f10x_it.o(i.MemManage_Handler)
    NMI_Handler                              0x080018e5   Thumb Code     2  stm32f10x_it.o(i.NMI_Handler)
    NVIC_Configuration                       0x080018e7   Thumb Code    52  device.o(i.NVIC_Configuration)
    NVIC_Init                                0x0800191d   Thumb Code   100  misc.o(i.NVIC_Init)
    NVIC_PriorityGroupConfig                 0x0800198d   Thumb Code    10  misc.o(i.NVIC_PriorityGroupConfig)
    NVIC_SetVectorTable                      0x080019a1   Thumb Code    12  misc.o(i.NVIC_SetVectorTable)
    PendSV_Handler                           0x080019b5   Thumb Code     2  stm32f10x_it.o(i.PendSV_Handler)
    RCC_APB1PeriphClockCmd                   0x080019b9   Thumb Code    26  stm32f10x_rcc.o(i.RCC_APB1PeriphClockCmd)
    RCC_APB2PeriphClockCmd                   0x080019d9   Thumb Code    26  stm32f10x_rcc.o(i.RCC_APB2PeriphClockCmd)
    RCC_GetClocksFreq                        0x080019f9   Thumb Code   192  stm32f10x_rcc.o(i.RCC_GetClocksFreq)
    Reset_W5500                              0x08001acd   Thumb Code    38  device.o(i.Reset_W5500)
    SPI2_SendByte                            0x08001af9   Thumb Code    50  spi2.o(i.SPI2_SendByte)
    SPI_Cmd                                  0x08001b31   Thumb Code    24  stm32f10x_spi.o(i.SPI_Cmd)
    SPI_I2S_GetFlagStatus                    0x08001b49   Thumb Code    18  stm32f10x_spi.o(i.SPI_I2S_GetFlagStatus)
    SPI_I2S_ReceiveData                      0x08001b5b   Thumb Code     6  stm32f10x_spi.o(i.SPI_I2S_ReceiveData)
    SPI_I2S_SendData                         0x08001b61   Thumb Code     4  stm32f10x_spi.o(i.SPI_I2S_SendData)
    SPI_Init                                 0x08001b65   Thumb Code    60  stm32f10x_spi.o(i.SPI_Init)
    SVC_Handler                              0x08001ba1   Thumb Code     2  stm32f10x_it.o(i.SVC_Handler)
    SysTick_Handler                          0x08001c8d   Thumb Code     2  stm32f10x_it.o(i.SysTick_Handler)
    SystemInit                               0x08001c91   Thumb Code    78  system_stm32f10x.o(i.SystemInit)
    Systick_Init                             0x08001cf1   Thumb Code    56  ult.o(i.Systick_Init)
    TIM3_IRQHandler                          0x08001d31   Thumb Code    32  timer.o(i.TIM3_IRQHandler)
    TIM3_Int_Init                            0x08001d59   Thumb Code    82  timer.o(i.TIM3_Int_Init)
    TIM_ClearITPendingBit                    0x08001db1   Thumb Code     6  stm32f10x_tim.o(i.TIM_ClearITPendingBit)
    TIM_Cmd                                  0x08001db7   Thumb Code    24  stm32f10x_tim.o(i.TIM_Cmd)
    TIM_GetITStatus                          0x08001dcf   Thumb Code    34  stm32f10x_tim.o(i.TIM_GetITStatus)
    TIM_ITConfig                             0x08001df1   Thumb Code    18  stm32f10x_tim.o(i.TIM_ITConfig)
    TIM_TimeBaseInit                         0x08001e05   Thumb Code   122  stm32f10x_tim.o(i.TIM_TimeBaseInit)
    USART1_IRQHandler                        0x08001ea9   Thumb Code   122  usart.o(i.USART1_IRQHandler)
    USART1_Init                              0x08001f31   Thumb Code   124  usart.o(i.USART1_Init)
    USART_Cmd                                0x08001fb5   Thumb Code    24  stm32f10x_usart.o(i.USART_Cmd)
    USART_GetFlagStatus                      0x08001fcd   Thumb Code    26  stm32f10x_usart.o(i.USART_GetFlagStatus)
    USART_GetITStatus                        0x08001fe7   Thumb Code    84  stm32f10x_usart.o(i.USART_GetITStatus)
    USART_ITConfig                           0x0800203b   Thumb Code    74  stm32f10x_usart.o(i.USART_ITConfig)
    USART_Init                               0x08002085   Thumb Code   210  stm32f10x_usart.o(i.USART_Init)
    USART_ReceiveData                        0x0800215d   Thumb Code    10  stm32f10x_usart.o(i.USART_ReceiveData)
    USART_SendData                           0x08002167   Thumb Code     8  stm32f10x_usart.o(i.USART_SendData)
    UsageFault_Handler                       0x0800216f   Thumb Code     4  stm32f10x_it.o(i.UsageFault_Handler)
    WIZ_CS                                   0x08002175   Thumb Code    32  spi2.o(i.WIZ_CS)
    WIZ_SPI_Init                             0x08002199   Thumb Code   160  spi2.o(i.WIZ_SPI_Init)
    __0printf                                0x08002241   Thumb Code    22  printfa.o(i.__0printf)
    __1printf                                0x08002241   Thumb Code     0  printfa.o(i.__0printf)
    __2printf                                0x08002241   Thumb Code     0  printfa.o(i.__0printf)
    __c89printf                              0x08002241   Thumb Code     0  printfa.o(i.__0printf)
    printf                                   0x08002241   Thumb Code     0  printfa.o(i.__0printf)
    __0sprintf                               0x08002261   Thumb Code    34  printfa.o(i.__0sprintf)
    __1sprintf                               0x08002261   Thumb Code     0  printfa.o(i.__0sprintf)
    __2sprintf                               0x08002261   Thumb Code     0  printfa.o(i.__0sprintf)
    __c89sprintf                             0x08002261   Thumb Code     0  printfa.o(i.__0sprintf)
    sprintf                                  0x08002261   Thumb Code     0  printfa.o(i.__0sprintf)
    free                                     0x08002289   Thumb Code    88  mallocr.o(i.__free$realloc)
    malloc                                   0x080022e5   Thumb Code    64  mallocr.o(i.__malloc$realloc)
    __scatterload_copy                       0x08002335   Thumb Code    14  handlers.o(i.__scatterload_copy)
    __scatterload_null                       0x08002343   Thumb Code     2  handlers.o(i.__scatterload_null)
    __scatterload_zeroinit                   0x08002345   Thumb Code    14  handlers.o(i.__scatterload_zeroinit)
    _is_digit                                0x080024d9   Thumb Code    14  scanf_fp.o(i._is_digit)
    bufchar                                  0x08002cd1   Thumb Code    36  mqttpacket.o(i.bufchar)
    cJSON_AddItemToObject                    0x08002cf9   Thumb Code    26  cjson.o(i.cJSON_AddItemToObject)
    cJSON_CreateObject                       0x08002d19   Thumb Code    20  cjson.o(i.cJSON_CreateObject)
    cJSON_CreateString                       0x08002d31   Thumb Code    46  cjson.o(i.cJSON_CreateString)
    cJSON_Delete                             0x08002d65   Thumb Code    84  cjson.o(i.cJSON_Delete)
    cJSON_PrintUnformatted                   0x08002dd9   Thumb Code    16  cjson.o(i.cJSON_PrintUnformatted)
    close                                    0x08002e27   Thumb Code    52  socket.o(i.close)
    connect                                  0x08002ed1   Thumb Code   248  socket.o(i.connect)
    fputc                                    0x08003081   Thumb Code    32  usart.o(i.fputc)
    getGAR                                   0x080030a5   Thumb Code    16  w5500.o(i.getGAR)
    getIINCHIP_TxMAX                         0x080030b5   Thumb Code    10  w5500.o(i.getIINCHIP_TxMAX)
    getSIPR                                  0x080030c5   Thumb Code    18  w5500.o(i.getSIPR)
    getSUBR                                  0x080030d7   Thumb Code    18  w5500.o(i.getSUBR)
    getSn_IR                                 0x080030e9   Thumb Code    18  w5500.o(i.getSn_IR)
    getSn_RX_RSR                             0x080030fb   Thumb Code    84  w5500.o(i.getSn_RX_RSR)
    getSn_SR                                 0x0800314f   Thumb Code    18  w5500.o(i.getSn_SR)
    getSn_TX_FSR                             0x08003161   Thumb Code    84  w5500.o(i.getSn_TX_FSR)
    main                                     0x08003209   Thumb Code   118  main.o(i.main)
    readChar                                 0x0800397d   Thumb Code    14  mqttpacket.o(i.readChar)
    readInt                                  0x0800398b   Thumb Code    26  mqttpacket.o(i.readInt)
    readMQTTLenString                        0x080039a5   Thumb Code    58  mqttpacket.o(i.readMQTTLenString)
    realloc                                  0x080039e1   Thumb Code   102  mallocr.o(i.realloc)
    recv                                     0x08003a4d   Thumb Code    66  socket.o(i.recv)
    recv_data_processing                     0x08003a91   Thumb Code   116  w5500.o(i.recv_data_processing)
    send                                     0x08003b25   Thumb Code   216  socket.o(i.send)
    send_data_processing                     0x08003c11   Thumb Code   108  w5500.o(i.send_data_processing)
    setGAR                                   0x08003c7d   Thumb Code    16  w5500.o(i.setGAR)
    setRCR                                   0x08003c8d   Thumb Code    16  w5500.o(i.setRCR)
    setRTR                                   0x08003c9d   Thumb Code    26  w5500.o(i.setRTR)
    setSHAR                                  0x08003cb7   Thumb Code    18  w5500.o(i.setSHAR)
    setSIPR                                  0x08003cc9   Thumb Code    18  w5500.o(i.setSIPR)
    setSUBR                                  0x08003cdb   Thumb Code    18  w5500.o(i.setSUBR)
    setSn_IR                                 0x08003ced   Thumb Code    22  w5500.o(i.setSn_IR)
    set_default                              0x08003d05   Thumb Code    94  device.o(i.set_default)
    set_network                              0x08003d81   Thumb Code   146  device.o(i.set_network)
    setkeepalive                             0x08003e75   Thumb Code    20  w5500.o(i.setkeepalive)
    socket                                   0x08003e89   Thumb Code   192  socket.o(i.socket)
    sysinit                                  0x08003f55   Thumb Code   302  w5500.o(i.sysinit)
    tcpc                                     0x0800408d   Thumb Code   516  tcpc.o(i.tcpc)
    transport_getdata                        0x0800437d   Thumb Code    22  transport.o(i.transport_getdata)
    wiz_read_buf                             0x080043b9   Thumb Code    78  w5500.o(i.wiz_read_buf)
    wiz_write_buf                            0x08004421   Thumb Code    80  w5500.o(i.wiz_write_buf)
    writeCString                             0x08004489   Thumb Code    40  mqttpacket.o(i.writeCString)
    writeChar                                0x080044b1   Thumb Code    12  mqttpacket.o(i.writeChar)
    writeInt                                 0x080044bd   Thumb Code    48  mqttpacket.o(i.writeInt)
    writeMQTTString                          0x080044ed   Thumb Code    62  mqttpacket.o(i.writeMQTTString)
    __ctype_categories                       0x08004584   Data          64  ctype_c.o(.constdata)
    Region$$Table$$Base                      0x080045c4   Number         0  anon$$obj.o(Region$$Table)
    Region$$Table$$Limit                     0x080045e4   Number         0  anon$$obj.o(Region$$Table)
    txsize                                   0x20000014   Data           8  device.o(.data)
    rxsize                                   0x2000001c   Data           8  device.o(.data)
    USART_RX_STA                             0x2000002a   Data           2  usart.o(.data)
    CONNECT_FLAG                             0x2000002c   Data           1  tcpc.o(.data)
    SUB_FLAG                                 0x2000002d   Data           1  tcpc.o(.data)
    count                                    0x2000002e   Data           1  tcpc.o(.data)
    __stdout                                 0x20000048   Data           4  stdout.o(.data)
    __microlib_freelist                      0x2000004c   Data           4  mvars.o(.data)
    __microlib_freelist_initialised          0x20000050   Data           4  mvars.o(.data)
    ConfigMsg                                0x20000054   Data          33  device.o(.bss)
    RecvMsg                                  0x20000075   Data          33  device.o(.bss)
    pub_buf                                  0x20000096   Data        1460  device.o(.bss)
    USART_RX_BUF                             0x2000064a   Data         200  usart.o(.bss)
    __heap_base                              0x20000738   Data           0  startup_stm32f10x_hd.o(HEAP)
    __heap_limit                             0x20001338   Data           0  startup_stm32f10x_hd.o(HEAP)
    __initial_sp                             0x20002238   Data           0  startup_stm32f10x_hd.o(STACK)



==============================================================================

Memory Map of the image

  Image Entry point : 0x08000131

  Load Region LR_IROM1 (Base: 0x08000000, Size: 0x00004638, Max: 0x00040000, ABSOLUTE)

    Execution Region ER_IROM1 (Exec base: 0x08000000, Load base: 0x08000000, Size: 0x000045e4, Max: 0x00040000, ABSOLUTE)

    Exec Addr    Load Addr    Size         Type   Attr      Idx    E Section Name        Object

    0x08000000   0x08000000   0x00000130   Data   RO         1358    RESET               startup_stm32f10x_hd.o
    0x08000130   0x08000130   0x00000000   Code   RO         3240  * .ARM.Collect$$$$00000000  mc_w.l(entry.o)
    0x08000130   0x08000130   0x00000004   Code   RO         3580    .ARM.Collect$$$$00000001  mc_w.l(entry2.o)
    0x08000134   0x08000134   0x00000004   Code   RO         3583    .ARM.Collect$$$$00000004  mc_w.l(entry5.o)
    0x08000138   0x08000138   0x00000000   Code   RO         3585    .ARM.Collect$$$$00000008  mc_w.l(entry7b.o)
    0x08000138   0x08000138   0x00000000   Code   RO         3587    .ARM.Collect$$$$0000000A  mc_w.l(entry8b.o)
    0x08000138   0x08000138   0x00000008   Code   RO         3588    .ARM.Collect$$$$0000000B  mc_w.l(entry9a.o)
    0x08000140   0x08000140   0x00000000   Code   RO         3590    .ARM.Collect$$$$0000000D  mc_w.l(entry10a.o)
    0x08000140   0x08000140   0x00000000   Code   RO         3592    .ARM.Collect$$$$0000000F  mc_w.l(entry11a.o)
    0x08000140   0x08000140   0x00000004   Code   RO         3581    .ARM.Collect$$$$00002712  mc_w.l(entry2.o)
    0x08000144   0x08000144   0x00000024   Code   RO         1359    .text               startup_stm32f10x_hd.o
    0x08000168   0x08000168   0x00000024   Code   RO         3245    .text               mc_w.l(memcpya.o)
    0x0800018c   0x0800018c   0x00000024   Code   RO         3247    .text               mc_w.l(memseta.o)
    0x080001b0   0x080001b0   0x0000000e   Code   RO         3253    .text               mc_w.l(strlen.o)
    0x080001be   0x080001be   0x00000012   Code   RO         3259    .text               mc_w.l(strcpy.o)
    0x080001d0   0x080001d0   0x00000038   Code   RO         3560    .text               mc_w.l(__0sscanf.o)
    0x08000208   0x08000208   0x00000360   Code   RO         3562    .text               mc_w.l(scanf_fp.o)
    0x08000568   0x08000568   0x0000014e   Code   RO         3566    .text               mf_w.l(dadd.o)
    0x080006b6   0x080006b6   0x000000e4   Code   RO         3568    .text               mf_w.l(dmul.o)
    0x0800079a   0x0800079a   0x00000002   PAD
    0x0800079c   0x0800079c   0x00000030   Code   RO         3576    .text               mf_w.l(cdcmple.o)
    0x080007cc   0x080007cc   0x00000030   Code   RO         3578    .text               mf_w.l(cdrcmple.o)
    0x080007fc   0x080007fc   0x0000002c   Code   RO         3595    .text               mc_w.l(uidiv.o)
    0x08000828   0x08000828   0x00000062   Code   RO         3597    .text               mc_w.l(uldiv.o)
    0x0800088a   0x0800088a   0x0000001e   Code   RO         3599    .text               mc_w.l(llshl.o)
    0x080008a8   0x080008a8   0x00000020   Code   RO         3601    .text               mc_w.l(llushr.o)
    0x080008c8   0x080008c8   0x00000024   Code   RO         3603    .text               mc_w.l(llsshr.o)
    0x080008ec   0x080008ec   0x00000028   Code   RO         3607    .text               mc_w.l(scanf_char.o)
    0x08000914   0x08000914   0x00000040   Code   RO         3609    .text               mc_w.l(_sgetc.o)
    0x08000954   0x08000954   0x00000000   Code   RO         3613    .text               mc_w.l(iusefp.o)
    0x08000954   0x08000954   0x000000ba   Code   RO         3614    .text               mf_w.l(depilogue.o)
    0x08000a0e   0x08000a0e   0x000000de   Code   RO         3616    .text               mf_w.l(ddiv.o)
    0x08000aec   0x08000aec   0x00000018   Code   RO         3618    .text               mf_w.l(dfltul.o)
    0x08000b04   0x08000b04   0x00000030   Code   RO         3620    .text               mf_w.l(dfixul.o)
    0x08000b34   0x08000b34   0x00000038   Code   RO         3622    .text               mf_w.l(d2f.o)
    0x08000b6c   0x08000b6c   0x00000024   Code   RO         3624    .text               mc_w.l(init.o)
    0x08000b90   0x08000b90   0x0000000a   Code   RO         3626    .text               mc_w.l(isspace_c.o)
    0x08000b9a   0x08000b9a   0x00000002   PAD
    0x08000b9c   0x08000b9c   0x0000032c   Code   RO         3628    .text               mc_w.l(_scanf.o)
    0x08000ec8   0x08000ec8   0x0000006e   Code   RO         3630    .text               mf_w.l(fepilogue.o)
    0x08000f36   0x08000f36   0x00000002   PAD
    0x08000f38   0x08000f38   0x00000028   Code   RO         3632    .text               mc_w.l(ctype_c.o)
    0x08000f60   0x08000f60   0x00000004   Code   RO         1451    i.BusFault_Handler  stm32f10x_it.o
    0x08000f64   0x08000f64   0x00000002   Code   RO         1452    i.DebugMon_Handler  stm32f10x_it.o
    0x08000f66   0x08000f66   0x00000002   PAD
    0x08000f68   0x08000f68   0x0000003c   Code   RO         1677    i.Delay_ms          ult.o
    0x08000fa4   0x08000fa4   0x0000003c   Code   RO         1679    i.Delay_us          ult.o
    0x08000fe0   0x08000fe0   0x00000094   Code   RO         1514    i.GPIO_Configuration  device.o
    0x08001074   0x08001074   0x00000116   Code   RO            7    i.GPIO_Init         stm32f10x_gpio.o
    0x0800118a   0x0800118a   0x00000004   Code   RO           14    i.GPIO_ResetBits    stm32f10x_gpio.o
    0x0800118e   0x0800118e   0x00000004   Code   RO           15    i.GPIO_SetBits      stm32f10x_gpio.o
    0x08001192   0x08001192   0x00000004   Code   RO         1453    i.HardFault_Handler  stm32f10x_it.o
    0x08001196   0x08001196   0x0000000a   Code   RO         1820    i.IINCHIP_CSoff     w5500.o
    0x080011a0   0x080011a0   0x0000000a   Code   RO         1821    i.IINCHIP_CSon      w5500.o
    0x080011aa   0x080011aa   0x00000032   Code   RO         1822    i.IINCHIP_READ      w5500.o
    0x080011dc   0x080011dc   0x0000000c   Code   RO         1823    i.IINCHIP_SpiSendData  w5500.o
    0x080011e8   0x080011e8   0x00000032   Code   RO         1824    i.IINCHIP_WRITE     w5500.o
    0x0800121a   0x0800121a   0x00000002   PAD
    0x0800121c   0x0800121c   0x00000050   Code   RO         2505    i.MQTTConnectMessage  transport.o
    0x0800126c   0x0800126c   0x000000a8   Code   RO         2189    i.MQTTDeserialize_publish  mqttdeserializepublish.o
    0x08001314   0x08001314   0x00000080   Code   RO         2080    i.MQTTJSON_Online   cjson_test.o
    0x08001394   0x08001394   0x00000058   Code   RO         2264    i.MQTTPacket_decode  mqttpacket.o
    0x080013ec   0x080013ec   0x0000001c   Code   RO         2265    i.MQTTPacket_decodeBuf  mqttpacket.o
    0x08001408   0x08001408   0x00000036   Code   RO         2267    i.MQTTPacket_encode  mqttpacket.o
    0x0800143e   0x0800143e   0x00000002   PAD
    0x08001440   0x08001440   0x00000028   Code   RO         2269    i.MQTTPacket_len    mqttpacket.o
    0x08001468   0x08001468   0x00000066   Code   RO         2270    i.MQTTPacket_read   mqttpacket.o
    0x080014ce   0x080014ce   0x0000001a   Code   RO         2506    i.MQTTParseHeader   transport.o
    0x080014e8   0x080014e8   0x00000168   Code   RO         2123    i.MQTTSerialize_connect  mqttconnectclient.o
    0x08001650   0x08001650   0x00000076   Code   RO         2124    i.MQTTSerialize_connectLength  mqttconnectclient.o
    0x080016c6   0x080016c6   0x000000b0   Code   RO         2382    i.MQTTSerialize_publish  mqttserializepublish.o
    0x08001776   0x08001776   0x00000022   Code   RO         2383    i.MQTTSerialize_publishLength  mqttserializepublish.o
    0x08001798   0x08001798   0x000000b0   Code   RO         2422    i.MQTTSerialize_subscribe  mqttsubscribeclient.o
    0x08001848   0x08001848   0x0000002e   Code   RO         2423    i.MQTTSerialize_subscribeLength  mqttsubscribeclient.o
    0x08001876   0x08001876   0x00000052   Code   RO         2508    i.MQTTSubscribeMessage  transport.o
    0x080018c8   0x080018c8   0x00000018   Code   RO         2272    i.MQTTstrlen        mqttpacket.o
    0x080018e0   0x080018e0   0x00000004   Code   RO         1454    i.MemManage_Handler  stm32f10x_it.o
    0x080018e4   0x080018e4   0x00000002   Code   RO         1455    i.NMI_Handler       stm32f10x_it.o
    0x080018e6   0x080018e6   0x00000034   Code   RO         1515    i.NVIC_Configuration  device.o
    0x0800191a   0x0800191a   0x00000002   PAD
    0x0800191c   0x0800191c   0x00000070   Code   RO          727    i.NVIC_Init         misc.o
    0x0800198c   0x0800198c   0x00000014   Code   RO          728    i.NVIC_PriorityGroupConfig  misc.o
    0x080019a0   0x080019a0   0x00000014   Code   RO          729    i.NVIC_SetVectorTable  misc.o
    0x080019b4   0x080019b4   0x00000002   Code   RO         1456    i.PendSV_Handler    stm32f10x_it.o
    0x080019b6   0x080019b6   0x00000002   PAD
    0x080019b8   0x080019b8   0x00000020   Code   RO          205    i.RCC_APB1PeriphClockCmd  stm32f10x_rcc.o
    0x080019d8   0x080019d8   0x00000020   Code   RO          207    i.RCC_APB2PeriphClockCmd  stm32f10x_rcc.o
    0x080019f8   0x080019f8   0x000000d4   Code   RO          215    i.RCC_GetClocksFreq  stm32f10x_rcc.o
    0x08001acc   0x08001acc   0x0000002c   Code   RO         1516    i.Reset_W5500       device.o
    0x08001af8   0x08001af8   0x00000038   Code   RO         1647    i.SPI2_SendByte     spi2.o
    0x08001b30   0x08001b30   0x00000018   Code   RO          408    i.SPI_Cmd           stm32f10x_spi.o
    0x08001b48   0x08001b48   0x00000012   Code   RO          416    i.SPI_I2S_GetFlagStatus  stm32f10x_spi.o
    0x08001b5a   0x08001b5a   0x00000006   Code   RO          419    i.SPI_I2S_ReceiveData  stm32f10x_spi.o
    0x08001b60   0x08001b60   0x00000004   Code   RO          420    i.SPI_I2S_SendData  stm32f10x_spi.o
    0x08001b64   0x08001b64   0x0000003c   Code   RO          421    i.SPI_Init          stm32f10x_spi.o
    0x08001ba0   0x08001ba0   0x00000002   Code   RO         1457    i.SVC_Handler       stm32f10x_it.o
    0x08001ba2   0x08001ba2   0x00000008   Code   RO         1322    i.SetSysClock       system_stm32f10x.o
    0x08001baa   0x08001baa   0x00000002   PAD
    0x08001bac   0x08001bac   0x000000e0   Code   RO         1323    i.SetSysClockTo72   system_stm32f10x.o
    0x08001c8c   0x08001c8c   0x00000002   Code   RO         1458    i.SysTick_Handler   stm32f10x_it.o
    0x08001c8e   0x08001c8e   0x00000002   PAD
    0x08001c90   0x08001c90   0x00000060   Code   RO         1325    i.SystemInit        system_stm32f10x.o
    0x08001cf0   0x08001cf0   0x00000040   Code   RO         1680    i.Systick_Init      ult.o
    0x08001d30   0x08001d30   0x00000028   Code   RO         2104    i.TIM3_IRQHandler   timer.o
    0x08001d58   0x08001d58   0x00000058   Code   RO         2105    i.TIM3_Int_Init     timer.o
    0x08001db0   0x08001db0   0x00000006   Code   RO          774    i.TIM_ClearITPendingBit  stm32f10x_tim.o
    0x08001db6   0x08001db6   0x00000018   Code   RO          779    i.TIM_Cmd           stm32f10x_tim.o
    0x08001dce   0x08001dce   0x00000022   Code   RO          800    i.TIM_GetITStatus   stm32f10x_tim.o
    0x08001df0   0x08001df0   0x00000012   Code   RO          804    i.TIM_ITConfig      stm32f10x_tim.o
    0x08001e02   0x08001e02   0x00000002   PAD
    0x08001e04   0x08001e04   0x000000a4   Code   RO          850    i.TIM_TimeBaseInit  stm32f10x_tim.o
    0x08001ea8   0x08001ea8   0x00000088   Code   RO         1777    i.USART1_IRQHandler  usart.o
    0x08001f30   0x08001f30   0x00000084   Code   RO         1778    i.USART1_Init       usart.o
    0x08001fb4   0x08001fb4   0x00000018   Code   RO          551    i.USART_Cmd         stm32f10x_usart.o
    0x08001fcc   0x08001fcc   0x0000001a   Code   RO          554    i.USART_GetFlagStatus  stm32f10x_usart.o
    0x08001fe6   0x08001fe6   0x00000054   Code   RO          555    i.USART_GetITStatus  stm32f10x_usart.o
    0x0800203a   0x0800203a   0x0000004a   Code   RO          557    i.USART_ITConfig    stm32f10x_usart.o
    0x08002084   0x08002084   0x000000d8   Code   RO          558    i.USART_Init        stm32f10x_usart.o
    0x0800215c   0x0800215c   0x0000000a   Code   RO          565    i.USART_ReceiveData  stm32f10x_usart.o
    0x08002166   0x08002166   0x00000008   Code   RO          568    i.USART_SendData    stm32f10x_usart.o
    0x0800216e   0x0800216e   0x00000004   Code   RO         1459    i.UsageFault_Handler  stm32f10x_it.o
    0x08002172   0x08002172   0x00000002   PAD
    0x08002174   0x08002174   0x00000024   Code   RO         1648    i.WIZ_CS            spi2.o
    0x08002198   0x08002198   0x000000a8   Code   RO         1649    i.WIZ_SPI_Init      spi2.o
    0x08002240   0x08002240   0x00000020   Code   RO         3504    i.__0printf         mc_w.l(printfa.o)
    0x08002260   0x08002260   0x00000028   Code   RO         3506    i.__0sprintf        mc_w.l(printfa.o)
    0x08002288   0x08002288   0x0000005c   Code   RO         3536    i.__free$realloc    mc_w.l(mallocr.o)
    0x080022e4   0x080022e4   0x00000050   Code   RO         3537    i.__malloc$realloc  mc_w.l(mallocr.o)
    0x08002334   0x08002334   0x0000000e   Code   RO         3637    i.__scatterload_copy  mc_w.l(handlers.o)
    0x08002342   0x08002342   0x00000002   Code   RO         3638    i.__scatterload_null  mc_w.l(handlers.o)
    0x08002344   0x08002344   0x0000000e   Code   RO         3639    i.__scatterload_zeroinit  mc_w.l(handlers.o)
    0x08002352   0x08002352   0x00000002   PAD
    0x08002354   0x08002354   0x00000184   Code   RO         3511    i._fp_digits        mc_w.l(printfa.o)
    0x080024d8   0x080024d8   0x0000000e   Code   RO         3564    i._is_digit         mc_w.l(scanf_fp.o)
    0x080024e6   0x080024e6   0x00000002   PAD
    0x080024e8   0x080024e8   0x000006dc   Code   RO         3512    i._printf_core      mc_w.l(printfa.o)
    0x08002bc4   0x08002bc4   0x00000024   Code   RO         3513    i._printf_post_padding  mc_w.l(printfa.o)
    0x08002be8   0x08002be8   0x0000002e   Code   RO         3514    i._printf_pre_padding  mc_w.l(printfa.o)
    0x08002c16   0x08002c16   0x0000000a   Code   RO         3516    i._sputc            mc_w.l(printfa.o)
    0x08002c20   0x08002c20   0x00000036   Code   RO         2560    i.add_item_to_array  cjson.o
    0x08002c56   0x08002c56   0x0000007a   Code   RO         2561    i.add_item_to_object  cjson.o
    0x08002cd0   0x08002cd0   0x00000028   Code   RO         2273    i.bufchar           mqttpacket.o
    0x08002cf8   0x08002cf8   0x00000020   Code   RO         2569    i.cJSON_AddItemToObject  cjson.o
    0x08002d18   0x08002d18   0x00000018   Code   RO         2587    i.cJSON_CreateObject  cjson.o
    0x08002d30   0x08002d30   0x00000034   Code   RO         2590    i.cJSON_CreateString  cjson.o
    0x08002d64   0x08002d64   0x00000058   Code   RO         2594    i.cJSON_Delete      cjson.o
    0x08002dbc   0x08002dbc   0x0000001a   Code   RO         2624    i.cJSON_New_Item    cjson.o
    0x08002dd6   0x08002dd6   0x00000002   PAD
    0x08002dd8   0x08002dd8   0x00000014   Code   RO         2632    i.cJSON_PrintUnformatted  cjson.o
    0x08002dec   0x08002dec   0x00000038   Code   RO         2642    i.cJSON_strdup      cjson.o
    0x08002e24   0x08002e24   0x00000002   Code   RO         2644    i.cast_away_const   cjson.o
    0x08002e26   0x08002e26   0x00000034   Code   RO         1574    i.close             socket.o
    0x08002e5a   0x08002e5a   0x00000002   PAD
    0x08002e5c   0x08002e5c   0x00000074   Code   RO         2645    i.compare_double    cjson.o
    0x08002ed0   0x08002ed0   0x000000f8   Code   RO         1575    i.connect           socket.o
    0x08002fc8   0x08002fc8   0x000000b8   Code   RO         2647    i.ensure            cjson.o
    0x08003080   0x08003080   0x00000024   Code   RO         1781    i.fputc             usart.o
    0x080030a4   0x080030a4   0x00000010   Code   RO         1826    i.getGAR            w5500.o
    0x080030b4   0x080030b4   0x00000010   Code   RO         1829    i.getIINCHIP_TxMAX  w5500.o
    0x080030c4   0x080030c4   0x00000012   Code   RO         1833    i.getSIPR           w5500.o
    0x080030d6   0x080030d6   0x00000012   Code   RO         1834    i.getSUBR           w5500.o
    0x080030e8   0x080030e8   0x00000012   Code   RO         1835    i.getSn_IR          w5500.o
    0x080030fa   0x080030fa   0x00000054   Code   RO         1836    i.getSn_RX_RSR      w5500.o
    0x0800314e   0x0800314e   0x00000012   Code   RO         1837    i.getSn_SR          w5500.o
    0x08003160   0x08003160   0x00000054   Code   RO         1838    i.getSn_TX_FSR      w5500.o
    0x080031b4   0x080031b4   0x00000004   Code   RO         2649    i.get_decimal_point  cjson.o
    0x080031b8   0x080031b8   0x00000050   Code   RO         3538    i.internal_alloc    mc_w.l(mallocr.o)
    0x08003208   0x08003208   0x000000e8   Code   RO         1363    i.main              main.o
    0x080032f0   0x080032f0   0x000000b2   Code   RO         2658    i.print             cjson.o
    0x080033a2   0x080033a2   0x000000b2   Code   RO         2659    i.print_array       cjson.o
    0x08003454   0x08003454   0x0000012c   Code   RO         2660    i.print_number      cjson.o
    0x08003580   0x08003580   0x00000174   Code   RO         2661    i.print_object      cjson.o
    0x080036f4   0x080036f4   0x00000010   Code   RO         2662    i.print_string      cjson.o
    0x08003704   0x08003704   0x00000174   Code   RO         2663    i.print_string_ptr  cjson.o
    0x08003878   0x08003878   0x00000104   Code   RO         2664    i.print_value       cjson.o
    0x0800397c   0x0800397c   0x0000000e   Code   RO         2275    i.readChar          mqttpacket.o
    0x0800398a   0x0800398a   0x0000001a   Code   RO         2276    i.readInt           mqttpacket.o
    0x080039a4   0x080039a4   0x0000003a   Code   RO         2277    i.readMQTTLenString  mqttpacket.o
    0x080039de   0x080039de   0x00000002   PAD
    0x080039e0   0x080039e0   0x0000006c   Code   RO         3539    i.realloc           mc_w.l(mallocr.o)
    0x08003a4c   0x08003a4c   0x00000042   Code   RO         1578    i.recv              socket.o
    0x08003a8e   0x08003a8e   0x00000002   PAD
    0x08003a90   0x08003a90   0x00000094   Code   RO         1841    i.recv_data_processing  w5500.o
    0x08003b24   0x08003b24   0x000000ec   Code   RO         1580    i.send              socket.o
    0x08003c10   0x08003c10   0x0000006c   Code   RO         1842    i.send_data_processing  w5500.o
    0x08003c7c   0x08003c7c   0x00000010   Code   RO         1843    i.setGAR            w5500.o
    0x08003c8c   0x08003c8c   0x00000010   Code   RO         1845    i.setRCR            w5500.o
    0x08003c9c   0x08003c9c   0x0000001a   Code   RO         1846    i.setRTR            w5500.o
    0x08003cb6   0x08003cb6   0x00000012   Code   RO         1847    i.setSHAR           w5500.o
    0x08003cc8   0x08003cc8   0x00000012   Code   RO         1848    i.setSIPR           w5500.o
    0x08003cda   0x08003cda   0x00000012   Code   RO         1849    i.setSUBR           w5500.o
    0x08003cec   0x08003cec   0x00000016   Code   RO         1850    i.setSn_IR          w5500.o
    0x08003d02   0x08003d02   0x00000002   PAD
    0x08003d04   0x08003d04   0x0000007c   Code   RO         1518    i.set_default       device.o
    0x08003d80   0x08003d80   0x000000f4   Code   RO         1519    i.set_network       device.o
    0x08003e74   0x08003e74   0x00000014   Code   RO         1853    i.setkeepalive      w5500.o
    0x08003e88   0x08003e88   0x000000c4   Code   RO         1583    i.socket            socket.o
    0x08003f4c   0x08003f4c   0x00000006   Code   RO         2669    i.suffix_object     cjson.o
    0x08003f52   0x08003f52   0x00000002   PAD
    0x08003f54   0x08003f54   0x00000138   Code   RO         1854    i.sysinit           w5500.o
    0x0800408c   0x0800408c   0x000002f0   Code   RO         2061    i.tcpc              tcpc.o
    0x0800437c   0x0800437c   0x00000016   Code   RO         2510    i.transport_getdata  transport.o
    0x08004392   0x08004392   0x00000024   Code   RO         2670    i.update_offset     cjson.o
    0x080043b6   0x080043b6   0x00000002   PAD
    0x080043b8   0x080043b8   0x00000068   Code   RO         1855    i.wiz_read_buf      w5500.o
    0x08004420   0x08004420   0x00000068   Code   RO         1856    i.wiz_write_buf     w5500.o
    0x08004488   0x08004488   0x00000028   Code   RO         2278    i.writeCString      mqttpacket.o
    0x080044b0   0x080044b0   0x0000000c   Code   RO         2279    i.writeChar         mqttpacket.o
    0x080044bc   0x080044bc   0x00000030   Code   RO         2280    i.writeInt          mqttpacket.o
    0x080044ec   0x080044ec   0x0000003e   Code   RO         2281    i.writeMQTTString   mqttpacket.o
    0x0800452a   0x0800452a   0x00000002   PAD
    0x0800452c   0x0800452c   0x00000058   Data   RO         2513    .constdata          transport.o
    0x08004584   0x08004584   0x00000040   Data   RO         3633    .constdata          mc_w.l(ctype_c.o)
    0x080045c4   0x080045c4   0x00000020   Data   RO         3635    Region$$Table       anon$$obj.o


    Execution Region RW_IRAM1 (Exec base: 0x20000000, Load base: 0x080045e4, Size: 0x00002238, Max: 0x0000c000, ABSOLUTE)

    Exec Addr    Load Addr    Size         Type   Attr      Idx    E Section Name        Object

    0x20000000   0x080045e4   0x00000014   Data   RW          235    .data               stm32f10x_rcc.o
    0x20000014   0x080045f8   0x00000010   Data   RW         1521    .data               device.o
    0x20000024   0x08004608   0x00000002   Data   RW         1584    .data               socket.o
    0x20000026   0x0800460a   0x00000004   Data   RW         1688    .data               ult.o
    0x2000002a   0x0800460e   0x00000002   Data   RW         1783    .data               usart.o
    0x2000002c   0x08004610   0x00000003   Data   RW         2062    .data               tcpc.o
    0x2000002f   0x08004613   0x00000001   PAD
    0x20000030   0x08004614   0x00000004   Data   RW         2282    .data               mqttpacket.o
    0x20000034   0x08004618   0x00000014   Data   RW         2673    .data               cjson.o
    0x20000048   0x0800462c   0x00000004   Data   RW         3594    .data               mc_w.l(stdout.o)
    0x2000004c   0x08004630   0x00000004   Data   RW         3605    .data               mc_w.l(mvars.o)
    0x20000050   0x08004634   0x00000004   Data   RW         3606    .data               mc_w.l(mvars.o)
    0x20000054        -       0x000005f6   Zero   RW         1520    .bss                device.o
    0x2000064a        -       0x000000c8   Zero   RW         1782    .bss                usart.o
    0x20000712        -       0x00000020   Zero   RW         1857    .bss                w5500.o
    0x20000732   0x08004638   0x00000006   PAD
    0x20000738        -       0x00000c00   Zero   RW         1357    HEAP                startup_stm32f10x_hd.o
    0x20001338        -       0x00000f00   Zero   RW         1356    STACK               startup_stm32f10x_hd.o


==============================================================================

Image component sizes


      Code (inc. data)   RO Data    RW Data    ZI Data      Debug   Object Name

      2498         96          0         20          0      23841   cjson.o
       128         36          0          0          0       1002   cjson_test.o
         0          0          0          0          0         32   core_cm3.o
       612        148          0         16       1526       5408   device.o
       232        114          0          0          0       6807   main.o
       152         30          0          0          0       2045   misc.o
       478         18          0          0          0       2038   mqttconnectclient.o
       168          0          0          0          0       1622   mqttdeserializepublish.o
       636         18          0          4          0       9310   mqttpacket.o
       210          0          0          0          0       1754   mqttserializepublish.o
       222          0          0          0          0       2186   mqttsubscribeclient.o
       798         24          0          2          0       4164   socket.o
       260         18          0          0          0       1648   spi2.o
        36          8        304          0       6912        796   startup_stm32f10x_hd.o
       286          0          0          0          0     262744   stm32f10x_gpio.o
        26          0          0          0          0       4030   stm32f10x_it.o
       276         32          0         20          0       4406   stm32f10x_rcc.o
       112          0          0          0          0       3790   stm32f10x_spi.o
       246         42          0          0          0       3514   stm32f10x_tim.o
       442          6          0          0          0       6105   stm32f10x_usart.o
       328         28          0          0          0       1873   system_stm32f10x.o
       752        236          0          3          0       2241   tcpc.o
       128         14          0          0          0       1102   timer.o
       210          6         88          0          0       2946   transport.o
       184         16          0          4          0       1693   ult.o
       304         26          0          2        200       2306   usart.o
      1334         98          0          0         32      15858   w5500.o

    ----------------------------------------------------------------------
     11092       1014        424         72       8676     375261   Object Totals
         0          0         32          0          0          0   (incl. Generated)
        34          0          0          1          6          0   (incl. Padding)

    ----------------------------------------------------------------------

      Code (inc. data)   RO Data    RW Data    ZI Data      Debug   Library Member Name

        56          8          0          0          0         84   __0sscanf.o
       812          4          0          0          0        112   _scanf.o
        64          0          0          0          0         84   _sgetc.o
        40          6         64          0          0         68   ctype_c.o
         0          0          0          0          0          0   entry.o
         0          0          0          0          0          0   entry10a.o
         0          0          0          0          0          0   entry11a.o
         8          4          0          0          0          0   entry2.o
         4          0          0          0          0          0   entry5.o
         0          0          0          0          0          0   entry7b.o
         0          0          0          0          0          0   entry8b.o
         8          4          0          0          0          0   entry9a.o
        30          0          0          0          0          0   handlers.o
        36          8          0          0          0         68   init.o
        10          0          0          0          0         68   isspace_c.o
         0          0          0          0          0          0   iusefp.o
        30          0          0          0          0         68   llshl.o
        36          0          0          0          0         68   llsshr.o
        32          0          0          0          0         68   llushr.o
       360         30          0          0          0        356   mallocr.o
        36          0          0          0          0         68   memcpya.o
        36          0          0          0          0        108   memseta.o
         0          0          0          8          0          0   mvars.o
      2308         96          0          0          0        604   printfa.o
        40          8          0          0          0         84   scanf_char.o
       878         12          0          0          0        216   scanf_fp.o
         0          0          0          4          0          0   stdout.o
        18          0          0          0          0         68   strcpy.o
        14          0          0          0          0         68   strlen.o
        44          0          0          0          0         80   uidiv.o
        98          0          0          0          0         92   uldiv.o
        48          0          0          0          0         68   cdcmple.o
        48          0          0          0          0         68   cdrcmple.o
        56          0          0          0          0         88   d2f.o
       334          0          0          0          0        148   dadd.o
       222          0          0          0          0        100   ddiv.o
       186          0          0          0          0        176   depilogue.o
        48          0          0          0          0         68   dfixul.o
        24          0          0          0          0         76   dfltul.o
       228          0          0          0          0         96   dmul.o
       110          0          0          0          0        168   fepilogue.o

    ----------------------------------------------------------------------
      6312        180         64         12          0       3488   Library Totals
        10          0          0          0          0          0   (incl. Padding)

    ----------------------------------------------------------------------

      Code (inc. data)   RO Data    RW Data    ZI Data      Debug   Library Name

      4998        180         64         12          0       2432   mc_w.l
      1304          0          0          0          0       1056   mf_w.l

    ----------------------------------------------------------------------
      6312        180         64         12          0       3488   Library Totals

    ----------------------------------------------------------------------

==============================================================================


      Code (inc. data)   RO Data    RW Data    ZI Data      Debug   

     17404       1194        488         84       8676     370165   Grand Totals
     17404       1194        488         84       8676     370165   ELF Image Totals
     17404       1194        488         84          0          0   ROM Totals

==============================================================================

    Total RO  Size (Code + RO Data)                17892 (  17.47kB)
    Total RW  Size (RW Data + ZI Data)              8760 (   8.55kB)
    Total ROM Size (Code + RO Data + RW Data)      17976 (  17.55kB)

==============================================================================

